Archive member included to satisfy reference by file (symbol)

c:/st/stm32cubeide_1.5.0/stm32cubeide/plugins/com.st.stm32cube.ide.mcu.externaltools.gnu-tools-for-stm32.7-2018-q2-update.win32_1.5.0.202011040924/tools/bin/../lib/gcc/arm-none-eabi/7.3.1/../../../../arm-none-eabi/lib/thumb/v7e-m/fpv4-sp/hard\libc_nano.a(lib_a-errno.o)
                              Core/Src/syscalls.o (__errno)
c:/st/stm32cubeide_1.5.0/stm32cubeide/plugins/com.st.stm32cube.ide.mcu.externaltools.gnu-tools-for-stm32.7-2018-q2-update.win32_1.5.0.202011040924/tools/bin/../lib/gcc/arm-none-eabi/7.3.1/../../../../arm-none-eabi/lib/thumb/v7e-m/fpv4-sp/hard\libc_nano.a(lib_a-exit.o)
                              c:/st/stm32cubeide_1.5.0/stm32cubeide/plugins/com.st.stm32cube.ide.mcu.externaltools.gnu-tools-for-stm32.7-2018-q2-update.win32_1.5.0.202011040924/tools/bin/../lib/gcc/arm-none-eabi/7.3.1/../../../../arm-none-eabi/lib/thumb/v7e-m/fpv4-sp/hard/crt0.o (exit)
c:/st/stm32cubeide_1.5.0/stm32cubeide/plugins/com.st.stm32cube.ide.mcu.externaltools.gnu-tools-for-stm32.7-2018-q2-update.win32_1.5.0.202011040924/tools/bin/../lib/gcc/arm-none-eabi/7.3.1/../../../../arm-none-eabi/lib/thumb/v7e-m/fpv4-sp/hard\libc_nano.a(lib_a-impure.o)
                              c:/st/stm32cubeide_1.5.0/stm32cubeide/plugins/com.st.stm32cube.ide.mcu.externaltools.gnu-tools-for-stm32.7-2018-q2-update.win32_1.5.0.202011040924/tools/bin/../lib/gcc/arm-none-eabi/7.3.1/../../../../arm-none-eabi/lib/thumb/v7e-m/fpv4-sp/hard\libc_nano.a(lib_a-exit.o) (_global_impure_ptr)
c:/st/stm32cubeide_1.5.0/stm32cubeide/plugins/com.st.stm32cube.ide.mcu.externaltools.gnu-tools-for-stm32.7-2018-q2-update.win32_1.5.0.202011040924/tools/bin/../lib/gcc/arm-none-eabi/7.3.1/../../../../arm-none-eabi/lib/thumb/v7e-m/fpv4-sp/hard\libc_nano.a(lib_a-init.o)
                              c:/st/stm32cubeide_1.5.0/stm32cubeide/plugins/com.st.stm32cube.ide.mcu.externaltools.gnu-tools-for-stm32.7-2018-q2-update.win32_1.5.0.202011040924/tools/bin/../lib/gcc/arm-none-eabi/7.3.1/../../../../arm-none-eabi/lib/thumb/v7e-m/fpv4-sp/hard/crt0.o (__libc_init_array)
c:/st/stm32cubeide_1.5.0/stm32cubeide/plugins/com.st.stm32cube.ide.mcu.externaltools.gnu-tools-for-stm32.7-2018-q2-update.win32_1.5.0.202011040924/tools/bin/../lib/gcc/arm-none-eabi/7.3.1/../../../../arm-none-eabi/lib/thumb/v7e-m/fpv4-sp/hard\libc_nano.a(lib_a-memcpy-stub.o)
                              Core/Src/SX1278.o (memcpy)
c:/st/stm32cubeide_1.5.0/stm32cubeide/plugins/com.st.stm32cube.ide.mcu.externaltools.gnu-tools-for-stm32.7-2018-q2-update.win32_1.5.0.202011040924/tools/bin/../lib/gcc/arm-none-eabi/7.3.1/../../../../arm-none-eabi/lib/thumb/v7e-m/fpv4-sp/hard\libc_nano.a(lib_a-memset.o)
                              c:/st/stm32cubeide_1.5.0/stm32cubeide/plugins/com.st.stm32cube.ide.mcu.externaltools.gnu-tools-for-stm32.7-2018-q2-update.win32_1.5.0.202011040924/tools/bin/../lib/gcc/arm-none-eabi/7.3.1/../../../../arm-none-eabi/lib/thumb/v7e-m/fpv4-sp/hard/crt0.o (memset)
c:/st/stm32cubeide_1.5.0/stm32cubeide/plugins/com.st.stm32cube.ide.mcu.externaltools.gnu-tools-for-stm32.7-2018-q2-update.win32_1.5.0.202011040924/tools/bin/../lib/gcc/arm-none-eabi/7.3.1/../../../../arm-none-eabi/lib/thumb/v7e-m/fpv4-sp/hard\libc_nano.a(lib_a-strlen.o)
                              Core/Src/SX1278.o (strlen)
c:/st/stm32cubeide_1.5.0/stm32cubeide/plugins/com.st.stm32cube.ide.mcu.externaltools.gnu-tools-for-stm32.7-2018-q2-update.win32_1.5.0.202011040924/tools/bin/../lib/gcc/arm-none-eabi/7.3.1/thumb/v7e-m/fpv4-sp/hard\libgcc.a(_aeabi_uldivmod.o)
                              Core/Src/SX1278.o (__aeabi_uldivmod)
c:/st/stm32cubeide_1.5.0/stm32cubeide/plugins/com.st.stm32cube.ide.mcu.externaltools.gnu-tools-for-stm32.7-2018-q2-update.win32_1.5.0.202011040924/tools/bin/../lib/gcc/arm-none-eabi/7.3.1/thumb/v7e-m/fpv4-sp/hard\libgcc.a(_udivmoddi4.o)
                              c:/st/stm32cubeide_1.5.0/stm32cubeide/plugins/com.st.stm32cube.ide.mcu.externaltools.gnu-tools-for-stm32.7-2018-q2-update.win32_1.5.0.202011040924/tools/bin/../lib/gcc/arm-none-eabi/7.3.1/thumb/v7e-m/fpv4-sp/hard\libgcc.a(_aeabi_uldivmod.o) (__udivmoddi4)
c:/st/stm32cubeide_1.5.0/stm32cubeide/plugins/com.st.stm32cube.ide.mcu.externaltools.gnu-tools-for-stm32.7-2018-q2-update.win32_1.5.0.202011040924/tools/bin/../lib/gcc/arm-none-eabi/7.3.1/thumb/v7e-m/fpv4-sp/hard\libgcc.a(_dvmd_tls.o)
                              c:/st/stm32cubeide_1.5.0/stm32cubeide/plugins/com.st.stm32cube.ide.mcu.externaltools.gnu-tools-for-stm32.7-2018-q2-update.win32_1.5.0.202011040924/tools/bin/../lib/gcc/arm-none-eabi/7.3.1/thumb/v7e-m/fpv4-sp/hard\libgcc.a(_aeabi_uldivmod.o) (__aeabi_ldiv0)

Allocating common symbols
Common symbol       size              file

message_length      0x4               Core/Src/main.o
ack                 0x108             Core/Src/main.o
uwTick              0x4               Drivers/STM32WBxx_HAL_Driver/Src/stm32wbxx_hal.o
[...]
Memory Configuration

Name             Origin             Length             Attributes
FLASH            0x0000000008000000 0x0000000000080000 xr
RAM1             0x0000000020000004 0x000000000002fffc xrw
RAM_SHARED       0x0000000020030000 0x0000000000002800 xrw
*default*        0x0000000000000000 0xffffffffffffffff

Linker script and memory map

LOAD c:/st/stm32cubeide_1.5.0/stm32cubeide/plugins/com.st.stm32cube.ide.mcu.externaltools.gnu-tools-for-stm32.7-2018-q2-update.win32_1.5.0.202011040924/tools/bin/../lib/gcc/arm-none-eabi/7.3.1/thumb/v7e-m/fpv4-sp/hard/crti.o
LOAD c:/st/stm32cubeide_1.5.0/stm32cubeide/plugins/com.st.stm32cube.ide.mcu.externaltools.gnu-tools-for-stm32.7-2018-q2-update.win32_1.5.0.202011040924/tools/bin/../lib/gcc/arm-none-eabi/7.3.1/thumb/v7e-m/fpv4-sp/hard/crtbegin.o
LOAD c:/st/stm32cubeide_1.5.0/stm32cubeide/plugins/com.st.stm32cube.ide.mcu.externaltools.gnu-tools-for-stm32.7-2018-q2-update.win32_1.5.0.202011040924/tools/bin/../lib/gcc/arm-none-eabi/7.3.1/../../../../arm-none-eabi/lib/thumb/v7e-m/fpv4-sp/hard/crt0.o
LOAD Core/Src/SX1278.o
LOAD Core/Src/SX1278_hw.o
LOAD Core/Src/gpio.o
LOAD Core/Src/main.o
LOAD Core/Src/spi.o
LOAD Core/Src/stm32wbxx_hal_msp.o
LOAD Core/Src/stm32wbxx_it.o
LOAD Core/Src/syscalls.o
LOAD Core/Src/sysmem.o
LOAD Core/Src/system_stm32wbxx.o
LOAD Core/Src/usart.o
LOAD Core/Startup/startup_stm32wb55rgvx.o
LOAD Drivers/STM32WBxx_HAL_Driver/Src/stm32wbxx_hal.o
LOAD Drivers/STM32WBxx_HAL_Driver/Src/stm32wbxx_hal_cortex.o
LOAD Drivers/STM32WBxx_HAL_Driver/Src/stm32wbxx_hal_dma.o
LOAD Drivers/STM32WBxx_HAL_Driver/Src/stm32wbxx_hal_dma_ex.o
LOAD Drivers/STM32WBxx_HAL_Driver/Src/stm32wbxx_hal_exti.o
LOAD Drivers/STM32WBxx_HAL_Driver/Src/stm32wbxx_hal_flash.o
LOAD Drivers/STM32WBxx_HAL_Driver/Src/stm32wbxx_hal_flash_ex.o
LOAD Drivers/STM32WBxx_HAL_Driver/Src/stm32wbxx_hal_gpio.o
LOAD Drivers/STM32WBxx_HAL_Driver/Src/stm32wbxx_hal_hsem.o
LOAD Drivers/STM32WBxx_HAL_Driver/Src/stm32wbxx_hal_pwr.o
LOAD Drivers/STM32WBxx_HAL_Driver/Src/stm32wbxx_hal_pwr_ex.o
LOAD Drivers/STM32WBxx_HAL_Driver/Src/stm32wbxx_hal_rcc.o
LOAD Drivers/STM32WBxx_HAL_Driver/Src/stm32wbxx_hal_rcc_ex.o
LOAD Drivers/STM32WBxx_HAL_Driver/Src/stm32wbxx_hal_spi.o
LOAD Drivers/STM32WBxx_HAL_Driver/Src/stm32wbxx_hal_spi_ex.o
LOAD Drivers/STM32WBxx_HAL_Driver/Src/stm32wbxx_hal_tim.o
LOAD Drivers/STM32WBxx_HAL_Driver/Src/stm32wbxx_hal_tim_ex.o
LOAD Drivers/STM32WBxx_HAL_Driver/Src/stm32wbxx_hal_uart.o
LOAD Drivers/STM32WBxx_HAL_Driver/Src/stm32wbxx_hal_uart_ex.o
START GROUP
LOAD c:/st/stm32cubeide_1.5.0/stm32cubeide/plugins/com.st.stm32cube.ide.mcu.externaltools.gnu-tools-for-stm32.7-2018-q2-update.win32_1.5.0.202011040924/tools/bin/../lib/gcc/arm-none-eabi/7.3.1/../../../../arm-none-eabi/lib/thumb/v7e-m/fpv4-sp/hard\libc_nano.a
LOAD c:/st/stm32cubeide_1.5.0/stm32cubeide/plugins/com.st.stm32cube.ide.mcu.externaltools.gnu-tools-for-stm32.7-2018-q2-update.win32_1.5.0.202011040924/tools/bin/../lib/gcc/arm-none-eabi/7.3.1/../../../../arm-none-eabi/lib/thumb/v7e-m/fpv4-sp/hard\libm.a
END GROUP
START GROUP
LOAD c:/st/stm32cubeide_1.5.0/stm32cubeide/plugins/com.st.stm32cube.ide.mcu.externaltools.gnu-tools-for-stm32.7-2018-q2-update.win32_1.5.0.202011040924/tools/bin/../lib/gcc/arm-none-eabi/7.3.1/thumb/v7e-m/fpv4-sp/hard\libgcc.a
LOAD c:/st/stm32cubeide_1.5.0/stm32cubeide/plugins/com.st.stm32cube.ide.mcu.externaltools.gnu-tools-for-stm32.7-2018-q2-update.win32_1.5.0.202011040924/tools/bin/../lib/gcc/arm-none-eabi/7.3.1/../../../../arm-none-eabi/lib/thumb/v7e-m/fpv4-sp/hard\libc_nano.a
END GROUP
START GROUP
LOAD c:/st/stm32cubeide_1.5.0/stm32cubeide/plugins/com.st.stm32cube.ide.mcu.externaltools.gnu-tools-for-stm32.7-2018-q2-update.win32_1.5.0.202011040924/tools/bin/../lib/gcc/arm-none-eabi/7.3.1/thumb/v7e-m/fpv4-sp/hard\libgcc.a
LOAD c:/st/stm32cubeide_1.5.0/stm32cubeide/plugins/com.st.stm32cube.ide.mcu.externaltools.gnu-tools-for-stm32.7-2018-q2-update.win32_1.5.0.202011040924/tools/bin/../lib/gcc/arm-none-eabi/7.3.1/../../../../arm-none-eabi/lib/thumb/v7e-m/fpv4-sp/hard\libc_nano.a
LOAD c:/st/stm32cubeide_1.5.0/stm32cubeide/plugins/com.st.stm32cube.ide.mcu.externaltools.gnu-tools-for-stm32.7-2018-q2-update.win32_1.5.0.202011040924/tools/bin/../lib/gcc/arm-none-eabi/7.3.1/../../../../arm-none-eabi/lib/thumb/v7e-m/fpv4-sp/hard\libnosys.a
END GROUP
START GROUP
LOAD c:/st/stm32cubeide_1.5.0/stm32cubeide/plugins/com.st.stm32cube.ide.mcu.externaltools.gnu-tools-for-stm32.7-2018-q2-update.win32_1.5.0.202011040924/tools/bin/../lib/gcc/arm-none-eabi/7.3.1/thumb/v7e-m/fpv4-sp/hard\libgcc.a
LOAD c:/st/stm32cubeide_1.5.0/stm32cubeide/plugins/com.st.stm32cube.ide.mcu.externaltools.gnu-tools-for-stm32.7-2018-q2-update.win32_1.5.0.202011040924/tools/bin/../lib/gcc/arm-none-eabi/7.3.1/../../../../arm-none-eabi/lib/thumb/v7e-m/fpv4-sp/hard\libc_nano.a
LOAD c:/st/stm32cubeide_1.5.0/stm32cubeide/plugins/com.st.stm32cube.ide.mcu.externaltools.gnu-tools-for-stm32.7-2018-q2-update.win32_1.5.0.202011040924/tools/bin/../lib/gcc/arm-none-eabi/7.3.1/../../../../arm-none-eabi/lib/thumb/v7e-m/fpv4-sp/hard\libnosys.a
END GROUP
LOAD c:/st/stm32cubeide_1.5.0/stm32cubeide/plugins/com.st.stm32cube.ide.mcu.externaltools.gnu-tools-for-stm32.7-2018-q2-update.win32_1.5.0.202011040924/tools/bin/../lib/gcc/arm-none-eabi/7.3.1/thumb/v7e-m/fpv4-sp/hard/crtend.o
LOAD c:/st/stm32cubeide_1.5.0/stm32cubeide/plugins/com.st.stm32cube.ide.mcu.externaltools.gnu-tools-for-stm32.7-2018-q2-update.win32_1.5.0.202011040924/tools/bin/../lib/gcc/arm-none-eabi/7.3.1/thumb/v7e-m/fpv4-sp/hard/crtn.o
                0x0000000020030000                _estack = 0x20030000
                0x0000000000000200                _Min_Heap_Size = 0x200
                0x0000000000000400                _Min_Stack_Size = 0x400

.isr_vector     0x0000000008000000      0x13c
                0x0000000008000000                . = ALIGN (0x4)
 *(.isr_vector)
 .isr_vector    0x0000000008000000      0x13c Core/Startup/startup_stm32wb55rgvx.o
                0x0000000008000000                g_pfnVectors
                0x000000000800013c                . = ALIGN (0x4)

.text           0x0000000008000140     0x4d20
                0x0000000008000140                . = ALIGN (0x4)
 *(.text)
 .text          0x0000000008000140       0x40 c:/st/stm32cubeide_1.5.0/stm32cubeide/plugins/com.st.stm32cube.ide.mcu.externaltools.gnu-tools-for-stm32.7-2018-q2-update.win32_1.5.0.202011040924/tools/bin/../lib/gcc/arm-none-eabi/7.3.1/thumb/v7e-m/fpv4-sp/hard/crtbegin.o
 .text          0x0000000008000180       0x30 c:/st/stm32cubeide_1.5.0/stm32cubeide/plugins/com.st.stm32cube.ide.mcu.externaltools.gnu-tools-for-stm32.7-2018-q2-update.win32_1.5.0.202011040924/tools/bin/../lib/gcc/arm-none-eabi/7.3.1/thumb/v7e-m/fpv4-sp/hard\libgcc.a(_aeabi_uldivmod.o)
                0x0000000008000180                __aeabi_uldivmod
 .text          0x00000000080001b0      0x2cc c:/st/stm32cubeide_1.5.0/stm32cubeide/plugins/com.st.stm32cube.ide.mcu.externaltools.gnu-tools-for-stm32.7-2018-q2-update.win32_1.5.0.202011040924/tools/bin/../lib/gcc/arm-none-eabi/7.3.1/thumb/v7e-m/fpv4-sp/hard\libgcc.a(_udivmoddi4.o)
                0x00000000080001b0                __udivmoddi4
 .text          0x000000000800047c        0x4 c:/st/stm32cubeide_1.5.0/stm32cubeide/plugins/com.st.stm32cube.ide.mcu.externaltools.gnu-tools-for-stm32.7-2018-q2-update.win32_1.5.0.202011040924/tools/bin/../lib/gcc/arm-none-eabi/7.3.1/thumb/v7e-m/fpv4-sp/hard\libgcc.a(_dvmd_tls.o)
                0x000000000800047c                __aeabi_idiv0
                0x000000000800047c                __aeabi_ldiv0
 *(.text*)
 .text.SX1278_SPIRead
                0x0000000008000480       0x3e Core/Src/SX1278.o
                0x0000000008000480                SX1278_SPIRead
 .text.SX1278_SPIWrite
                0x00000000080004be       0x52 Core/Src/SX1278.o
                0x00000000080004be                SX1278_SPIWrite
 .text.SX1278_SPIBurstRead
                0x0000000008000510       0x72 Core/Src/SX1278.o
                0x0000000008000510                SX1278_SPIBurstRead
 .text.SX1278_SPIBurstWrite
                0x0000000008000582       0x76 Core/Src/SX1278.o
                0x0000000008000582                SX1278_SPIBurstWrite
 .text.SX1278_config
                0x00000000080005f8      0x214 Core/Src/SX1278.o
                0x00000000080005f8                SX1278_config
 .text.SX1278_standby
                0x000000000800080c       0x20 Core/Src/SX1278.o
                0x000000000800080c                SX1278_standby
 .text.SX1278_sleep
                0x000000000800082c       0x20 Core/Src/SX1278.o
                0x000000000800082c                SX1278_sleep
 .text.SX1278_cad
                0x000000000800084c       0x20 Core/Src/SX1278.o
                0x000000000800084c                SX1278_cad
 .text.SX1278_entryLoRa
                0x000000000800086c       0x1a Core/Src/SX1278.o
                0x000000000800086c                SX1278_entryLoRa
 .text.SX1278_clearLoRaIrq
                0x0000000008000886       0x38 Core/Src/SX1278.o
                0x0000000008000886                SX1278_clearLoRaIrq
 .text.SX1278_LoRaEntryRx
                0x00000000080008be       0xca Core/Src/SX1278.o
                0x00000000080008be                SX1278_LoRaEntryRx
 .text.SX1278_LoRaRxPacket
                0x0000000008000988       0x82 Core/Src/SX1278.o
                0x0000000008000988                SX1278_LoRaRxPacket
 .text.SX1278_LoRaEntryTx
                0x0000000008000a0a       0xb0 Core/Src/SX1278.o
                0x0000000008000a0a                SX1278_LoRaEntryTx
 .text.SX1278_LoRaTxPacketACK
                0x0000000008000aba       0x7a Core/Src/SX1278.o
                0x0000000008000aba                SX1278_LoRaTxPacketACK
 .text.SX1278_init
                0x0000000008000b34       0x6e Core/Src/SX1278.o
                0x0000000008000b34                SX1278_init
 .text.SX1278_getPacket
                0x0000000008000ba2       0x8a Core/Src/SX1278.o
                0x0000000008000ba2                SX1278_getPacket
 .text.SX1278_setACK
                0x0000000008000c2c       0xaa Core/Src/SX1278.o
                0x0000000008000c2c                SX1278_setACK
 .text.SX1278_setNodeAddress
                0x0000000008000cd6       0x60 Core/Src/SX1278.o
                0x0000000008000cd6                SX1278_setNodeAddress
 .text.SX1278_getNodeAddress
                0x0000000008000d36       0x44 Core/Src/SX1278.o
                0x0000000008000d36                SX1278_getNodeAddress
 .text.SX1278_hw_init
                0x0000000008000d7a       0x2a Core/Src/SX1278_hw.o
                0x0000000008000d7a                SX1278_hw_init
 .text.SX1278_hw_SetNSS
                0x0000000008000da4       0x2e Core/Src/SX1278_hw.o
                0x0000000008000da4                SX1278_hw_SetNSS
 .text.SX1278_hw_Reset
                0x0000000008000dd2       0x48 Core/Src/SX1278_hw.o
                0x0000000008000dd2                SX1278_hw_Reset
 .text.SX1278_hw_SPICommand
                0x0000000008000e1a       0x3e Core/Src/SX1278_hw.o
                0x0000000008000e1a                SX1278_hw_SPICommand
 .text.SX1278_hw_SPIReadByte
                0x0000000008000e58       0x4c Core/Src/SX1278_hw.o
                0x0000000008000e58                SX1278_hw_SPIReadByte
 .text.SX1278_hw_DelayMs
                0x0000000008000ea4       0x16 Core/Src/SX1278_hw.o
                0x0000000008000ea4                SX1278_hw_DelayMs
 .text.SX1278_hw_GetDIO0
                0x0000000008000eba       0x2e Core/Src/SX1278_hw.o
                0x0000000008000eba                SX1278_hw_GetDIO0
 .text.LL_AHB2_GRP1_EnableClock
                0x0000000008000ee8       0x32 Core/Src/gpio.o
 *fill*         0x0000000008000f1a        0x2 
 .text.MX_GPIO_Init
                0x0000000008000f1c       0x94 Core/Src/gpio.o
                0x0000000008000f1c                MX_GPIO_Init
 .text.main     0x0000000008000fb0      0x1a8 Core/Src/main.o
                0x0000000008000fb0                main
 .text.SystemClock_Config
                0x0000000008001158       0xf0 Core/Src/main.o
                0x0000000008001158                SystemClock_Config
 .text.Error_Handler
                0x0000000008001248        0x8 Core/Src/main.o
                0x0000000008001248                Error_Handler
 .text.LL_AHB2_GRP1_EnableClock
                0x0000000008001250       0x32 Core/Src/spi.o
 .text.LL_APB2_GRP1_EnableClock
                0x0000000008001282       0x32 Core/Src/spi.o
 .text.MX_SPI1_Init
                0x00000000080012b4       0x7c Core/Src/spi.o
                0x00000000080012b4                MX_SPI1_Init
 .text.HAL_SPI_MspInit
                0x0000000008001330       0x60 Core/Src/spi.o
                0x0000000008001330                HAL_SPI_MspInit
 .text.HAL_MspInit
                0x0000000008001390        0xe Core/Src/stm32wbxx_hal_msp.o
                0x0000000008001390                HAL_MspInit
 .text.NMI_Handler
                0x000000000800139e        0x6 Core/Src/stm32wbxx_it.o
                0x000000000800139e                NMI_Handler
 .text.HardFault_Handler
                0x00000000080013a4        0x6 Core/Src/stm32wbxx_it.o
                0x00000000080013a4                HardFault_Handler
 .text.MemManage_Handler
                0x00000000080013aa        0x6 Core/Src/stm32wbxx_it.o
                0x00000000080013aa                MemManage_Handler
 .text.BusFault_Handler
                0x00000000080013b0        0x6 Core/Src/stm32wbxx_it.o
                0x00000000080013b0                BusFault_Handler
 .text.UsageFault_Handler
                0x00000000080013b6        0x6 Core/Src/stm32wbxx_it.o
                0x00000000080013b6                UsageFault_Handler
 .text.SVC_Handler
                0x00000000080013bc        0xe Core/Src/stm32wbxx_it.o
                0x00000000080013bc                SVC_Handler
 .text.DebugMon_Handler
                0x00000000080013ca        0xe Core/Src/stm32wbxx_it.o
                0x00000000080013ca                DebugMon_Handler
 .text.PendSV_Handler
                0x00000000080013d8        0xe Core/Src/stm32wbxx_it.o
                0x00000000080013d8                PendSV_Handler
 .text.SysTick_Handler
                0x00000000080013e6        0xc Core/Src/stm32wbxx_it.o
                0x00000000080013e6                SysTick_Handler
 *fill*         0x00000000080013f2        0x2 
 .text.SystemInit
                0x00000000080013f4       0xac Core/Src/system_stm32wbxx.o
                0x00000000080013f4                SystemInit
 .text.LL_AHB2_GRP1_EnableClock
                0x00000000080014a0       0x32 Core/Src/usart.o
 .text.LL_APB2_GRP1_EnableClock
                0x00000000080014d2       0x32 Core/Src/usart.o
 .text.MX_USART1_UART_Init
                0x0000000008001504       0x98 Core/Src/usart.o
                0x0000000008001504                MX_USART1_UART_Init
 .text.HAL_UART_MspInit
                0x000000000800159c       0x60 Core/Src/usart.o
                0x000000000800159c                HAL_UART_MspInit
 .text.data_initializers
                0x00000000080015fc       0x18 Core/Startup/startup_stm32wb55rgvx.o
 .text.Reset_Handler
                0x0000000008001614       0x54 Core/Startup/startup_stm32wb55rgvx.o
                0x0000000008001614                Reset_Handler
 .text.Default_Handler
                0x0000000008001668        0x2 Core/Startup/startup_stm32wb55rgvx.o
                0x0000000008001668                RTC_Alarm_IRQHandler
                0x0000000008001668                EXTI2_IRQHandler
                0x0000000008001668                TIM1_CC_IRQHandler
                0x0000000008001668                TSC_IRQHandler
                0x0000000008001668                USB_HP_IRQHandler
                0x0000000008001668                EXTI3_IRQHandler
                0x0000000008001668                LPTIM2_IRQHandler
                0x0000000008001668                I2C3_ER_IRQHandler
                0x0000000008001668                EXTI0_IRQHandler
                0x0000000008001668                FPU_IRQHandler
                0x0000000008001668                TIM1_UP_TIM16_IRQHandler
                0x0000000008001668                AES1_IRQHandler
                0x0000000008001668                SPI1_IRQHandler
                0x0000000008001668                PWR_SOTF_BLEACT_802ACT_RFPHASE_IRQHandler
                0x0000000008001668                DMA2_Channel2_IRQHandler
                0x0000000008001668                DMA1_Channel4_IRQHandler
                0x0000000008001668                ADC1_IRQHandler
                0x0000000008001668                PKA_IRQHandler
                0x0000000008001668                DMA1_Channel7_IRQHandler
                0x0000000008001668                LCD_IRQHandler
                0x0000000008001668                IPCC_C1_TX_IRQHandler
                0x0000000008001668                DMA2_Channel1_IRQHandler
                0x0000000008001668                QUADSPI_IRQHandler
                0x0000000008001668                I2C1_EV_IRQHandler
                0x0000000008001668                DMAMUX1_OVR_IRQHandler
                0x0000000008001668                DMA1_Channel6_IRQHandler
                0x0000000008001668                DMA2_Channel4_IRQHandler
                0x0000000008001668                RCC_IRQHandler
                0x0000000008001668                DMA1_Channel1_IRQHandler
                0x0000000008001668                Default_Handler
                0x0000000008001668                DMA2_Channel7_IRQHandler
                0x0000000008001668                EXTI15_10_IRQHandler
                0x0000000008001668                IPCC_C1_RX_IRQHandler
                0x0000000008001668                C2SEV_PWR_C2H_IRQHandler
                0x0000000008001668                AES2_IRQHandler
                0x0000000008001668                I2C3_EV_IRQHandler
                0x0000000008001668                EXTI9_5_IRQHandler
                0x0000000008001668                RTC_WKUP_IRQHandler
                0x0000000008001668                PVD_PVM_IRQHandler
                0x0000000008001668                SPI2_IRQHandler
                0x0000000008001668                DMA2_Channel5_IRQHandler
                0x0000000008001668                CRS_IRQHandler
                0x0000000008001668                DMA1_Channel5_IRQHandler
                0x0000000008001668                USB_LP_IRQHandler
                0x0000000008001668                EXTI4_IRQHandler
                0x0000000008001668                RNG_IRQHandler
                0x0000000008001668                TIM1_TRG_COM_TIM17_IRQHandler
                0x0000000008001668                TAMP_STAMP_LSECSS_IRQHandler
                0x0000000008001668                DMA1_Channel3_IRQHandler
                0x0000000008001668                COMP_IRQHandler
                0x0000000008001668                HSEM_IRQHandler
                0x0000000008001668                WWDG_IRQHandler
                0x0000000008001668                LPUART1_IRQHandler
                0x0000000008001668                DMA2_Channel6_IRQHandler
                0x0000000008001668                TIM2_IRQHandler
                0x0000000008001668                TIM1_BRK_IRQHandler
                0x0000000008001668                EXTI1_IRQHandler
                0x0000000008001668                DMA1_Channel2_IRQHandler
                0x0000000008001668                FLASH_IRQHandler
                0x0000000008001668                USART1_IRQHandler
                0x0000000008001668                I2C1_ER_IRQHandler
                0x0000000008001668                LPTIM1_IRQHandler
                0x0000000008001668                SAI1_IRQHandler
                0x0000000008001668                DMA2_Channel3_IRQHandler
 *fill*         0x000000000800166a        0x2 
 .text.HAL_Init
                0x000000000800166c       0x40 Drivers/STM32WBxx_HAL_Driver/Src/stm32wbxx_hal.o
                0x000000000800166c                HAL_Init
 .text.HAL_InitTick
                0x00000000080016ac       0x74 Drivers/STM32WBxx_HAL_Driver/Src/stm32wbxx_hal.o
                0x00000000080016ac                HAL_InitTick
 .text.HAL_IncTick
                0x0000000008001720       0x28 Drivers/STM32WBxx_HAL_Driver/Src/stm32wbxx_hal.o
                0x0000000008001720                HAL_IncTick
 .text.HAL_GetTick
                0x0000000008001748       0x18 Drivers/STM32WBxx_HAL_Driver/Src/stm32wbxx_hal.o
                0x0000000008001748                HAL_GetTick
 .text.HAL_GetTickPrio
                0x0000000008001760       0x18 Drivers/STM32WBxx_HAL_Driver/Src/stm32wbxx_hal.o
                0x0000000008001760                HAL_GetTickPrio
 .text.HAL_Delay
                0x0000000008001778       0x44 Drivers/STM32WBxx_HAL_Driver/Src/stm32wbxx_hal.o
                0x0000000008001778                HAL_Delay
 .text.__NVIC_SetPriorityGrouping
                0x00000000080017bc       0x48 Drivers/STM32WBxx_HAL_Driver/Src/stm32wbxx_hal_cortex.o
 .text.__NVIC_GetPriorityGrouping
                0x0000000008001804       0x1c Drivers/STM32WBxx_HAL_Driver/Src/stm32wbxx_hal_cortex.o
 .text.__NVIC_SetPriority
                0x0000000008001820       0x54 Drivers/STM32WBxx_HAL_Driver/Src/stm32wbxx_hal_cortex.o
 .text.NVIC_EncodePriority
                0x0000000008001874       0x66 Drivers/STM32WBxx_HAL_Driver/Src/stm32wbxx_hal_cortex.o
 *fill*         0x00000000080018da        0x2 
 .text.SysTick_Config
                0x00000000080018dc       0x44 Drivers/STM32WBxx_HAL_Driver/Src/stm32wbxx_hal_cortex.o
 .text.HAL_NVIC_SetPriorityGrouping
                0x0000000008001920       0x16 Drivers/STM32WBxx_HAL_Driver/Src/stm32wbxx_hal_cortex.o
                0x0000000008001920                HAL_NVIC_SetPriorityGrouping
 .text.HAL_NVIC_SetPriority
                0x0000000008001936       0x34 Drivers/STM32WBxx_HAL_Driver/Src/stm32wbxx_hal_cortex.o
                0x0000000008001936                HAL_NVIC_SetPriority
 .text.HAL_SYSTICK_Config
                0x000000000800196a       0x18 Drivers/STM32WBxx_HAL_Driver/Src/stm32wbxx_hal_cortex.o
                0x000000000800196a                HAL_SYSTICK_Config
 *fill*         0x0000000008001982        0x2 
 .text.HAL_GPIO_Init
                0x0000000008001984      0x2e0 Drivers/STM32WBxx_HAL_Driver/Src/stm32wbxx_hal_gpio.o
                0x0000000008001984                HAL_GPIO_Init
 .text.HAL_GPIO_ReadPin
                0x0000000008001c64       0x30 Drivers/STM32WBxx_HAL_Driver/Src/stm32wbxx_hal_gpio.o
                0x0000000008001c64                HAL_GPIO_ReadPin
 .text.HAL_GPIO_WritePin
                0x0000000008001c94       0x30 Drivers/STM32WBxx_HAL_Driver/Src/stm32wbxx_hal_gpio.o
                0x0000000008001c94                HAL_GPIO_WritePin
 .text.HAL_GPIO_TogglePin
                0x0000000008001cc4       0x34 Drivers/STM32WBxx_HAL_Driver/Src/stm32wbxx_hal_gpio.o
                0x0000000008001cc4                HAL_GPIO_TogglePin
 .text.HAL_PWR_EnableBkUpAccess
                0x0000000008001cf8       0x20 Drivers/STM32WBxx_HAL_Driver/Src/stm32wbxx_hal_pwr.o
                0x0000000008001cf8                HAL_PWR_EnableBkUpAccess
 .text.HAL_PWREx_GetVoltageRange
                0x0000000008001d18       0x1c Drivers/STM32WBxx_HAL_Driver/Src/stm32wbxx_hal_pwr_ex.o
                0x0000000008001d18                HAL_PWREx_GetVoltageRange
 .text.LL_RCC_HSE_IsEnabledDiv2
                0x0000000008001d34       0x24 Drivers/STM32WBxx_HAL_Driver/Src/stm32wbxx_hal_rcc.o
 .text.LL_RCC_HSE_Enable
                0x0000000008001d58       0x1e Drivers/STM32WBxx_HAL_Driver/Src/stm32wbxx_hal_rcc.o
 .text.LL_RCC_HSE_Disable
                0x0000000008001d76       0x1e Drivers/STM32WBxx_HAL_Driver/Src/stm32wbxx_hal_rcc.o
 .text.LL_RCC_HSE_IsReady
                0x0000000008001d94       0x24 Drivers/STM32WBxx_HAL_Driver/Src/stm32wbxx_hal_rcc.o
 .text.LL_RCC_HSI_Enable
                0x0000000008001db8       0x1e Drivers/STM32WBxx_HAL_Driver/Src/stm32wbxx_hal_rcc.o
 .text.LL_RCC_HSI_Disable
                0x0000000008001dd6       0x1e Drivers/STM32WBxx_HAL_Driver/Src/stm32wbxx_hal_rcc.o
 .text.LL_RCC_HSI_IsReady
                0x0000000008001df4       0x24 Drivers/STM32WBxx_HAL_Driver/Src/stm32wbxx_hal_rcc.o
 .text.LL_RCC_HSI_SetCalibTrimming
                0x0000000008001e18       0x2a Drivers/STM32WBxx_HAL_Driver/Src/stm32wbxx_hal_rcc.o
 .text.LL_RCC_HSI48_Enable
                0x0000000008001e42       0x22 Drivers/STM32WBxx_HAL_Driver/Src/stm32wbxx_hal_rcc.o
 .text.LL_RCC_HSI48_Disable
                0x0000000008001e64       0x22 Drivers/STM32WBxx_HAL_Driver/Src/stm32wbxx_hal_rcc.o
 .text.LL_RCC_HSI48_IsReady
                0x0000000008001e86       0x24 Drivers/STM32WBxx_HAL_Driver/Src/stm32wbxx_hal_rcc.o
 .text.LL_RCC_LSE_Enable
                0x0000000008001eaa       0x22 Drivers/STM32WBxx_HAL_Driver/Src/stm32wbxx_hal_rcc.o
 .text.LL_RCC_LSE_Disable
                0x0000000008001ecc       0x22 Drivers/STM32WBxx_HAL_Driver/Src/stm32wbxx_hal_rcc.o
 .text.LL_RCC_LSE_EnableBypass
                0x0000000008001eee       0x22 Drivers/STM32WBxx_HAL_Driver/Src/stm32wbxx_hal_rcc.o
 .text.LL_RCC_LSE_DisableBypass
                0x0000000008001f10       0x22 Drivers/STM32WBxx_HAL_Driver/Src/stm32wbxx_hal_rcc.o
 .text.LL_RCC_LSE_IsReady
                0x0000000008001f32       0x24 Drivers/STM32WBxx_HAL_Driver/Src/stm32wbxx_hal_rcc.o
 .text.LL_RCC_LSI1_Enable
                0x0000000008001f56       0x22 Drivers/STM32WBxx_HAL_Driver/Src/stm32wbxx_hal_rcc.o
 .text.LL_RCC_LSI1_Disable
                0x0000000008001f78       0x22 Drivers/STM32WBxx_HAL_Driver/Src/stm32wbxx_hal_rcc.o
 .text.LL_RCC_LSI1_IsReady
                0x0000000008001f9a       0x24 Drivers/STM32WBxx_HAL_Driver/Src/stm32wbxx_hal_rcc.o
 .text.LL_RCC_LSI2_Enable
                0x0000000008001fbe       0x22 Drivers/STM32WBxx_HAL_Driver/Src/stm32wbxx_hal_rcc.o
 .text.LL_RCC_LSI2_Disable
                0x0000000008001fe0       0x22 Drivers/STM32WBxx_HAL_Driver/Src/stm32wbxx_hal_rcc.o
 .text.LL_RCC_LSI2_IsReady
                0x0000000008002002       0x24 Drivers/STM32WBxx_HAL_Driver/Src/stm32wbxx_hal_rcc.o
 .text.LL_RCC_LSI2_SetTrimming
                0x0000000008002026       0x2e Drivers/STM32WBxx_HAL_Driver/Src/stm32wbxx_hal_rcc.o
 .text.LL_RCC_MSI_Enable
                0x0000000008002054       0x1e Drivers/STM32WBxx_HAL_Driver/Src/stm32wbxx_hal_rcc.o
 .text.LL_RCC_MSI_Disable
                0x0000000008002072       0x1e Drivers/STM32WBxx_HAL_Driver/Src/stm32wbxx_hal_rcc.o
 .text.LL_RCC_MSI_IsReady
                0x0000000008002090       0x22 Drivers/STM32WBxx_HAL_Driver/Src/stm32wbxx_hal_rcc.o
 .text.LL_RCC_MSI_SetRange
                0x00000000080020b2       0x28 Drivers/STM32WBxx_HAL_Driver/Src/stm32wbxx_hal_rcc.o
 .text.LL_RCC_MSI_GetRange
                0x00000000080020da       0x2a Drivers/STM32WBxx_HAL_Driver/Src/stm32wbxx_hal_rcc.o
 .text.LL_RCC_MSI_SetCalibTrimming
                0x0000000008002104       0x2a Drivers/STM32WBxx_HAL_Driver/Src/stm32wbxx_hal_rcc.o
 .text.LL_RCC_SetSysClkSource
                0x000000000800212e       0x28 Drivers/STM32WBxx_HAL_Driver/Src/stm32wbxx_hal_rcc.o
 .text.LL_RCC_GetSysClkSource
                0x0000000008002156       0x18 Drivers/STM32WBxx_HAL_Driver/Src/stm32wbxx_hal_rcc.o
 .text.LL_RCC_SetAHBPrescaler
                0x000000000800216e       0x28 Drivers/STM32WBxx_HAL_Driver/Src/stm32wbxx_hal_rcc.o
 .text.LL_C2_RCC_SetAHBPrescaler
                0x0000000008002196       0x2c Drivers/STM32WBxx_HAL_Driver/Src/stm32wbxx_hal_rcc.o
 .text.LL_RCC_SetAHB4Prescaler
                0x00000000080021c2       0x2e Drivers/STM32WBxx_HAL_Driver/Src/stm32wbxx_hal_rcc.o
 .text.LL_RCC_SetAPB1Prescaler
                0x00000000080021f0       0x28 Drivers/STM32WBxx_HAL_Driver/Src/stm32wbxx_hal_rcc.o
 .text.LL_RCC_SetAPB2Prescaler
                0x0000000008002218       0x28 Drivers/STM32WBxx_HAL_Driver/Src/stm32wbxx_hal_rcc.o
 .text.LL_RCC_GetAHBPrescaler
                0x0000000008002240       0x18 Drivers/STM32WBxx_HAL_Driver/Src/stm32wbxx_hal_rcc.o
 .text.LL_RCC_GetAHB4Prescaler
                0x0000000008002258       0x1c Drivers/STM32WBxx_HAL_Driver/Src/stm32wbxx_hal_rcc.o
 .text.LL_RCC_GetAPB1Prescaler
                0x0000000008002274       0x18 Drivers/STM32WBxx_HAL_Driver/Src/stm32wbxx_hal_rcc.o
 .text.LL_RCC_GetAPB2Prescaler
                0x000000000800228c       0x18 Drivers/STM32WBxx_HAL_Driver/Src/stm32wbxx_hal_rcc.o
 .text.LL_RCC_PLL_Enable
                0x00000000080022a4       0x1e Drivers/STM32WBxx_HAL_Driver/Src/stm32wbxx_hal_rcc.o
 .text.LL_RCC_PLL_Disable
                0x00000000080022c2       0x1e Drivers/STM32WBxx_HAL_Driver/Src/stm32wbxx_hal_rcc.o
 .text.LL_RCC_PLL_IsReady
                0x00000000080022e0       0x24 Drivers/STM32WBxx_HAL_Driver/Src/stm32wbxx_hal_rcc.o
 .text.LL_RCC_PLL_GetN
                0x0000000008002304       0x1a Drivers/STM32WBxx_HAL_Driver/Src/stm32wbxx_hal_rcc.o
 .text.LL_RCC_PLL_GetR
                0x000000000800231e       0x18 Drivers/STM32WBxx_HAL_Driver/Src/stm32wbxx_hal_rcc.o
 .text.LL_RCC_PLL_GetDivider
                0x0000000008002336       0x18 Drivers/STM32WBxx_HAL_Driver/Src/stm32wbxx_hal_rcc.o
 .text.LL_RCC_PLL_GetMainSource
                0x000000000800234e       0x18 Drivers/STM32WBxx_HAL_Driver/Src/stm32wbxx_hal_rcc.o
 .text.LL_RCC_IsActiveFlag_HPRE
                0x0000000008002366       0x24 Drivers/STM32WBxx_HAL_Driver/Src/stm32wbxx_hal_rcc.o
 .text.LL_RCC_IsActiveFlag_C2HPRE
                0x000000000800238a       0x26 Drivers/STM32WBxx_HAL_Driver/Src/stm32wbxx_hal_rcc.o
 .text.LL_RCC_IsActiveFlag_SHDHPRE
                0x00000000080023b0       0x26 Drivers/STM32WBxx_HAL_Driver/Src/stm32wbxx_hal_rcc.o
 .text.LL_RCC_IsActiveFlag_PPRE1
                0x00000000080023d6       0x24 Drivers/STM32WBxx_HAL_Driver/Src/stm32wbxx_hal_rcc.o
 .text.LL_RCC_IsActiveFlag_PPRE2
                0x00000000080023fa       0x24 Drivers/STM32WBxx_HAL_Driver/Src/stm32wbxx_hal_rcc.o
 *fill*         0x000000000800241e        0x2 
 .text.HAL_RCC_OscConfig
                0x0000000008002420      0x718 Drivers/STM32WBxx_HAL_Driver/Src/stm32wbxx_hal_rcc.o
                0x0000000008002420                HAL_RCC_OscConfig
 .text.HAL_RCC_ClockConfig
                0x0000000008002b38      0x280 Drivers/STM32WBxx_HAL_Driver/Src/stm32wbxx_hal_rcc.o
                0x0000000008002b38                HAL_RCC_ClockConfig
 .text.HAL_RCC_GetSysClockFreq
                0x0000000008002db8       0xd8 Drivers/STM32WBxx_HAL_Driver/Src/stm32wbxx_hal_rcc.o
                0x0000000008002db8                HAL_RCC_GetSysClockFreq
 .text.HAL_RCC_GetHCLKFreq
                0x0000000008002e90       0x28 Drivers/STM32WBxx_HAL_Driver/Src/stm32wbxx_hal_rcc.o
                0x0000000008002e90                HAL_RCC_GetHCLKFreq
 .text.HAL_RCC_GetPCLK1Freq
                0x0000000008002eb8       0x2c Drivers/STM32WBxx_HAL_Driver/Src/stm32wbxx_hal_rcc.o
                0x0000000008002eb8                HAL_RCC_GetPCLK1Freq
 .text.HAL_RCC_GetPCLK2Freq
                0x0000000008002ee4       0x2c Drivers/STM32WBxx_HAL_Driver/Src/stm32wbxx_hal_rcc.o
                0x0000000008002ee4                HAL_RCC_GetPCLK2Freq
 .text.RCC_SetFlashLatencyFromMSIRange
                0x0000000008002f10       0x70 Drivers/STM32WBxx_HAL_Driver/Src/stm32wbxx_hal_rcc.o
 .text.RCC_SetFlashLatency
                0x0000000008002f80      0x100 Drivers/STM32WBxx_HAL_Driver/Src/stm32wbxx_hal_rcc.o
 .text.LL_RCC_LSE_IsEnabled
                0x0000000008003080       0x24 Drivers/STM32WBxx_HAL_Driver/Src/stm32wbxx_hal_rcc_ex.o
 .text.LL_RCC_LSE_IsReady
                0x00000000080030a4       0x24 Drivers/STM32WBxx_HAL_Driver/Src/stm32wbxx_hal_rcc_ex.o
 .text.LL_RCC_SetRFWKPClockSource
                0x00000000080030c8       0x2c Drivers/STM32WBxx_HAL_Driver/Src/stm32wbxx_hal_rcc_ex.o
 .text.LL_RCC_SetSMPSClockSource
                0x00000000080030f4       0x28 Drivers/STM32WBxx_HAL_Driver/Src/stm32wbxx_hal_rcc_ex.o
 .text.LL_RCC_SetSMPSPrescaler
                0x000000000800311c       0x28 Drivers/STM32WBxx_HAL_Driver/Src/stm32wbxx_hal_rcc_ex.o
 .text.LL_RCC_SetUSARTClockSource
                0x0000000008003144       0x2c Drivers/STM32WBxx_HAL_Driver/Src/stm32wbxx_hal_rcc_ex.o
 .text.LL_RCC_SetLPUARTClockSource
                0x0000000008003170       0x2c Drivers/STM32WBxx_HAL_Driver/Src/stm32wbxx_hal_rcc_ex.o
 .text.LL_RCC_SetI2CClockSource
                0x000000000800319c       0x3a Drivers/STM32WBxx_HAL_Driver/Src/stm32wbxx_hal_rcc_ex.o
 .text.LL_RCC_SetLPTIMClockSource
                0x00000000080031d6       0x34 Drivers/STM32WBxx_HAL_Driver/Src/stm32wbxx_hal_rcc_ex.o
 .text.LL_RCC_SetSAIClockSource
                0x000000000800320a       0x2c Drivers/STM32WBxx_HAL_Driver/Src/stm32wbxx_hal_rcc_ex.o
 .text.LL_RCC_SetRNGClockSource
                0x0000000008003236       0x2c Drivers/STM32WBxx_HAL_Driver/Src/stm32wbxx_hal_rcc_ex.o
 .text.LL_RCC_SetCLK48ClockSource
                0x0000000008003262       0x2c Drivers/STM32WBxx_HAL_Driver/Src/stm32wbxx_hal_rcc_ex.o
 .text.LL_RCC_SetUSBClockSource
                0x000000000800328e       0x16 Drivers/STM32WBxx_HAL_Driver/Src/stm32wbxx_hal_rcc_ex.o
 .text.LL_RCC_SetADCClockSource
                0x00000000080032a4       0x2c Drivers/STM32WBxx_HAL_Driver/Src/stm32wbxx_hal_rcc_ex.o
 .text.LL_RCC_SetRTCClockSource
                0x00000000080032d0       0x2c Drivers/STM32WBxx_HAL_Driver/Src/stm32wbxx_hal_rcc_ex.o
 .text.LL_RCC_GetRTCClockSource
                0x00000000080032fc       0x1a Drivers/STM32WBxx_HAL_Driver/Src/stm32wbxx_hal_rcc_ex.o
 .text.LL_RCC_ForceBackupDomainReset
                0x0000000008003316       0x22 Drivers/STM32WBxx_HAL_Driver/Src/stm32wbxx_hal_rcc_ex.o
 .text.LL_RCC_ReleaseBackupDomainReset
                0x0000000008003338       0x22 Drivers/STM32WBxx_HAL_Driver/Src/stm32wbxx_hal_rcc_ex.o
 .text.LL_RCC_PLLSAI1_Enable
                0x000000000800335a       0x1e Drivers/STM32WBxx_HAL_Driver/Src/stm32wbxx_hal_rcc_ex.o
 .text.LL_RCC_PLLSAI1_Disable
                0x0000000008003378       0x1e Drivers/STM32WBxx_HAL_Driver/Src/stm32wbxx_hal_rcc_ex.o
 .text.LL_RCC_PLLSAI1_IsReady
                0x0000000008003396       0x24 Drivers/STM32WBxx_HAL_Driver/Src/stm32wbxx_hal_rcc_ex.o
 .text.HAL_RCCEx_PeriphCLKConfig
                0x00000000080033ba      0x2ea Drivers/STM32WBxx_HAL_Driver/Src/stm32wbxx_hal_rcc_ex.o
                0x00000000080033ba                HAL_RCCEx_PeriphCLKConfig
 .text.RCCEx_PLLSAI1_ConfigNP
                0x00000000080036a4       0xb6 Drivers/STM32WBxx_HAL_Driver/Src/stm32wbxx_hal_rcc_ex.o
 .text.RCCEx_PLLSAI1_ConfigNQ
                0x000000000800375a       0xb6 Drivers/STM32WBxx_HAL_Driver/Src/stm32wbxx_hal_rcc_ex.o
 .text.RCCEx_PLLSAI1_ConfigNR
                0x0000000008003810       0xb6 Drivers/STM32WBxx_HAL_Driver/Src/stm32wbxx_hal_rcc_ex.o
 .text.HAL_SPI_Init
                0x00000000080038c6      0x146 Drivers/STM32WBxx_HAL_Driver/Src/stm32wbxx_hal_spi.o
                0x00000000080038c6                HAL_SPI_Init
 .text.HAL_SPI_Transmit
                0x0000000008003a0c      0x2dc Drivers/STM32WBxx_HAL_Driver/Src/stm32wbxx_hal_spi.o
                0x0000000008003a0c                HAL_SPI_Transmit
 .text.HAL_SPI_TransmitReceive
                0x0000000008003ce8      0x426 Drivers/STM32WBxx_HAL_Driver/Src/stm32wbxx_hal_spi.o
                0x0000000008003ce8                HAL_SPI_TransmitReceive
 .text.HAL_SPI_GetState
                0x000000000800410e       0x1c Drivers/STM32WBxx_HAL_Driver/Src/stm32wbxx_hal_spi.o
                0x000000000800410e                HAL_SPI_GetState
 *fill*         0x000000000800412a        0x2 
 .text.SPI_WaitFlagStateUntilTimeout
                0x000000000800412c      0x110 Drivers/STM32WBxx_HAL_Driver/Src/stm32wbxx_hal_spi.o
 .text.SPI_WaitFifoStateUntilTimeout
                0x000000000800423c      0x11c Drivers/STM32WBxx_HAL_Driver/Src/stm32wbxx_hal_spi.o
 .text.SPI_EndRxTxTransaction
                0x0000000008004358       0x8c Drivers/STM32WBxx_HAL_Driver/Src/stm32wbxx_hal_spi.o
 .text.LL_RCC_GetUSARTClockSource
                0x00000000080043e4       0x20 Drivers/STM32WBxx_HAL_Driver/Src/stm32wbxx_hal_uart.o
 .text.LL_RCC_GetLPUARTClockSource
                0x0000000008004404       0x20 Drivers/STM32WBxx_HAL_Driver/Src/stm32wbxx_hal_uart.o
 .text.HAL_UART_Init
                0x0000000008004424       0xa0 Drivers/STM32WBxx_HAL_Driver/Src/stm32wbxx_hal_uart.o
                0x0000000008004424                HAL_UART_Init
 .text.UART_SetConfig
                0x00000000080044c4      0x41c Drivers/STM32WBxx_HAL_Driver/Src/stm32wbxx_hal_uart.o
                0x00000000080044c4                UART_SetConfig
 .text.UART_AdvFeatureConfig
                0x00000000080048e0      0x144 Drivers/STM32WBxx_HAL_Driver/Src/stm32wbxx_hal_uart.o
                0x00000000080048e0                UART_AdvFeatureConfig
 .text.UART_CheckIdleState
                0x0000000008004a24       0x90 Drivers/STM32WBxx_HAL_Driver/Src/stm32wbxx_hal_uart.o
                0x0000000008004a24                UART_CheckIdleState
 .text.UART_WaitOnFlagUntilTimeout
                0x0000000008004ab4      0x100 Drivers/STM32WBxx_HAL_Driver/Src/stm32wbxx_hal_uart.o
                0x0000000008004ab4                UART_WaitOnFlagUntilTimeout
 .text.HAL_UARTEx_DisableFifoMode
                0x0000000008004bb4       0x72 Drivers/STM32WBxx_HAL_Driver/Src/stm32wbxx_hal_uart_ex.o
                0x0000000008004bb4                HAL_UARTEx_DisableFifoMode
 .text.HAL_UARTEx_SetTxFifoThreshold
                0x0000000008004c26       0x7c Drivers/STM32WBxx_HAL_Driver/Src/stm32wbxx_hal_uart_ex.o
                0x0000000008004c26                HAL_UARTEx_SetTxFifoThreshold
 .text.HAL_UARTEx_SetRxFifoThreshold
                0x0000000008004ca2       0x7c Drivers/STM32WBxx_HAL_Driver/Src/stm32wbxx_hal_uart_ex.o
                0x0000000008004ca2                HAL_UARTEx_SetRxFifoThreshold
 *fill*         0x0000000008004d1e        0x2 
 .text.UARTEx_SetNbDataToProcess
                0x0000000008004d20       0xd0 Drivers/STM32WBxx_HAL_Driver/Src/stm32wbxx_hal_uart_ex.o
 .text.__libc_init_array
                0x0000000008004df0       0x48 c:/st/stm32cubeide_1.5.0/stm32cubeide/plugins/com.st.stm32cube.ide.mcu.externaltools.gnu-tools-for-stm32.7-2018-q2-update.win32_1.5.0.202011040924/tools/bin/../lib/gcc/arm-none-eabi/7.3.1/../../../../arm-none-eabi/lib/thumb/v7e-m/fpv4-sp/hard\libc_nano.a(lib_a-init.o)
                0x0000000008004df0                __libc_init_array
 .text.memset   0x0000000008004e38       0x10 c:/st/stm32cubeide_1.5.0/stm32cubeide/plugins/com.st.stm32cube.ide.mcu.externaltools.gnu-tools-for-stm32.7-2018-q2-update.win32_1.5.0.202011040924/tools/bin/../lib/gcc/arm-none-eabi/7.3.1/../../../../arm-none-eabi/lib/thumb/v7e-m/fpv4-sp/hard\libc_nano.a(lib_a-memset.o)
                0x0000000008004e38                memset
 *(.glue_7)
 .glue_7        0x0000000008004e48        0x0 linker stubs
 *(.glue_7t)
 .glue_7t       0x0000000008004e48        0x0 linker stubs
 *(.eh_frame)
 .eh_frame      0x0000000008004e48        0x0 c:/st/stm32cubeide_1.5.0/stm32cubeide/plugins/com.st.stm32cube.ide.mcu.externaltools.gnu-tools-for-stm32.7-2018-q2-update.win32_1.5.0.202011040924/tools/bin/../lib/gcc/arm-none-eabi/7.3.1/thumb/v7e-m/fpv4-sp/hard/crtbegin.o
 *(.init)
 .init          0x0000000008004e48        0x4 c:/st/stm32cubeide_1.5.0/stm32cubeide/plugins/com.st.stm32cube.ide.mcu.externaltools.gnu-tools-for-stm32.7-2018-q2-update.win32_1.5.0.202011040924/tools/bin/../lib/gcc/arm-none-eabi/7.3.1/thumb/v7e-m/fpv4-sp/hard/crti.o
                0x0000000008004e48                _init
 .init          0x0000000008004e4c        0x8 c:/st/stm32cubeide_1.5.0/stm32cubeide/plugins/com.st.stm32cube.ide.mcu.externaltools.gnu-tools-for-stm32.7-2018-q2-update.win32_1.5.0.202011040924/tools/bin/../lib/gcc/arm-none-eabi/7.3.1/thumb/v7e-m/fpv4-sp/hard/crtn.o
 *(.fini)
 .fini          0x0000000008004e54        0x4 c:/st/stm32cubeide_1.5.0/stm32cubeide/plugins/com.st.stm32cube.ide.mcu.externaltools.gnu-tools-for-stm32.7-2018-q2-update.win32_1.5.0.202011040924/tools/bin/../lib/gcc/arm-none-eabi/7.3.1/thumb/v7e-m/fpv4-sp/hard/crti.o
                0x0000000008004e54                _fini
 .fini          0x0000000008004e58        0x8 c:/st/stm32cubeide_1.5.0/stm32cubeide/plugins/com.st.stm32cube.ide.mcu.externaltools.gnu-tools-for-stm32.7-2018-q2-update.win32_1.5.0.202011040924/tools/bin/../lib/gcc/arm-none-eabi/7.3.1/thumb/v7e-m/fpv4-sp/hard/crtn.o
                0x0000000008004e60                . = ALIGN (0x4)
                0x0000000008004e60                _etext = .

.vfp11_veneer   0x0000000008004e60        0x0
 .vfp11_veneer  0x0000000008004e60        0x0 linker stubs

.v4_bx          0x0000000008004e60        0x0
 .v4_bx         0x0000000008004e60        0x0 linker stubs

.iplt           0x0000000008004e60        0x0
 .iplt          0x0000000008004e60        0x0 c:/st/stm32cubeide_1.5.0/stm32cubeide/plugins/com.st.stm32cube.ide.mcu.externaltools.gnu-tools-for-stm32.7-2018-q2-update.win32_1.5.0.202011040924/tools/bin/../lib/gcc/arm-none-eabi/7.3.1/thumb/v7e-m/fpv4-sp/hard/crtbegin.o

.rodata         0x0000000008004e60      0x114
                0x0000000008004e60                . = ALIGN (0x4)
 *(.rodata)
 .rodata        0x0000000008004e60       0x2c Drivers/STM32WBxx_HAL_Driver/Src/stm32wbxx_hal_rcc.o
 .rodata        0x0000000008004e8c       0x10 Drivers/STM32WBxx_HAL_Driver/Src/stm32wbxx_hal_uart_ex.o
 *(.rodata*)
 .rodata.SX1278_Power
                0x0000000008004e9c        0x4 Core/Src/SX1278.o
 .rodata.SX1278_SpreadFactor
                0x0000000008004ea0        0x7 Core/Src/SX1278.o
 *fill*         0x0000000008004ea7        0x1 
 .rodata.SX1278_LoRaBandwidth
                0x0000000008004ea8        0xa Core/Src/SX1278.o
 *fill*         0x0000000008004eb2        0x2 
 .rodata.SX1278_CodingRate
                0x0000000008004eb4        0x4 Core/Src/SX1278.o
 .rodata.SX1278_CRC_Sum
                0x0000000008004eb8        0x2 Core/Src/SX1278.o
 *fill*         0x0000000008004eba        0x2 
 .rodata.AHBPrescTable
                0x0000000008004ebc       0x40 Core/Src/system_stm32wbxx.o
                0x0000000008004ebc                AHBPrescTable
 .rodata.APBPrescTable
                0x0000000008004efc       0x20 Core/Src/system_stm32wbxx.o
                0x0000000008004efc                APBPrescTable
 .rodata.MSIRangeTable
                0x0000000008004f1c       0x40 Core/Src/system_stm32wbxx.o
                0x0000000008004f1c                MSIRangeTable
 .rodata.UARTPrescTable
                0x0000000008004f5c       0x18 Drivers/STM32WBxx_HAL_Driver/Src/stm32wbxx_hal_uart.o
                0x0000000008004f5c                UARTPrescTable
                0x0000000008004f74                . = ALIGN (0x4)

.ARM.extab
 *(.ARM.extab* .gnu.linkonce.armextab.*)

.ARM            0x0000000008004f74        0x8
                0x0000000008004f74                __exidx_start = .
 *(.ARM.exidx*)
 .ARM.exidx     0x0000000008004f74        0x8 c:/st/stm32cubeide_1.5.0/stm32cubeide/plugins/com.st.stm32cube.ide.mcu.externaltools.gnu-tools-for-stm32.7-2018-q2-update.win32_1.5.0.202011040924/tools/bin/../lib/gcc/arm-none-eabi/7.3.1/thumb/v7e-m/fpv4-sp/hard\libgcc.a(_udivmoddi4.o)
                0x0000000008004f7c                __exidx_end = .

.rel.dyn        0x0000000008004f7c        0x0
 .rel.iplt      0x0000000008004f7c        0x0 c:/st/stm32cubeide_1.5.0/stm32cubeide/plugins/com.st.stm32cube.ide.mcu.externaltools.gnu-tools-for-stm32.7-2018-q2-update.win32_1.5.0.202011040924/tools/bin/../lib/gcc/arm-none-eabi/7.3.1/thumb/v7e-m/fpv4-sp/hard/crtbegin.o

.preinit_array  0x0000000008004f7c        0x0
                0x0000000008004f7c                PROVIDE (__preinit_array_start = .)
 *(.preinit_array*)
                0x0000000008004f7c                PROVIDE (__preinit_array_end = .)

.init_array     0x0000000008004f7c        0x4
                0x0000000008004f7c                PROVIDE (__init_array_start = .)
 *(SORT_BY_NAME(.init_array.*))
 *(.init_array*)
 .init_array    0x0000000008004f7c        0x4 c:/st/stm32cubeide_1.5.0/stm32cubeide/plugins/com.st.stm32cube.ide.mcu.externaltools.gnu-tools-for-stm32.7-2018-q2-update.win32_1.5.0.202011040924/tools/bin/../lib/gcc/arm-none-eabi/7.3.1/thumb/v7e-m/fpv4-sp/hard/crtbegin.o
                0x0000000008004f80                PROVIDE (__init_array_end = .)

.fini_array     0x0000000008004f80        0x4
                [!provide]                        PROVIDE (__fini_array_start = .)
 *(SORT_BY_NAME(.fini_array.*))
 *(.fini_array*)
 .fini_array    0x0000000008004f80        0x4 c:/st/stm32cubeide_1.5.0/stm32cubeide/plugins/com.st.stm32cube.ide.mcu.externaltools.gnu-tools-for-stm32.7-2018-q2-update.win32_1.5.0.202011040924/tools/bin/../lib/gcc/arm-none-eabi/7.3.1/thumb/v7e-m/fpv4-sp/hard/crtbegin.o
                [!provide]                        PROVIDE (__fini_array_end = .)
                0x0000000008004f84                _sidata = LOADADDR (.data)

.data           0x0000000020000004        0xc load address 0x0000000008004f84
                0x0000000020000004                . = ALIGN (0x4)
                0x0000000020000004                _sdata = .
 *(.data)
 *(.data*)
 .data.SystemCoreClock
                0x0000000020000004        0x4 Core/Src/system_stm32wbxx.o
                0x0000000020000004                SystemCoreClock
 .data.uwTickPrio
                0x0000000020000008        0x4 Drivers/STM32WBxx_HAL_Driver/Src/stm32wbxx_hal.o
                0x0000000020000008                uwTickPrio
 .data.uwTickFreq
                0x000000002000000c        0x1 Drivers/STM32WBxx_HAL_Driver/Src/stm32wbxx_hal.o
                0x000000002000000c                uwTickFreq
 *(.RamFunc)
 *(.RamFunc*)
                0x0000000020000010                . = ALIGN (0x4)
 *fill*         0x000000002000000d        0x3 
                0x0000000020000010                _edata = .

.igot.plt       0x0000000020000010        0x0 load address 0x0000000008004f90
 .igot.plt      0x0000000020000010        0x0 c:/st/stm32cubeide_1.5.0/stm32cubeide/plugins/com.st.stm32cube.ide.mcu.externaltools.gnu-tools-for-stm32.7-2018-q2-update.win32_1.5.0.202011040924/tools/bin/../lib/gcc/arm-none-eabi/7.3.1/thumb/v7e-m/fpv4-sp/hard/crtbegin.o
                0x0000000020000010                . = ALIGN (0x4)

.bss            0x0000000020000010      0x4e0 load address 0x0000000008004f90
                0x0000000020000010                _sbss = .
                0x0000000020000010                __bss_start__ = _sbss
 *(.bss)
 .bss           0x0000000020000010       0x1c c:/st/stm32cubeide_1.5.0/stm32cubeide/plugins/com.st.stm32cube.ide.mcu.externaltools.gnu-tools-for-stm32.7-2018-q2-update.win32_1.5.0.202011040924/tools/bin/../lib/gcc/arm-none-eabi/7.3.1/thumb/v7e-m/fpv4-sp/hard/crtbegin.o
 *(.bss*)
 .bss.state     0x000000002000002c        0x4 Core/Src/main.o
                0x000000002000002c                state
 *(COMMON)
 COMMON         0x0000000020000030      0x3cc Core/Src/main.o
                0x0000000020000030                message_length
                0x0000000020000034                ack
                0x000000002000013c                message
                0x0000000020000140                retack
                0x0000000020000144                retry
                0x0000000020000148                ackBuffer
                0x00000000200001ac                rxpacket
                0x00000000200002b8                SX1278
                0x00000000200003d8                ret
                0x00000000200003dc                SX1278_hw
                0x00000000200003f8                master
 COMMON         0x00000000200003fc       0x64 Core/Src/spi.o
                0x00000000200003fc                hspi1
 COMMON         0x0000000020000460       0x8c Core/Src/usart.o
                0x0000000020000460                huart1
 COMMON         0x00000000200004ec        0x4 Drivers/STM32WBxx_HAL_Driver/Src/stm32wbxx_hal.o
                0x00000000200004ec                uwTick
                0x00000000200004f0                . = ALIGN (0x4)
                0x00000000200004f0                _ebss = .
                0x00000000200004f0                __bss_end__ = _ebss

._user_heap_stack
                0x00000000200004f0      0x600 load address 0x0000000008004f90
                0x00000000200004f0                . = ALIGN (0x8)
                [!provide]                        PROVIDE (end = .)
                0x00000000200004f0                PROVIDE (_end = .)
                0x00000000200006f0                . = (. + _Min_Heap_Size)
 *fill*         0x00000000200004f0      0x200 
                0x0000000020000af0                . = (. + _Min_Stack_Size)
 *fill*         0x00000000200006f0      0x400 
                0x0000000020000af0                . = ALIGN (0x8)

/DISCARD/
 libc.a(*)
 libm.a(*)
 libgcc.a(*)

.ARM.attributes
                0x0000000000000000       0x30
 *(.ARM.attributes)
 .ARM.attributes
                0x0000000000000000       0x22 c:/st/stm32cubeide_1.5.0/stm32cubeide/plugins/com.st.stm32cube.ide.mcu.externaltools.gnu-tools-for-stm32.7-2018-q2-update.win32_1.5.0.202011040924/tools/bin/../lib/gcc/arm-none-eabi/7.3.1/thumb/v7e-m/fpv4-sp/hard/crti.o
 .ARM.attributes
                0x0000000000000022       0x34 c:/st/stm32cubeide_1.5.0/stm32cubeide/plugins/com.st.stm32cube.ide.mcu.externaltools.gnu-tools-for-stm32.7-2018-q2-update.win32_1.5.0.202011040924/tools/bin/../lib/gcc/arm-none-eabi/7.3.1/thumb/v7e-m/fpv4-sp/hard/crtbegin.o
 .ARM.attributes
                0x0000000000000056       0x39 Core/Src/SX1278.o
 .ARM.attributes
                0x000000000000008f       0x39 Core/Src/SX1278_hw.o
 .ARM.attributes
                0x00000000000000c8       0x39 Core/Src/gpio.o
 .ARM.attributes
                0x0000000000000101       0x39 Core/Src/main.o
 .ARM.attributes
                0x000000000000013a       0x39 Core/Src/spi.o
 .ARM.attributes
                0x0000000000000173       0x39 Core/Src/stm32wbxx_hal_msp.o
 .ARM.attributes
                0x00000000000001ac       0x39 Core/Src/stm32wbxx_it.o
 .ARM.attributes
                0x00000000000001e5       0x39 Core/Src/system_stm32wbxx.o
 .ARM.attributes
                0x000000000000021e       0x39 Core/Src/usart.o
 .ARM.attributes
                0x0000000000000257       0x21 Core/Startup/startup_stm32wb55rgvx.o
 .ARM.attributes
                0x0000000000000278       0x39 Drivers/STM32WBxx_HAL_Driver/Src/stm32wbxx_hal.o
 .ARM.attributes
                0x00000000000002b1       0x39 Drivers/STM32WBxx_HAL_Driver/Src/stm32wbxx_hal_cortex.o
 .ARM.attributes
                0x00000000000002ea       0x39 Drivers/STM32WBxx_HAL_Driver/Src/stm32wbxx_hal_gpio.o
 .ARM.attributes
                0x0000000000000323       0x39 Drivers/STM32WBxx_HAL_Driver/Src/stm32wbxx_hal_pwr.o
 .ARM.attributes
                0x000000000000035c       0x39 Drivers/STM32WBxx_HAL_Driver/Src/stm32wbxx_hal_pwr_ex.o
 .ARM.attributes
                0x0000000000000395       0x39 Drivers/STM32WBxx_HAL_Driver/Src/stm32wbxx_hal_rcc.o
 .ARM.attributes
                0x00000000000003ce       0x39 Drivers/STM32WBxx_HAL_Driver/Src/stm32wbxx_hal_rcc_ex.o
 .ARM.attributes
                0x0000000000000407       0x39 Drivers/STM32WBxx_HAL_Driver/Src/stm32wbxx_hal_spi.o
 .ARM.attributes
                0x0000000000000440       0x39 Drivers/STM32WBxx_HAL_Driver/Src/stm32wbxx_hal_uart.o
 .ARM.attributes
                0x0000000000000479       0x39 Drivers/STM32WBxx_HAL_Driver/Src/stm32wbxx_hal_uart_ex.o
 .ARM.attributes
                0x00000000000004b2       0x34 c:/st/stm32cubeide_1.5.0/stm32cubeide/plugins/com.st.stm32cube.ide.mcu.externaltools.gnu-tools-for-stm32.7-2018-q2-update.win32_1.5.0.202011040924/tools/bin/../lib/gcc/arm-none-eabi/7.3.1/../../../../arm-none-eabi/lib/thumb/v7e-m/fpv4-sp/hard\libc_nano.a(lib_a-init.o)
 .ARM.attributes
                0x00000000000004e6       0x34 c:/st/stm32cubeide_1.5.0/stm32cubeide/plugins/com.st.stm32cube.ide.mcu.externaltools.gnu-tools-for-stm32.7-2018-q2-update.win32_1.5.0.202011040924/tools/bin/../lib/gcc/arm-none-eabi/7.3.1/../../../../arm-none-eabi/lib/thumb/v7e-m/fpv4-sp/hard\libc_nano.a(lib_a-memset.o)
 .ARM.attributes
                0x000000000000051a       0x22 c:/st/stm32cubeide_1.5.0/stm32cubeide/plugins/com.st.stm32cube.ide.mcu.externaltools.gnu-tools-for-stm32.7-2018-q2-update.win32_1.5.0.202011040924/tools/bin/../lib/gcc/arm-none-eabi/7.3.1/thumb/v7e-m/fpv4-sp/hard\libgcc.a(_aeabi_uldivmod.o)
 .ARM.attributes
                0x000000000000053c       0x34 c:/st/stm32cubeide_1.5.0/stm32cubeide/plugins/com.st.stm32cube.ide.mcu.externaltools.gnu-tools-for-stm32.7-2018-q2-update.win32_1.5.0.202011040924/tools/bin/../lib/gcc/arm-none-eabi/7.3.1/thumb/v7e-m/fpv4-sp/hard\libgcc.a(_udivmoddi4.o)
 .ARM.attributes
                0x0000000000000570       0x22 c:/st/stm32cubeide_1.5.0/stm32cubeide/plugins/com.st.stm32cube.ide.mcu.externaltools.gnu-tools-for-stm32.7-2018-q2-update.win32_1.5.0.202011040924/tools/bin/../lib/gcc/arm-none-eabi/7.3.1/thumb/v7e-m/fpv4-sp/hard\libgcc.a(_dvmd_tls.o)
 .ARM.attributes
                0x0000000000000592       0x22 c:/st/stm32cubeide_1.5.0/stm32cubeide/plugins/com.st.stm32cube.ide.mcu.externaltools.gnu-tools-for-stm32.7-2018-q2-update.win32_1.5.0.202011040924/tools/bin/../lib/gcc/arm-none-eabi/7.3.1/thumb/v7e-m/fpv4-sp/hard/crtn.o

MAPPING_TABLE
 *(MAPPING_TABLE)

MB_MEM1
 *(MB_MEM1)

MB_MEM2         0x0000000020030000        0x0
                0x0000000020030000                _sMB_MEM2 = .
 *(MB_MEM2)
                0x0000000020030000                _eMB_MEM2 = .
OUTPUT(LoRa_Firmware_Master.elf elf32-littlearm)

.debug_info     0x0000000000000000    0x12f26
 .debug_info    0x0000000000000000     0x1509 Core/Src/SX1278.o
 .debug_info    0x0000000000001509     0x11c2 Core/Src/SX1278_hw.o
 .debug_info    0x00000000000026cb      0x70b Core/Src/gpio.o
 .debug_info    0x0000000000002dd6     0x1f38 Core/Src/main.o
 .debug_info    0x0000000000004d0e      0xd60 Core/Src/spi.o
 .debug_info    0x0000000000005a6e      0x269 Core/Src/stm32wbxx_hal_msp.o
 .debug_info    0x0000000000005cd7      0x2f1 Core/Src/stm32wbxx_it.o
 .debug_info    0x0000000000005fc8      0x81c Core/Src/system_stm32wbxx.o
 .debug_info    0x00000000000067e4      0xdfe Core/Src/usart.o
 .debug_info    0x00000000000075e2       0x22 Core/Startup/startup_stm32wb55rgvx.o
 .debug_info    0x0000000000007604     0x138f Drivers/STM32WBxx_HAL_Driver/Src/stm32wbxx_hal.o
 .debug_info    0x0000000000008993      0xe50 Drivers/STM32WBxx_HAL_Driver/Src/stm32wbxx_hal_cortex.o
 .debug_info    0x00000000000097e3      0x83b Drivers/STM32WBxx_HAL_Driver/Src/stm32wbxx_hal_gpio.o
 .debug_info    0x000000000000a01e      0xa48 Drivers/STM32WBxx_HAL_Driver/Src/stm32wbxx_hal_pwr.o
 .debug_info    0x000000000000aa66     0x119a Drivers/STM32WBxx_HAL_Driver/Src/stm32wbxx_hal_pwr_ex.o
 .debug_info    0x000000000000bc00     0x15a0 Drivers/STM32WBxx_HAL_Driver/Src/stm32wbxx_hal_rcc.o
 .debug_info    0x000000000000d1a0     0x1cc5 Drivers/STM32WBxx_HAL_Driver/Src/stm32wbxx_hal_rcc_ex.o
 .debug_info    0x000000000000ee65     0x1848 Drivers/STM32WBxx_HAL_Driver/Src/stm32wbxx_hal_spi.o
 .debug_info    0x00000000000106ad     0x1bf4 Drivers/STM32WBxx_HAL_Driver/Src/stm32wbxx_hal_uart.o
 .debug_info    0x00000000000122a1      0xc85 Drivers/STM32WBxx_HAL_Driver/Src/stm32wbxx_hal_uart_ex.o

.debug_abbrev   0x0000000000000000     0x2806
 .debug_abbrev  0x0000000000000000      0x2d6 Core/Src/SX1278.o
 .debug_abbrev  0x00000000000002d6      0x205 Core/Src/SX1278_hw.o
 .debug_abbrev  0x00000000000004db      0x172 Core/Src/gpio.o
 .debug_abbrev  0x000000000000064d      0x319 Core/Src/main.o
 .debug_abbrev  0x0000000000000966      0x1ed Core/Src/spi.o
 .debug_abbrev  0x0000000000000b53       0xca Core/Src/stm32wbxx_hal_msp.o
 .debug_abbrev  0x0000000000000c1d       0xe2 Core/Src/stm32wbxx_it.o
 .debug_abbrev  0x0000000000000cff      0x163 Core/Src/system_stm32wbxx.o
 .debug_abbrev  0x0000000000000e62      0x1ed Core/Src/usart.o
 .debug_abbrev  0x000000000000104f       0x12 Core/Startup/startup_stm32wb55rgvx.o
 .debug_abbrev  0x0000000000001061      0x2df Drivers/STM32WBxx_HAL_Driver/Src/stm32wbxx_hal.o
 .debug_abbrev  0x0000000000001340      0x2f1 Drivers/STM32WBxx_HAL_Driver/Src/stm32wbxx_hal_cortex.o
 .debug_abbrev  0x0000000000001631      0x1d3 Drivers/STM32WBxx_HAL_Driver/Src/stm32wbxx_hal_gpio.o
 .debug_abbrev  0x0000000000001804      0x1b9 Drivers/STM32WBxx_HAL_Driver/Src/stm32wbxx_hal_pwr.o
 .debug_abbrev  0x00000000000019bd      0x2d6 Drivers/STM32WBxx_HAL_Driver/Src/stm32wbxx_hal_pwr_ex.o
 .debug_abbrev  0x0000000000001c93      0x24a Drivers/STM32WBxx_HAL_Driver/Src/stm32wbxx_hal_rcc.o
 .debug_abbrev  0x0000000000001edd      0x2d9 Drivers/STM32WBxx_HAL_Driver/Src/stm32wbxx_hal_rcc_ex.o
 .debug_abbrev  0x00000000000021b6      0x228 Drivers/STM32WBxx_HAL_Driver/Src/stm32wbxx_hal_spi.o
 .debug_abbrev  0x00000000000023de      0x246 Drivers/STM32WBxx_HAL_Driver/Src/stm32wbxx_hal_uart.o
 .debug_abbrev  0x0000000000002624      0x1e2 Drivers/STM32WBxx_HAL_Driver/Src/stm32wbxx_hal_uart_ex.o

.debug_aranges  0x0000000000000000     0x1528
 .debug_aranges
                0x0000000000000000      0x110 Core/Src/SX1278.o
 .debug_aranges
                0x0000000000000110       0x50 Core/Src/SX1278_hw.o
 .debug_aranges
                0x0000000000000160       0x28 Core/Src/gpio.o
 .debug_aranges
                0x0000000000000188       0x40 Core/Src/main.o
 .debug_aranges
                0x00000000000001c8       0x48 Core/Src/spi.o
 .debug_aranges
                0x0000000000000210       0x20 Core/Src/stm32wbxx_hal_msp.o
 .debug_aranges
                0x0000000000000230       0x60 Core/Src/stm32wbxx_it.o
 .debug_aranges
                0x0000000000000290       0x28 Core/Src/system_stm32wbxx.o
 .debug_aranges
                0x00000000000002b8       0x48 Core/Src/usart.o
 .debug_aranges
                0x0000000000000300       0x30 Core/Startup/startup_stm32wb55rgvx.o
 .debug_aranges
                0x0000000000000330      0x280 Drivers/STM32WBxx_HAL_Driver/Src/stm32wbxx_hal.o
 .debug_aranges
                0x00000000000005b0      0x108 Drivers/STM32WBxx_HAL_Driver/Src/stm32wbxx_hal_cortex.o
 .debug_aranges
                0x00000000000006b8       0x58 Drivers/STM32WBxx_HAL_Driver/Src/stm32wbxx_hal_gpio.o
 .debug_aranges
                0x0000000000000710       0xd0 Drivers/STM32WBxx_HAL_Driver/Src/stm32wbxx_hal_pwr.o
 .debug_aranges
                0x00000000000007e0      0x288 Drivers/STM32WBxx_HAL_Driver/Src/stm32wbxx_hal_pwr_ex.o
 .debug_aranges
                0x0000000000000a68      0x290 Drivers/STM32WBxx_HAL_Driver/Src/stm32wbxx_hal_rcc.o
 .debug_aranges
                0x0000000000000cf8      0x390 Drivers/STM32WBxx_HAL_Driver/Src/stm32wbxx_hal_rcc_ex.o
 .debug_aranges
                0x0000000000001088      0x1d8 Drivers/STM32WBxx_HAL_Driver/Src/stm32wbxx_hal_spi.o
 .debug_aranges
                0x0000000000001260      0x240 Drivers/STM32WBxx_HAL_Driver/Src/stm32wbxx_hal_uart.o
 .debug_aranges
                0x00000000000014a0       0x88 Drivers/STM32WBxx_HAL_Driver/Src/stm32wbxx_hal_uart_ex.o

.debug_ranges   0x0000000000000000     0x13f0
 .debug_ranges  0x0000000000000000      0x100 Core/Src/SX1278.o
 .debug_ranges  0x0000000000000100       0x40 Core/Src/SX1278_hw.o
 .debug_ranges  0x0000000000000140       0x18 Core/Src/gpio.o
 .debug_ranges  0x0000000000000158       0x30 Core/Src/main.o
 .debug_ranges  0x0000000000000188       0x38 Core/Src/spi.o
 .debug_ranges  0x00000000000001c0       0x10 Core/Src/stm32wbxx_hal_msp.o
 .debug_ranges  0x00000000000001d0       0x50 Core/Src/stm32wbxx_it.o
 .debug_ranges  0x0000000000000220       0x18 Core/Src/system_stm32wbxx.o
 .debug_ranges  0x0000000000000238       0x38 Core/Src/usart.o
 .debug_ranges  0x0000000000000270       0x28 Core/Startup/startup_stm32wb55rgvx.o
 .debug_ranges  0x0000000000000298      0x270 Drivers/STM32WBxx_HAL_Driver/Src/stm32wbxx_hal.o
 .debug_ranges  0x0000000000000508       0xf8 Drivers/STM32WBxx_HAL_Driver/Src/stm32wbxx_hal_cortex.o
 .debug_ranges  0x0000000000000600       0x48 Drivers/STM32WBxx_HAL_Driver/Src/stm32wbxx_hal_gpio.o
 .debug_ranges  0x0000000000000648       0xc0 Drivers/STM32WBxx_HAL_Driver/Src/stm32wbxx_hal_pwr.o
 .debug_ranges  0x0000000000000708      0x278 Drivers/STM32WBxx_HAL_Driver/Src/stm32wbxx_hal_pwr_ex.o
 .debug_ranges  0x0000000000000980      0x280 Drivers/STM32WBxx_HAL_Driver/Src/stm32wbxx_hal_rcc.o
 .debug_ranges  0x0000000000000c00      0x380 Drivers/STM32WBxx_HAL_Driver/Src/stm32wbxx_hal_rcc_ex.o
 .debug_ranges  0x0000000000000f80      0x1c8 Drivers/STM32WBxx_HAL_Driver/Src/stm32wbxx_hal_spi.o
 .debug_ranges  0x0000000000001148      0x230 Drivers/STM32WBxx_HAL_Driver/Src/stm32wbxx_hal_uart.o
 .debug_ranges  0x0000000000001378       0x78 Drivers/STM32WBxx_HAL_Driver/Src/stm32wbxx_hal_uart_ex.o

.debug_macro    0x0000000000000000    0x2293f
 .debug_macro   0x0000000000000000      0x14b Core/Src/SX1278.o
 .debug_macro   0x000000000000014b      0xa60 Core/Src/SX1278.o
 .debug_macro   0x0000000000000bab       0x22 Core/Src/SX1278.o
 .debug_macro   0x0000000000000bcd       0x8e Core/Src/SX1278.o
 .debug_macro   0x0000000000000c5b       0x51 Core/Src/SX1278.o
 .debug_macro   0x0000000000000cac       0xef Core/Src/SX1278.o
 .debug_macro   0x0000000000000d9b       0x6a Core/Src/SX1278.o
 .debug_macro   0x0000000000000e05      0x1df Core/Src/SX1278.o
 .debug_macro   0x0000000000000fe4       0x22 Core/Src/SX1278.o
 .debug_macro   0x0000000000001006      0x3a8 Core/Src/SX1278.o
 .debug_macro   0x00000000000013ae       0x46 Core/Src/SX1278.o
 .debug_macro   0x00000000000013f4       0x18 Core/Src/SX1278.o
 .debug_macro   0x000000000000140c       0x3c Core/Src/SX1278.o
 .debug_macro   0x0000000000001448       0x34 Core/Src/SX1278.o
 .debug_macro   0x000000000000147c      0x174 Core/Src/SX1278.o
 .debug_macro   0x00000000000015f0       0x52 Core/Src/SX1278.o
 .debug_macro   0x0000000000001642       0x1f Core/Src/SX1278.o
 .debug_macro   0x0000000000001661       0x43 Core/Src/SX1278.o
 .debug_macro   0x00000000000016a4       0x20 Core/Src/SX1278.o
 .debug_macro   0x00000000000016c4      0x1a3 Core/Src/SX1278.o
 .debug_macro   0x0000000000001867      0x330 Core/Src/SX1278.o
 .debug_macro   0x0000000000001b97       0x10 Core/Src/SX1278.o
 .debug_macro   0x0000000000001ba7       0x35 Core/Src/SX1278.o
 .debug_macro   0x0000000000001bdc       0x20 Core/Src/SX1278.o
 .debug_macro   0x0000000000001bfc      0x311 Core/Src/SX1278_hw.o
 .debug_macro   0x0000000000001f0d      0x130 Core/Src/SX1278_hw.o
 .debug_macro   0x000000000000203d       0x2e Core/Src/SX1278_hw.o
 .debug_macro   0x000000000000206b       0x2e Core/Src/SX1278_hw.o
 .debug_macro   0x0000000000002099       0x1c Core/Src/SX1278_hw.o
 .debug_macro   0x00000000000020b5       0x22 Core/Src/SX1278_hw.o
 .debug_macro   0x00000000000020d7       0xfb Core/Src/SX1278_hw.o
 .debug_macro   0x00000000000021d2     0x1011 Core/Src/SX1278_hw.o
 .debug_macro   0x00000000000031e3      0x11f Core/Src/SX1278_hw.o
 .debug_macro   0x0000000000003302    0x12acd Core/Src/SX1278_hw.o
 .debug_macro   0x0000000000015dcf       0x42 Core/Src/SX1278_hw.o
 .debug_macro   0x0000000000015e11     0x3461 Core/Src/SX1278_hw.o
 .debug_macro   0x0000000000019272       0x54 Core/Src/SX1278_hw.o
 .debug_macro   0x00000000000192c6      0x3f5 Core/Src/SX1278_hw.o
 .debug_macro   0x00000000000196bb      0x286 Core/Src/SX1278_hw.o
 .debug_macro   0x0000000000019941      0x30d Core/Src/SX1278_hw.o
 .debug_macro   0x0000000000019c4e      0x17e Core/Src/SX1278_hw.o
 .debug_macro   0x0000000000019dcc       0x43 Core/Src/SX1278_hw.o
 .debug_macro   0x0000000000019e0f      0x236 Core/Src/SX1278_hw.o
 .debug_macro   0x000000000001a045      0x24a Core/Src/SX1278_hw.o
 .debug_macro   0x000000000001a28f      0x57b Core/Src/SX1278_hw.o
 .debug_macro   0x000000000001a80a       0x1c Core/Src/SX1278_hw.o
 .debug_macro   0x000000000001a826      0x100 Core/Src/SX1278_hw.o
 .debug_macro   0x000000000001a926      0x137 Core/Src/SX1278_hw.o
 .debug_macro   0x000000000001aa5d      0x1ce Core/Src/SX1278_hw.o
 .debug_macro   0x000000000001ac2b      0x381 Core/Src/SX1278_hw.o
 .debug_macro   0x000000000001afac      0x13e Core/Src/SX1278_hw.o
 .debug_macro   0x000000000001b0ea      0x141 Core/Src/SX1278_hw.o
 .debug_macro   0x000000000001b22b      0x500 Core/Src/SX1278_hw.o
 .debug_macro   0x000000000001b72b      0x874 Core/Src/SX1278_hw.o
 .debug_macro   0x000000000001bf9f      0x259 Core/Src/SX1278_hw.o
 .debug_macro   0x000000000001c1f8     0x1b24 Core/Src/SX1278_hw.o
 .debug_macro   0x000000000001dd1c       0xe4 Core/Src/SX1278_hw.o
 .debug_macro   0x000000000001de00      0x5dc Core/Src/SX1278_hw.o
 .debug_macro   0x000000000001e3dc      0x2fe Core/Src/SX1278_hw.o
 .debug_macro   0x000000000001e6da      0x662 Core/Src/SX1278_hw.o
 .debug_macro   0x000000000001ed3c       0xa6 Core/Src/SX1278_hw.o
 .debug_macro   0x000000000001ede2      0x557 Core/Src/SX1278_hw.o
 .debug_macro   0x000000000001f339      0x433 Core/Src/SX1278_hw.o
 .debug_macro   0x000000000001f76c       0x40 Core/Src/SX1278_hw.o
 .debug_macro   0x000000000001f7ac      0x23c Core/Src/gpio.o
 .debug_macro   0x000000000001f9e8      0x101 Core/Src/gpio.o
 .debug_macro   0x000000000001fae9       0x5a Core/Src/gpio.o
 .debug_macro   0x000000000001fb43      0x430 Core/Src/main.o
 .debug_macro   0x000000000001ff73       0x16 Core/Src/main.o
 .debug_macro   0x000000000001ff89      0x32a Core/Src/main.o
 .debug_macro   0x00000000000202b3       0x10 Core/Src/main.o
 .debug_macro   0x00000000000202c3       0x10 Core/Src/main.o
 .debug_macro   0x00000000000202d3       0x1c Core/Src/main.o
 .debug_macro   0x00000000000202ef       0x52 Core/Src/main.o
 .debug_macro   0x0000000000020341       0x40 Core/Src/main.o
 .debug_macro   0x0000000000020381       0x10 Core/Src/main.o
 .debug_macro   0x0000000000020391       0x40 Core/Src/main.o
 .debug_macro   0x00000000000203d1       0xd7 Core/Src/main.o
 .debug_macro   0x00000000000204a8       0x1c Core/Src/main.o
 .debug_macro   0x00000000000204c4       0x3d Core/Src/main.o
 .debug_macro   0x0000000000020501       0x16 Core/Src/main.o
 .debug_macro   0x0000000000020517      0x145 Core/Src/main.o
 .debug_macro   0x000000000002065c       0x16 Core/Src/main.o
 .debug_macro   0x0000000000020672       0x16 Core/Src/main.o
 .debug_macro   0x0000000000020688       0x16 Core/Src/main.o
 .debug_macro   0x000000000002069e       0x29 Core/Src/main.o
 .debug_macro   0x00000000000206c7      0x23c Core/Src/spi.o
 .debug_macro   0x0000000000020903      0x232 Core/Src/stm32wbxx_hal_msp.o
 .debug_macro   0x0000000000020b35      0x23c Core/Src/stm32wbxx_it.o
 .debug_macro   0x0000000000020d71      0x230 Core/Src/system_stm32wbxx.o
 .debug_macro   0x0000000000020fa1      0x23c Core/Src/usart.o
 .debug_macro   0x00000000000211dd      0x247 Drivers/STM32WBxx_HAL_Driver/Src/stm32wbxx_hal.o
 .debug_macro   0x0000000000021424      0x223 Drivers/STM32WBxx_HAL_Driver/Src/stm32wbxx_hal_cortex.o
 .debug_macro   0x0000000000021647      0x25b Drivers/STM32WBxx_HAL_Driver/Src/stm32wbxx_hal_gpio.o
 .debug_macro   0x00000000000218a2      0x295 Drivers/STM32WBxx_HAL_Driver/Src/stm32wbxx_hal_pwr.o
 .debug_macro   0x0000000000021b37      0x235 Drivers/STM32WBxx_HAL_Driver/Src/stm32wbxx_hal_pwr_ex.o
 .debug_macro   0x0000000000021d6c      0x2b3 Drivers/STM32WBxx_HAL_Driver/Src/stm32wbxx_hal_rcc.o
 .debug_macro   0x000000000002201f      0x278 Drivers/STM32WBxx_HAL_Driver/Src/stm32wbxx_hal_rcc_ex.o
 .debug_macro   0x0000000000022297      0x22b Drivers/STM32WBxx_HAL_Driver/Src/stm32wbxx_hal_spi.o
 .debug_macro   0x00000000000224c2      0x24e Drivers/STM32WBxx_HAL_Driver/Src/stm32wbxx_hal_uart.o
 .debug_macro   0x0000000000022710      0x22f Drivers/STM32WBxx_HAL_Driver/Src/stm32wbxx_hal_uart_ex.o

.debug_line     0x0000000000000000     0xd8d2
 .debug_line    0x0000000000000000      0x883 Core/Src/SX1278.o
 .debug_line    0x0000000000000883      0x95e Core/Src/SX1278_hw.o
 .debug_line    0x00000000000011e1      0x795 Core/Src/gpio.o
 .debug_line    0x0000000000001976      0xaa9 Core/Src/main.o
 .debug_line    0x000000000000241f      0x7e8 Core/Src/spi.o
 .debug_line    0x0000000000002c07      0x772 Core/Src/stm32wbxx_hal_msp.o
 .debug_line    0x0000000000003379      0x81a Core/Src/stm32wbxx_it.o
 .debug_line    0x0000000000003b93      0x799 Core/Src/system_stm32wbxx.o
 .debug_line    0x000000000000432c      0x7f0 Core/Src/usart.o
 .debug_line    0x0000000000004b1c       0x91 Core/Startup/startup_stm32wb55rgvx.o
 .debug_line    0x0000000000004bad      0xdac Drivers/STM32WBxx_HAL_Driver/Src/stm32wbxx_hal.o
 .debug_line    0x0000000000005959      0xa74 Drivers/STM32WBxx_HAL_Driver/Src/stm32wbxx_hal_cortex.o
 .debug_line    0x00000000000063cd      0x8ff Drivers/STM32WBxx_HAL_Driver/Src/stm32wbxx_hal_gpio.o
 .debug_line    0x0000000000006ccc      0x95f Drivers/STM32WBxx_HAL_Driver/Src/stm32wbxx_hal_pwr.o
 .debug_line    0x000000000000762b      0xe47 Drivers/STM32WBxx_HAL_Driver/Src/stm32wbxx_hal_pwr_ex.o
 .debug_line    0x0000000000008472     0x1095 Drivers/STM32WBxx_HAL_Driver/Src/stm32wbxx_hal_rcc.o
 .debug_line    0x0000000000009507     0x13aa Drivers/STM32WBxx_HAL_Driver/Src/stm32wbxx_hal_rcc_ex.o
 .debug_line    0x000000000000a8b1     0x120d Drivers/STM32WBxx_HAL_Driver/Src/stm32wbxx_hal_spi.o
 .debug_line    0x000000000000babe     0x1433 Drivers/STM32WBxx_HAL_Driver/Src/stm32wbxx_hal_uart.o
 .debug_line    0x000000000000cef1      0x9e1 Drivers/STM32WBxx_HAL_Driver/Src/stm32wbxx_hal_uart_ex.o

.debug_str      0x0000000000000000    0xd8037
 .debug_str     0x0000000000000000     0x7cbe Core/Src/SX1278.o
                                       0x7f93 (size before relaxing)
 .debug_str     0x0000000000007cbe    0xc9bb7 Core/Src/SX1278_hw.o
                                      0xd1382 (size before relaxing)
 .debug_str     0x00000000000d1875      0x26e Core/Src/gpio.o
                                      0xce134 (size before relaxing)
 .debug_str     0x00000000000d1ae3     0x18dc Core/Src/main.o
                                      0xd39cb (size before relaxing)
 .debug_str     0x00000000000d33bf       0x7e Core/Src/spi.o
                                      0xce643 (size before relaxing)
 .debug_str     0x00000000000d343d       0x2c Core/Src/stm32wbxx_hal_msp.o
                                      0xcde65 (size before relaxing)
 .debug_str     0x00000000000d3469       0xbd Core/Src/stm32wbxx_it.o
                                      0xcdef6 (size before relaxing)
 .debug_str     0x00000000000d3526       0xee Core/Src/system_stm32wbxx.o
                                      0xce082 (size before relaxing)
 .debug_str     0x00000000000d3614       0x57 Core/Src/usart.o
                                      0xce687 (size before relaxing)
 .debug_str     0x00000000000d366b       0x36 Core/Startup/startup_stm32wb55rgvx.o
                                         0x7d (size before relaxing)
 .debug_str     0x00000000000d36a1      0xd8e Drivers/STM32WBxx_HAL_Driver/Src/stm32wbxx_hal.o
                                      0xcee9b (size before relaxing)
 .debug_str     0x00000000000d442f      0x376 Drivers/STM32WBxx_HAL_Driver/Src/stm32wbxx_hal_cortex.o
                                      0xce6ed (size before relaxing)
 .debug_str     0x00000000000d47a5      0x216 Drivers/STM32WBxx_HAL_Driver/Src/stm32wbxx_hal_gpio.o
                                      0xce0eb (size before relaxing)
 .debug_str     0x00000000000d49bb      0x55d Drivers/STM32WBxx_HAL_Driver/Src/stm32wbxx_hal_pwr.o
                                      0xce496 (size before relaxing)
 .debug_str     0x00000000000d4f18      0x899 Drivers/STM32WBxx_HAL_Driver/Src/stm32wbxx_hal_pwr_ex.o
                                      0xce9d4 (size before relaxing)
 .debug_str     0x00000000000d57b1      0xb02 Drivers/STM32WBxx_HAL_Driver/Src/stm32wbxx_hal_rcc.o
                                      0xcee1b (size before relaxing)
 .debug_str     0x00000000000d62b3      0xc8d Drivers/STM32WBxx_HAL_Driver/Src/stm32wbxx_hal_rcc_ex.o
                                      0xcf26a (size before relaxing)
 .debug_str     0x00000000000d6f40      0x58b Drivers/STM32WBxx_HAL_Driver/Src/stm32wbxx_hal_spi.o
                                      0xce82e (size before relaxing)
 .debug_str     0x00000000000d74cb      0x8df Drivers/STM32WBxx_HAL_Driver/Src/stm32wbxx_hal_uart.o
                                      0xcee63 (size before relaxing)
 .debug_str     0x00000000000d7daa      0x28d Drivers/STM32WBxx_HAL_Driver/Src/stm32wbxx_hal_uart_ex.o
                                      0xce554 (size before relaxing)

.comment        0x0000000000000000       0x7b
 .comment       0x0000000000000000       0x7b Core/Src/SX1278.o
                                         0x7c (size before relaxing)
 .comment       0x000000000000007b       0x7c Core/Src/SX1278_hw.o
 .comment       0x000000000000007b       0x7c Core/Src/gpio.o
 .comment       0x000000000000007b       0x7c Core/Src/main.o
 .comment       0x000000000000007b       0x7c Core/Src/spi.o
 .comment       0x000000000000007b       0x7c Core/Src/stm32wbxx_hal_msp.o
 .comment       0x000000000000007b       0x7c Core/Src/stm32wbxx_it.o
 .comment       0x000000000000007b       0x7c Core/Src/system_stm32wbxx.o
 .comment       0x000000000000007b       0x7c Core/Src/usart.o
 .comment       0x000000000000007b       0x7c Drivers/STM32WBxx_HAL_Driver/Src/stm32wbxx_hal.o
 .comment       0x000000000000007b       0x7c Drivers/STM32WBxx_HAL_Driver/Src/stm32wbxx_hal_cortex.o
 .comment       0x000000000000007b       0x7c Drivers/STM32WBxx_HAL_Driver/Src/stm32wbxx_hal_gpio.o
 .comment       0x000000000000007b       0x7c Drivers/STM32WBxx_HAL_Driver/Src/stm32wbxx_hal_pwr.o
 .comment       0x000000000000007b       0x7c Drivers/STM32WBxx_HAL_Driver/Src/stm32wbxx_hal_pwr_ex.o
 .comment       0x000000000000007b       0x7c Drivers/STM32WBxx_HAL_Driver/Src/stm32wbxx_hal_rcc.o
 .comment       0x000000000000007b       0x7c Drivers/STM32WBxx_HAL_Driver/Src/stm32wbxx_hal_rcc_ex.o
 .comment       0x000000000000007b       0x7c Drivers/STM32WBxx_HAL_Driver/Src/stm32wbxx_hal_spi.o
 .comment       0x000000000000007b       0x7c Drivers/STM32WBxx_HAL_Driver/Src/stm32wbxx_hal_uart.o
 .comment       0x000000000000007b       0x7c Drivers/STM32WBxx_HAL_Driver/Src/stm32wbxx_hal_uart_ex.o

.debug_frame    0x0000000000000000     0x5774
 .debug_frame   0x0000000000000000      0x484 Core/Src/SX1278.o
 .debug_frame   0x0000000000000484      0x10c Core/Src/SX1278_hw.o
 .debug_frame   0x0000000000000590       0x5c Core/Src/gpio.o
 .debug_frame   0x00000000000005ec       0xbc Core/Src/main.o
 .debug_frame   0x00000000000006a8       0xec Core/Src/spi.o
 .debug_frame   0x0000000000000794       0x30 Core/Src/stm32wbxx_hal_msp.o
 .debug_frame   0x00000000000007c4      0x104 Core/Src/stm32wbxx_it.o
 .debug_frame   0x00000000000008c8       0x58 Core/Src/system_stm32wbxx.o
 .debug_frame   0x0000000000000920       0xec Core/Src/usart.o
 .debug_frame   0x0000000000000a0c      0xa34 Drivers/STM32WBxx_HAL_Driver/Src/stm32wbxx_hal.o
 .debug_frame   0x0000000000001440      0x44c Drivers/STM32WBxx_HAL_Driver/Src/stm32wbxx_hal_cortex.o
 .debug_frame   0x000000000000188c      0x14c Drivers/STM32WBxx_HAL_Driver/Src/stm32wbxx_hal_gpio.o
 .debug_frame   0x00000000000019d8      0x344 Drivers/STM32WBxx_HAL_Driver/Src/stm32wbxx_hal_pwr.o
 .debug_frame   0x0000000000001d1c      0xb00 Drivers/STM32WBxx_HAL_Driver/Src/stm32wbxx_hal_pwr_ex.o
 .debug_frame   0x000000000000281c      0xa88 Drivers/STM32WBxx_HAL_Driver/Src/stm32wbxx_hal_rcc.o
 .debug_frame   0x00000000000032a4      0xf3c Drivers/STM32WBxx_HAL_Driver/Src/stm32wbxx_hal_rcc_ex.o
 .debug_frame   0x00000000000041e0      0x860 Drivers/STM32WBxx_HAL_Driver/Src/stm32wbxx_hal_spi.o
 .debug_frame   0x0000000000004a40      0xa5c Drivers/STM32WBxx_HAL_Driver/Src/stm32wbxx_hal_uart.o
 .debug_frame   0x000000000000549c      0x22c Drivers/STM32WBxx_HAL_Driver/Src/stm32wbxx_hal_uart_ex.o
 .debug_frame   0x00000000000056c8       0x2c c:/st/stm32cubeide_1.5.0/stm32cubeide/plugins/com.st.stm32cube.ide.mcu.externaltools.gnu-tools-for-stm32.7-2018-q2-update.win32_1.5.0.202011040924/tools/bin/../lib/gcc/arm-none-eabi/7.3.1/../../../../arm-none-eabi/lib/thumb/v7e-m/fpv4-sp/hard\libc_nano.a(lib_a-init.o)
 .debug_frame   0x00000000000056f4       0x20 c:/st/stm32cubeide_1.5.0/stm32cubeide/plugins/com.st.stm32cube.ide.mcu.externaltools.gnu-tools-for-stm32.7-2018-q2-update.win32_1.5.0.202011040924/tools/bin/../lib/gcc/arm-none-eabi/7.3.1/../../../../arm-none-eabi/lib/thumb/v7e-m/fpv4-sp/hard\libc_nano.a(lib_a-memset.o)
 .debug_frame   0x0000000000005714       0x2c c:/st/stm32cubeide_1.5.0/stm32cubeide/plugins/com.st.stm32cube.ide.mcu.externaltools.gnu-tools-for-stm32.7-2018-q2-update.win32_1.5.0.202011040924/tools/bin/../lib/gcc/arm-none-eabi/7.3.1/thumb/v7e-m/fpv4-sp/hard\libgcc.a(_aeabi_uldivmod.o)
 .debug_frame   0x0000000000005740       0x34 c:/st/stm32cubeide_1.5.0/stm32cubeide/plugins/com.st.stm32cube.ide.mcu.externaltools.gnu-tools-for-stm32.7-2018-q2-update.win32_1.5.0.202011040924/tools/bin/../lib/gcc/arm-none-eabi/7.3.1/thumb/v7e-m/fpv4-sp/hard\libgcc.a(_udivmoddi4.o)
