Archive member included to satisfy reference by file (symbol)

c:/st/stm32cubeide_1.5.0/stm32cubeide/plugins/com.st.stm32cube.ide.mcu.externaltools.gnu-tools-for-stm32.7-2018-q2-update.win32_1.5.0.202011040924/tools/bin/../lib/gcc/arm-none-eabi/7.3.1/../../../../arm-none-eabi/lib/thumb/v7e-m/fpv4-sp/hard\libc_nano.a(lib_a-errno.o)
                              Core/Src/syscalls.o (__errno)
c:/st/stm32cubeide_1.5.0/stm32cubeide/plugins/com.st.stm32cube.ide.mcu.externaltools.gnu-tools-for-stm32.7-2018-q2-update.win32_1.5.0.202011040924/tools/bin/../lib/gcc/arm-none-eabi/7.3.1/../../../../arm-none-eabi/lib/thumb/v7e-m/fpv4-sp/hard\libc_nano.a(lib_a-exit.o)
                              c:/st/stm32cubeide_1.5.0/stm32cubeide/plugins/com.st.stm32cube.ide.mcu.externaltools.gnu-tools-for-stm32.7-2018-q2-update.win32_1.5.0.202011040924/tools/bin/../lib/gcc/arm-none-eabi/7.3.1/../../../../arm-none-eabi/lib/thumb/v7e-m/fpv4-sp/hard/crt0.o (exit)
c:/st/stm32cubeide_1.5.0/stm32cubeide/plugins/com.st.stm32cube.ide.mcu.externaltools.gnu-tools-for-stm32.7-2018-q2-update.win32_1.5.0.202011040924/tools/bin/../lib/gcc/arm-none-eabi/7.3.1/../../../../arm-none-eabi/lib/thumb/v7e-m/fpv4-sp/hard\libc_nano.a(lib_a-impure.o)
                              c:/st/stm32cubeide_1.5.0/stm32cubeide/plugins/com.st.stm32cube.ide.mcu.externaltools.gnu-tools-for-stm32.7-2018-q2-update.win32_1.5.0.202011040924/tools/bin/../lib/gcc/arm-none-eabi/7.3.1/../../../../arm-none-eabi/lib/thumb/v7e-m/fpv4-sp/hard\libc_nano.a(lib_a-exit.o) (_global_impure_ptr)
c:/st/stm32cubeide_1.5.0/stm32cubeide/plugins/com.st.stm32cube.ide.mcu.externaltools.gnu-tools-for-stm32.7-2018-q2-update.win32_1.5.0.202011040924/tools/bin/../lib/gcc/arm-none-eabi/7.3.1/../../../../arm-none-eabi/lib/thumb/v7e-m/fpv4-sp/hard\libc_nano.a(lib_a-init.o)
                              c:/st/stm32cubeide_1.5.0/stm32cubeide/plugins/com.st.stm32cube.ide.mcu.externaltools.gnu-tools-for-stm32.7-2018-q2-update.win32_1.5.0.202011040924/tools/bin/../lib/gcc/arm-none-eabi/7.3.1/../../../../arm-none-eabi/lib/thumb/v7e-m/fpv4-sp/hard/crt0.o (__libc_init_array)
c:/st/stm32cubeide_1.5.0/stm32cubeide/plugins/com.st.stm32cube.ide.mcu.externaltools.gnu-tools-for-stm32.7-2018-q2-update.win32_1.5.0.202011040924/tools/bin/../lib/gcc/arm-none-eabi/7.3.1/../../../../arm-none-eabi/lib/thumb/v7e-m/fpv4-sp/hard\libc_nano.a(lib_a-memcpy-stub.o)
                              Core/Src/SX1278.o (memcpy)
c:/st/stm32cubeide_1.5.0/stm32cubeide/plugins/com.st.stm32cube.ide.mcu.externaltools.gnu-tools-for-stm32.7-2018-q2-update.win32_1.5.0.202011040924/tools/bin/../lib/gcc/arm-none-eabi/7.3.1/../../../../arm-none-eabi/lib/thumb/v7e-m/fpv4-sp/hard\libc_nano.a(lib_a-memset.o)
                              c:/st/stm32cubeide_1.5.0/stm32cubeide/plugins/com.st.stm32cube.ide.mcu.externaltools.gnu-tools-for-stm32.7-2018-q2-update.win32_1.5.0.202011040924/tools/bin/../lib/gcc/arm-none-eabi/7.3.1/../../../../arm-none-eabi/lib/thumb/v7e-m/fpv4-sp/hard/crt0.o (memset)
c:/st/stm32cubeide_1.5.0/stm32cubeide/plugins/com.st.stm32cube.ide.mcu.externaltools.gnu-tools-for-stm32.7-2018-q2-update.win32_1.5.0.202011040924/tools/bin/../lib/gcc/arm-none-eabi/7.3.1/../../../../arm-none-eabi/lib/thumb/v7e-m/fpv4-sp/hard\libc_nano.a(lib_a-puts.o)
                              Core/Src/main.o (puts)
c:/st/stm32cubeide_1.5.0/stm32cubeide/plugins/com.st.stm32cube.ide.mcu.externaltools.gnu-tools-for-stm32.7-2018-q2-update.win32_1.5.0.202011040924/tools/bin/../lib/gcc/arm-none-eabi/7.3.1/../../../../arm-none-eabi/lib/thumb/v7e-m/fpv4-sp/hard\libc_nano.a(lib_a-strlen.o)
                              Core/Src/SX1278.o (strlen)
c:/st/stm32cubeide_1.5.0/stm32cubeide/plugins/com.st.stm32cube.ide.mcu.externaltools.gnu-tools-for-stm32.7-2018-q2-update.win32_1.5.0.202011040924/tools/bin/../lib/gcc/arm-none-eabi/7.3.1/../../../../arm-none-eabi/lib/thumb/v7e-m/fpv4-sp/hard\libc_nano.a(lib_a-wbuf.o)
                              c:/st/stm32cubeide_1.5.0/stm32cubeide/plugins/com.st.stm32cube.ide.mcu.externaltools.gnu-tools-for-stm32.7-2018-q2-update.win32_1.5.0.202011040924/tools/bin/../lib/gcc/arm-none-eabi/7.3.1/../../../../arm-none-eabi/lib/thumb/v7e-m/fpv4-sp/hard\libc_nano.a(lib_a-puts.o) (__swbuf_r)
c:/st/stm32cubeide_1.5.0/stm32cubeide/plugins/com.st.stm32cube.ide.mcu.externaltools.gnu-tools-for-stm32.7-2018-q2-update.win32_1.5.0.202011040924/tools/bin/../lib/gcc/arm-none-eabi/7.3.1/../../../../arm-none-eabi/lib/thumb/v7e-m/fpv4-sp/hard\libc_nano.a(lib_a-wsetup.o)
                              c:/st/stm32cubeide_1.5.0/stm32cubeide/plugins/com.st.stm32cube.ide.mcu.externaltools.gnu-tools-for-stm32.7-2018-q2-update.win32_1.5.0.202011040924/tools/bin/../lib/gcc/arm-none-eabi/7.3.1/../../../../arm-none-eabi/lib/thumb/v7e-m/fpv4-sp/hard\libc_nano.a(lib_a-puts.o) (__swsetup_r)
[...]
Memory Configuration

Name             Origin             Length             Attributes
RAM              0x0000000020000000 0x0000000000018000 xrw
RAM2             0x0000000010000000 0x0000000000008000 xrw
FLASH            0x0000000008000000 0x0000000000100000 xr
*default*        0x0000000000000000 0xffffffffffffffff

Linker script and memory map

LOAD c:/st/stm32cubeide_1.5.0/stm32cubeide/plugins/com.st.stm32cube.ide.mcu.externaltools.gnu-tools-for-stm32.7-2018-q2-update.win32_1.5.0.202011040924/tools/bin/../lib/gcc/arm-none-eabi/7.3.1/thumb/v7e-m/fpv4-sp/hard/crti.o
LOAD c:/st/stm32cubeide_1.5.0/stm32cubeide/plugins/com.st.stm32cube.ide.mcu.externaltools.gnu-tools-for-stm32.7-2018-q2-update.win32_1.5.0.202011040924/tools/bin/../lib/gcc/arm-none-eabi/7.3.1/thumb/v7e-m/fpv4-sp/hard/crtbegin.o
LOAD c:/st/stm32cubeide_1.5.0/stm32cubeide/plugins/com.st.stm32cube.ide.mcu.externaltools.gnu-tools-for-stm32.7-2018-q2-update.win32_1.5.0.202011040924/tools/bin/../lib/gcc/arm-none-eabi/7.3.1/../../../../arm-none-eabi/lib/thumb/v7e-m/fpv4-sp/hard/crt0.o
LOAD Core/Src/SX1278.o
LOAD Core/Src/SX1278_hw.o
LOAD Core/Src/gpio.o
LOAD Core/Src/main.o
LOAD Core/Src/rtc.o
LOAD Core/Src/spi.o
LOAD Core/Src/stm32l4xx_hal_msp.o
LOAD Core/Src/stm32l4xx_it.o
LOAD Core/Src/syscalls.o
LOAD Core/Src/sysmem.o
LOAD Core/Src/system_stm32l4xx.o
LOAD Core/Src/tim.o
LOAD Core/Src/usart.o
LOAD Core/Startup/startup_stm32l476rgtx.o
LOAD Drivers/STM32L4xx_HAL_Driver/Src/stm32l4xx_hal.o
LOAD Drivers/STM32L4xx_HAL_Driver/Src/stm32l4xx_hal_cortex.o
LOAD Drivers/STM32L4xx_HAL_Driver/Src/stm32l4xx_hal_dma.o
LOAD Drivers/STM32L4xx_HAL_Driver/Src/stm32l4xx_hal_dma_ex.o
LOAD Drivers/STM32L4xx_HAL_Driver/Src/stm32l4xx_hal_exti.o
LOAD Drivers/STM32L4xx_HAL_Driver/Src/stm32l4xx_hal_flash.o
LOAD Drivers/STM32L4xx_HAL_Driver/Src/stm32l4xx_hal_flash_ex.o
LOAD Drivers/STM32L4xx_HAL_Driver/Src/stm32l4xx_hal_flash_ramfunc.o
LOAD Drivers/STM32L4xx_HAL_Driver/Src/stm32l4xx_hal_gpio.o
LOAD Drivers/STM32L4xx_HAL_Driver/Src/stm32l4xx_hal_i2c.o
LOAD Drivers/STM32L4xx_HAL_Driver/Src/stm32l4xx_hal_i2c_ex.o
LOAD Drivers/STM32L4xx_HAL_Driver/Src/stm32l4xx_hal_pwr.o
LOAD Drivers/STM32L4xx_HAL_Driver/Src/stm32l4xx_hal_pwr_ex.o
LOAD Drivers/STM32L4xx_HAL_Driver/Src/stm32l4xx_hal_rcc.o
LOAD Drivers/STM32L4xx_HAL_Driver/Src/stm32l4xx_hal_rcc_ex.o
LOAD Drivers/STM32L4xx_HAL_Driver/Src/stm32l4xx_hal_rtc.o
LOAD Drivers/STM32L4xx_HAL_Driver/Src/stm32l4xx_hal_rtc_ex.o
LOAD Drivers/STM32L4xx_HAL_Driver/Src/stm32l4xx_hal_spi.o
LOAD Drivers/STM32L4xx_HAL_Driver/Src/stm32l4xx_hal_spi_ex.o
LOAD Drivers/STM32L4xx_HAL_Driver/Src/stm32l4xx_hal_tim.o
LOAD Drivers/STM32L4xx_HAL_Driver/Src/stm32l4xx_hal_tim_ex.o
LOAD Drivers/STM32L4xx_HAL_Driver/Src/stm32l4xx_hal_uart.o
LOAD Drivers/STM32L4xx_HAL_Driver/Src/stm32l4xx_hal_uart_ex.o
START GROUP
LOAD c:/st/stm32cubeide_1.5.0/stm32cubeide/plugins/com.st.stm32cube.ide.mcu.externaltools.gnu-tools-for-stm32.7-2018-q2-update.win32_1.5.0.202011040924/tools/bin/../lib/gcc/arm-none-eabi/7.3.1/../../../../arm-none-eabi/lib/thumb/v7e-m/fpv4-sp/hard\libc_nano.a
LOAD c:/st/stm32cubeide_1.5.0/stm32cubeide/plugins/com.st.stm32cube.ide.mcu.externaltools.gnu-tools-for-stm32.7-2018-q2-update.win32_1.5.0.202011040924/tools/bin/../lib/gcc/arm-none-eabi/7.3.1/../../../../arm-none-eabi/lib/thumb/v7e-m/fpv4-sp/hard\libm.a
END GROUP
START GROUP
LOAD c:/st/stm32cubeide_1.5.0/stm32cubeide/plugins/com.st.stm32cube.ide.mcu.externaltools.gnu-tools-for-stm32.7-2018-q2-update.win32_1.5.0.202011040924/tools/bin/../lib/gcc/arm-none-eabi/7.3.1/thumb/v7e-m/fpv4-sp/hard\libgcc.a
LOAD c:/st/stm32cubeide_1.5.0/stm32cubeide/plugins/com.st.stm32cube.ide.mcu.externaltools.gnu-tools-for-stm32.7-2018-q2-update.win32_1.5.0.202011040924/tools/bin/../lib/gcc/arm-none-eabi/7.3.1/../../../../arm-none-eabi/lib/thumb/v7e-m/fpv4-sp/hard\libc_nano.a
END GROUP
START GROUP
LOAD c:/st/stm32cubeide_1.5.0/stm32cubeide/plugins/com.st.stm32cube.ide.mcu.externaltools.gnu-tools-for-stm32.7-2018-q2-update.win32_1.5.0.202011040924/tools/bin/../lib/gcc/arm-none-eabi/7.3.1/thumb/v7e-m/fpv4-sp/hard\libgcc.a
LOAD c:/st/stm32cubeide_1.5.0/stm32cubeide/plugins/com.st.stm32cube.ide.mcu.externaltools.gnu-tools-for-stm32.7-2018-q2-update.win32_1.5.0.202011040924/tools/bin/../lib/gcc/arm-none-eabi/7.3.1/../../../../arm-none-eabi/lib/thumb/v7e-m/fpv4-sp/hard\libc_nano.a
LOAD c:/st/stm32cubeide_1.5.0/stm32cubeide/plugins/com.st.stm32cube.ide.mcu.externaltools.gnu-tools-for-stm32.7-2018-q2-update.win32_1.5.0.202011040924/tools/bin/../lib/gcc/arm-none-eabi/7.3.1/../../../../arm-none-eabi/lib/thumb/v7e-m/fpv4-sp/hard\libnosys.a
END GROUP
START GROUP
LOAD c:/st/stm32cubeide_1.5.0/stm32cubeide/plugins/com.st.stm32cube.ide.mcu.externaltools.gnu-tools-for-stm32.7-2018-q2-update.win32_1.5.0.202011040924/tools/bin/../lib/gcc/arm-none-eabi/7.3.1/thumb/v7e-m/fpv4-sp/hard\libgcc.a
LOAD c:/st/stm32cubeide_1.5.0/stm32cubeide/plugins/com.st.stm32cube.ide.mcu.externaltools.gnu-tools-for-stm32.7-2018-q2-update.win32_1.5.0.202011040924/tools/bin/../lib/gcc/arm-none-eabi/7.3.1/../../../../arm-none-eabi/lib/thumb/v7e-m/fpv4-sp/hard\libc_nano.a
LOAD c:/st/stm32cubeide_1.5.0/stm32cubeide/plugins/com.st.stm32cube.ide.mcu.externaltools.gnu-tools-for-stm32.7-2018-q2-update.win32_1.5.0.202011040924/tools/bin/../lib/gcc/arm-none-eabi/7.3.1/../../../../arm-none-eabi/lib/thumb/v7e-m/fpv4-sp/hard\libnosys.a
END GROUP
LOAD c:/st/stm32cubeide_1.5.0/stm32cubeide/plugins/com.st.stm32cube.ide.mcu.externaltools.gnu-tools-for-stm32.7-2018-q2-update.win32_1.5.0.202011040924/tools/bin/../lib/gcc/arm-none-eabi/7.3.1/thumb/v7e-m/fpv4-sp/hard/crtend.o
LOAD c:/st/stm32cubeide_1.5.0/stm32cubeide/plugins/com.st.stm32cube.ide.mcu.externaltools.gnu-tools-for-stm32.7-2018-q2-update.win32_1.5.0.202011040924/tools/bin/../lib/gcc/arm-none-eabi/7.3.1/thumb/v7e-m/fpv4-sp/hard/crtn.o
                0x0000000020018000                _estack = (ORIGIN (RAM) + LENGTH (RAM))
                0x0000000000000200                _Min_Heap_Size = 0x200
                0x0000000000000400                _Min_Stack_Size = 0x400

.isr_vector     0x0000000008000000      0x188
                0x0000000008000000                . = ALIGN (0x4)
 *(.isr_vector)
 .isr_vector    0x0000000008000000      0x188 Core/Startup/startup_stm32l476rgtx.o
                0x0000000008000000                g_pfnVectors
                0x0000000008000188                . = ALIGN (0x4)

.text           0x0000000008000188     0x63c0
                0x0000000008000188                . = ALIGN (0x4)
 *(.text)
 .text          0x0000000008000188       0x40 c:/st/stm32cubeide_1.5.0/stm32cubeide/plugins/com.st.stm32cube.ide.mcu.externaltools.gnu-tools-for-stm32.7-2018-q2-update.win32_1.5.0.202011040924/tools/bin/../lib/gcc/arm-none-eabi/7.3.1/thumb/v7e-m/fpv4-sp/hard/crtbegin.o
 .text          0x00000000080001c8       0x10 c:/st/stm32cubeide_1.5.0/stm32cubeide/plugins/com.st.stm32cube.ide.mcu.externaltools.gnu-tools-for-stm32.7-2018-q2-update.win32_1.5.0.202011040924/tools/bin/../lib/gcc/arm-none-eabi/7.3.1/../../../../arm-none-eabi/lib/thumb/v7e-m/fpv4-sp/hard\libc_nano.a(lib_a-strlen.o)
                0x00000000080001c8                strlen
 .text          0x00000000080001d8       0x30 c:/st/stm32cubeide_1.5.0/stm32cubeide/plugins/com.st.stm32cube.ide.mcu.externaltools.gnu-tools-for-stm32.7-2018-q2-update.win32_1.5.0.202011040924/tools/bin/../lib/gcc/arm-none-eabi/7.3.1/thumb/v7e-m/fpv4-sp/hard\libgcc.a(_aeabi_uldivmod.o)
                0x00000000080001d8                __aeabi_uldivmod
 .text          0x0000000008000208      0x2cc c:/st/stm32cubeide_1.5.0/stm32cubeide/plugins/com.st.stm32cube.ide.mcu.externaltools.gnu-tools-for-stm32.7-2018-q2-update.win32_1.5.0.202011040924/tools/bin/../lib/gcc/arm-none-eabi/7.3.1/thumb/v7e-m/fpv4-sp/hard\libgcc.a(_udivmoddi4.o)
                0x0000000008000208                __udivmoddi4
 .text          0x00000000080004d4        0x4 c:/st/stm32cubeide_1.5.0/stm32cubeide/plugins/com.st.stm32cube.ide.mcu.externaltools.gnu-tools-for-stm32.7-2018-q2-update.win32_1.5.0.202011040924/tools/bin/../lib/gcc/arm-none-eabi/7.3.1/thumb/v7e-m/fpv4-sp/hard\libgcc.a(_dvmd_tls.o)
                0x00000000080004d4                __aeabi_idiv0
                0x00000000080004d4                __aeabi_ldiv0
 *(.text*)
 .text.SX1278_SPIRead
                0x00000000080004d8       0x3e Core/Src/SX1278.o
                0x00000000080004d8                SX1278_SPIRead
 .text.SX1278_SPIWrite
                0x0000000008000516       0x52 Core/Src/SX1278.o
                0x0000000008000516                SX1278_SPIWrite
 .text.SX1278_SPIBurstWrite
                0x0000000008000568       0x76 Core/Src/SX1278.o
                0x0000000008000568                SX1278_SPIBurstWrite
 *fill*         0x00000000080005de        0x2 
 .text.SX1278_config
                0x00000000080005e0      0x214 Core/Src/SX1278.o
                0x00000000080005e0                SX1278_config
 .text.SX1278_standby
                0x00000000080007f4       0x20 Core/Src/SX1278.o
                0x00000000080007f4                SX1278_standby
 .text.SX1278_sleep
                0x0000000008000814       0x20 Core/Src/SX1278.o
                0x0000000008000814                SX1278_sleep
 .text.SX1278_cad
                0x0000000008000834       0x20 Core/Src/SX1278.o
                0x0000000008000834                SX1278_cad
 .text.SX1278_entryLoRa
                0x0000000008000854       0x1a Core/Src/SX1278.o
                0x0000000008000854                SX1278_entryLoRa
 .text.SX1278_clearLoRaIrq
                0x000000000800086e       0x38 Core/Src/SX1278.o
                0x000000000800086e                SX1278_clearLoRaIrq
 .text.SX1278_LoRaEntryRx
                0x00000000080008a6       0xca Core/Src/SX1278.o
                0x00000000080008a6                SX1278_LoRaEntryRx
 .text.SX1278_LoRaRxPacketACK
                0x0000000008000970       0x54 Core/Src/SX1278.o
                0x0000000008000970                SX1278_LoRaRxPacketACK
 .text.SX1278_LoRaEntryTx
                0x00000000080009c4       0xb0 Core/Src/SX1278.o
                0x00000000080009c4                SX1278_LoRaEntryTx
 .text.SX1278_LoRaTxPacket
                0x0000000008000a74       0x7c Core/Src/SX1278.o
                0x0000000008000a74                SX1278_LoRaTxPacket
 .text.SX1278_init
                0x0000000008000af0       0x6e Core/Src/SX1278.o
                0x0000000008000af0                SX1278_init
 .text.SX1278_setPacket
                0x0000000008000b5e       0xe4 Core/Src/SX1278.o
                0x0000000008000b5e                SX1278_setPacket
 .text.SX1278_truncPayload
                0x0000000008000c42       0x2a Core/Src/SX1278.o
                0x0000000008000c42                SX1278_truncPayload
 .text.SX1278_getACK
                0x0000000008000c6c       0xb0 Core/Src/SX1278.o
                0x0000000008000c6c                SX1278_getACK
 .text.SX1278_setNodeAddress
                0x0000000008000d1c       0x5c Core/Src/SX1278.o
                0x0000000008000d1c                SX1278_setNodeAddress
 .text.SX1278_getNodeAddress
                0x0000000008000d78       0x44 Core/Src/SX1278.o
                0x0000000008000d78                SX1278_getNodeAddress
 .text.SX1278_Compare
                0x0000000008000dbc       0x62 Core/Src/SX1278.o
                0x0000000008000dbc                SX1278_Compare
 .text.SX1278_copypacket
                0x0000000008000e1e       0x72 Core/Src/SX1278.o
                0x0000000008000e1e                SX1278_copypacket
 .text.SX1278_LoRaTxPacketRetry
                0x0000000008000e90       0x84 Core/Src/SX1278.o
                0x0000000008000e90                SX1278_LoRaTxPacketRetry
 .text.SX1278_setPacketRetry
                0x0000000008000f14       0x84 Core/Src/SX1278.o
                0x0000000008000f14                SX1278_setPacketRetry
 .text.SX1278_hw_init
                0x0000000008000f98       0x2a Core/Src/SX1278_hw.o
                0x0000000008000f98                SX1278_hw_init
 .text.SX1278_hw_SetNSS
                0x0000000008000fc2       0x2e Core/Src/SX1278_hw.o
                0x0000000008000fc2                SX1278_hw_SetNSS
 .text.SX1278_hw_Reset
                0x0000000008000ff0       0x48 Core/Src/SX1278_hw.o
                0x0000000008000ff0                SX1278_hw_Reset
 .text.SX1278_hw_SPICommand
                0x0000000008001038       0x3e Core/Src/SX1278_hw.o
                0x0000000008001038                SX1278_hw_SPICommand
 .text.SX1278_hw_SPIReadByte
                0x0000000008001076       0x4c Core/Src/SX1278_hw.o
                0x0000000008001076                SX1278_hw_SPIReadByte
 .text.SX1278_hw_DelayMs
                0x00000000080010c2       0x16 Core/Src/SX1278_hw.o
                0x00000000080010c2                SX1278_hw_DelayMs
 .text.SX1278_hw_GetDIO0
                0x00000000080010d8       0x2e Core/Src/SX1278_hw.o
                0x00000000080010d8                SX1278_hw_GetDIO0
 *fill*         0x0000000008001106        0x2 
 .text.MX_GPIO_Init
                0x0000000008001108      0x128 Core/Src/gpio.o
                0x0000000008001108                MX_GPIO_Init
 .text.ITM_SendChar
                0x0000000008001230       0x4e Core/Src/main.o
 *fill*         0x000000000800127e        0x2 
 .text._write   0x0000000008001280       0x4c Core/Src/main.o
                0x0000000008001280                _write
 *fill*         0x00000000080012cc        0x4 
 .text.main     0x00000000080012d0      0x278 Core/Src/main.o
                0x00000000080012d0                main
 .text.SystemClock_Config
                0x0000000008001548       0xfa Core/Src/main.o
                0x0000000008001548                SystemClock_Config
 *fill*         0x0000000008001642        0x2 
 .text.HAL_TIM_PeriodElapsedCallback
                0x0000000008001644       0x2c Core/Src/main.o
                0x0000000008001644                HAL_TIM_PeriodElapsedCallback
 .text.HAL_GPIO_EXTI_Callback
                0x0000000008001670       0x24 Core/Src/main.o
                0x0000000008001670                HAL_GPIO_EXTI_Callback
 .text.Error_Handler
                0x0000000008001694        0xe Core/Src/main.o
                0x0000000008001694                Error_Handler
 *fill*         0x00000000080016a2        0x2 
 .text.MX_RTC_Init
                0x00000000080016a4       0xcc Core/Src/rtc.o
                0x00000000080016a4                MX_RTC_Init
 .text.HAL_RTC_MspInit
                0x0000000008001770       0x44 Core/Src/rtc.o
                0x0000000008001770                HAL_RTC_MspInit
 .text.MX_SPI2_Init
                0x00000000080017b4       0x7c Core/Src/spi.o
                0x00000000080017b4                MX_SPI2_Init
 .text.HAL_SPI_MspInit
                0x0000000008001830       0xc4 Core/Src/spi.o
                0x0000000008001830                HAL_SPI_MspInit
 .text.HAL_MspInit
                0x00000000080018f4       0x48 Core/Src/stm32l4xx_hal_msp.o
                0x00000000080018f4                HAL_MspInit
 .text.NMI_Handler
                0x000000000800193c        0x6 Core/Src/stm32l4xx_it.o
                0x000000000800193c                NMI_Handler
 .text.HardFault_Handler
                0x0000000008001942        0x6 Core/Src/stm32l4xx_it.o
                0x0000000008001942                HardFault_Handler
 .text.MemManage_Handler
                0x0000000008001948        0x6 Core/Src/stm32l4xx_it.o
                0x0000000008001948                MemManage_Handler
 .text.BusFault_Handler
                0x000000000800194e        0x6 Core/Src/stm32l4xx_it.o
                0x000000000800194e                BusFault_Handler
 .text.UsageFault_Handler
                0x0000000008001954        0x6 Core/Src/stm32l4xx_it.o
                0x0000000008001954                UsageFault_Handler
 .text.SVC_Handler
                0x000000000800195a        0xe Core/Src/stm32l4xx_it.o
                0x000000000800195a                SVC_Handler
 .text.DebugMon_Handler
                0x0000000008001968        0xe Core/Src/stm32l4xx_it.o
                0x0000000008001968                DebugMon_Handler
 .text.PendSV_Handler
                0x0000000008001976        0xe Core/Src/stm32l4xx_it.o
                0x0000000008001976                PendSV_Handler
 .text.SysTick_Handler
                0x0000000008001984        0xc Core/Src/stm32l4xx_it.o
                0x0000000008001984                SysTick_Handler
 .text.RTC_WKUP_IRQHandler
                0x0000000008001990       0x14 Core/Src/stm32l4xx_it.o
                0x0000000008001990                RTC_WKUP_IRQHandler
 .text.EXTI0_IRQHandler
                0x00000000080019a4        0xe Core/Src/stm32l4xx_it.o
                0x00000000080019a4                EXTI0_IRQHandler
 *fill*         0x00000000080019b2        0x2 
 .text.TIM1_UP_TIM16_IRQHandler
                0x00000000080019b4       0x14 Core/Src/stm32l4xx_it.o
                0x00000000080019b4                TIM1_UP_TIM16_IRQHandler
 .text.TIM1_TRG_COM_TIM17_IRQHandler
                0x00000000080019c8       0x14 Core/Src/stm32l4xx_it.o
                0x00000000080019c8                TIM1_TRG_COM_TIM17_IRQHandler
 .text.EXTI15_10_IRQHandler
                0x00000000080019dc       0x10 Core/Src/stm32l4xx_it.o
                0x00000000080019dc                EXTI15_10_IRQHandler
 .text._read    0x00000000080019ec       0x3a Core/Src/syscalls.o
                0x00000000080019ec                _read
 .text._close   0x0000000008001a26       0x18 Core/Src/syscalls.o
                0x0000000008001a26                _close
 .text._fstat   0x0000000008001a3e       0x20 Core/Src/syscalls.o
                0x0000000008001a3e                _fstat
 .text._isatty  0x0000000008001a5e       0x16 Core/Src/syscalls.o
                0x0000000008001a5e                _isatty
 .text._lseek   0x0000000008001a74       0x1a Core/Src/syscalls.o
                0x0000000008001a74                _lseek
 *fill*         0x0000000008001a8e        0x2 
 .text._sbrk    0x0000000008001a90       0x6c Core/Src/sysmem.o
                0x0000000008001a90                _sbrk
 .text.SystemInit
                0x0000000008001afc       0x6c Core/Src/system_stm32l4xx.o
                0x0000000008001afc                SystemInit
 .text.MX_TIM16_Init
                0x0000000008001b68       0x50 Core/Src/tim.o
                0x0000000008001b68                MX_TIM16_Init
 .text.MX_TIM17_Init
                0x0000000008001bb8       0x50 Core/Src/tim.o
                0x0000000008001bb8                MX_TIM17_Init
 .text.HAL_TIM_Base_MspInit
                0x0000000008001c08       0x84 Core/Src/tim.o
                0x0000000008001c08                HAL_TIM_Base_MspInit
 .text.MX_USART2_UART_Init
                0x0000000008001c8c       0x60 Core/Src/usart.o
                0x0000000008001c8c                MX_USART2_UART_Init
 .text.HAL_UART_MspInit
                0x0000000008001cec       0x84 Core/Src/usart.o
                0x0000000008001cec                HAL_UART_MspInit
 .text.Reset_Handler
                0x0000000008001d70       0x50 Core/Startup/startup_stm32l476rgtx.o
                0x0000000008001d70                Reset_Handler
 .text.Default_Handler
                0x0000000008001dc0        0x2 Core/Startup/startup_stm32l476rgtx.o
                0x0000000008001dc0                RTC_Alarm_IRQHandler
                0x0000000008001dc0                EXTI2_IRQHandler
                0x0000000008001dc0                TIM8_TRG_COM_IRQHandler
                0x0000000008001dc0                TIM8_CC_IRQHandler
                0x0000000008001dc0                TIM1_CC_IRQHandler
                0x0000000008001dc0                TSC_IRQHandler
                0x0000000008001dc0                TAMP_STAMP_IRQHandler
                0x0000000008001dc0                EXTI3_IRQHandler
                0x0000000008001dc0                LPTIM2_IRQHandler
                0x0000000008001dc0                DFSDM1_FLT1_IRQHandler
                0x0000000008001dc0                I2C3_ER_IRQHandler
                0x0000000008001dc0                DFSDM1_FLT2_IRQHandler
                0x0000000008001dc0                I2C2_EV_IRQHandler
                0x0000000008001dc0                CAN1_RX0_IRQHandler
                0x0000000008001dc0                FPU_IRQHandler
                0x0000000008001dc0                ADC1_2_IRQHandler
                0x0000000008001dc0                SPI1_IRQHandler
                0x0000000008001dc0                TIM6_DAC_IRQHandler
                0x0000000008001dc0                TIM8_UP_IRQHandler
                0x0000000008001dc0                DMA2_Channel2_IRQHandler
                0x0000000008001dc0                DMA1_Channel4_IRQHandler
                0x0000000008001dc0                SAI2_IRQHandler
                0x0000000008001dc0                DFSDM1_FLT3_IRQHandler
                0x0000000008001dc0                USART3_IRQHandler
                0x0000000008001dc0                DMA1_Channel7_IRQHandler
                0x0000000008001dc0                CAN1_RX1_IRQHandler
                0x0000000008001dc0                LCD_IRQHandler
                0x0000000008001dc0                UART5_IRQHandler
                0x0000000008001dc0                ADC3_IRQHandler
                0x0000000008001dc0                TIM4_IRQHandler
                0x0000000008001dc0                DMA2_Channel1_IRQHandler
                0x0000000008001dc0                QUADSPI_IRQHandler
                0x0000000008001dc0                I2C1_EV_IRQHandler
                0x0000000008001dc0                DMA1_Channel6_IRQHandler
                0x0000000008001dc0                UART4_IRQHandler
                0x0000000008001dc0                DMA2_Channel4_IRQHandler
                0x0000000008001dc0                TIM3_IRQHandler
                0x0000000008001dc0                RCC_IRQHandler
                0x0000000008001dc0                DMA1_Channel1_IRQHandler
                0x0000000008001dc0                Default_Handler
                0x0000000008001dc0                DMA2_Channel7_IRQHandler
                0x0000000008001dc0                TIM7_IRQHandler
                0x0000000008001dc0                SDMMC1_IRQHandler
                0x0000000008001dc0                TIM5_IRQHandler
                0x0000000008001dc0                I2C3_EV_IRQHandler
                0x0000000008001dc0                EXTI9_5_IRQHandler
                0x0000000008001dc0                PVD_PVM_IRQHandler
                0x0000000008001dc0                SPI2_IRQHandler
                0x0000000008001dc0                CAN1_TX_IRQHandler
                0x0000000008001dc0                DMA2_Channel5_IRQHandler
                0x0000000008001dc0                DMA1_Channel5_IRQHandler
                0x0000000008001dc0                EXTI4_IRQHandler
                0x0000000008001dc0                RNG_IRQHandler
                0x0000000008001dc0                DMA1_Channel3_IRQHandler
                0x0000000008001dc0                COMP_IRQHandler
                0x0000000008001dc0                WWDG_IRQHandler
                0x0000000008001dc0                LPUART1_IRQHandler
                0x0000000008001dc0                DMA2_Channel6_IRQHandler
                0x0000000008001dc0                TIM2_IRQHandler
                0x0000000008001dc0                EXTI1_IRQHandler
                0x0000000008001dc0                USART2_IRQHandler
                0x0000000008001dc0                DFSDM1_FLT0_IRQHandler
                0x0000000008001dc0                I2C2_ER_IRQHandler
                0x0000000008001dc0                DMA1_Channel2_IRQHandler
                0x0000000008001dc0                TIM8_BRK_IRQHandler
                0x0000000008001dc0                CAN1_SCE_IRQHandler
                0x0000000008001dc0                FLASH_IRQHandler
                0x0000000008001dc0                USART1_IRQHandler
                0x0000000008001dc0                OTG_FS_IRQHandler
                0x0000000008001dc0                SPI3_IRQHandler
                0x0000000008001dc0                I2C1_ER_IRQHandler
                0x0000000008001dc0                FMC_IRQHandler
                0x0000000008001dc0                SWPMI1_IRQHandler
                0x0000000008001dc0                LPTIM1_IRQHandler
                0x0000000008001dc0                SAI1_IRQHandler
                0x0000000008001dc0                DMA2_Channel3_IRQHandler
                0x0000000008001dc0                TIM1_BRK_TIM15_IRQHandler
 *fill*         0x0000000008001dc2        0x2 
 .text.HAL_Init
                0x0000000008001dc4       0x40 Drivers/STM32L4xx_HAL_Driver/Src/stm32l4xx_hal.o
                0x0000000008001dc4                HAL_Init
 .text.HAL_InitTick
                0x0000000008001e04       0x78 Drivers/STM32L4xx_HAL_Driver/Src/stm32l4xx_hal.o
                0x0000000008001e04                HAL_InitTick
 .text.HAL_IncTick
                0x0000000008001e7c       0x28 Drivers/STM32L4xx_HAL_Driver/Src/stm32l4xx_hal.o
                0x0000000008001e7c                HAL_IncTick
 .text.HAL_GetTick
                0x0000000008001ea4       0x18 Drivers/STM32L4xx_HAL_Driver/Src/stm32l4xx_hal.o
                0x0000000008001ea4                HAL_GetTick
 .text.HAL_Delay
                0x0000000008001ebc       0x44 Drivers/STM32L4xx_HAL_Driver/Src/stm32l4xx_hal.o
                0x0000000008001ebc                HAL_Delay
 .text.__NVIC_SetPriorityGrouping
                0x0000000008001f00       0x48 Drivers/STM32L4xx_HAL_Driver/Src/stm32l4xx_hal_cortex.o
 .text.__NVIC_GetPriorityGrouping
                0x0000000008001f48       0x1c Drivers/STM32L4xx_HAL_Driver/Src/stm32l4xx_hal_cortex.o
 .text.__NVIC_EnableIRQ
                0x0000000008001f64       0x3c Drivers/STM32L4xx_HAL_Driver/Src/stm32l4xx_hal_cortex.o
 .text.__NVIC_SetPriority
                0x0000000008001fa0       0x54 Drivers/STM32L4xx_HAL_Driver/Src/stm32l4xx_hal_cortex.o
 .text.NVIC_EncodePriority
                0x0000000008001ff4       0x66 Drivers/STM32L4xx_HAL_Driver/Src/stm32l4xx_hal_cortex.o
 *fill*         0x000000000800205a        0x2 
 .text.SysTick_Config
                0x000000000800205c       0x44 Drivers/STM32L4xx_HAL_Driver/Src/stm32l4xx_hal_cortex.o
 .text.HAL_NVIC_SetPriorityGrouping
                0x00000000080020a0       0x16 Drivers/STM32L4xx_HAL_Driver/Src/stm32l4xx_hal_cortex.o
                0x00000000080020a0                HAL_NVIC_SetPriorityGrouping
 .text.HAL_NVIC_SetPriority
                0x00000000080020b6       0x38 Drivers/STM32L4xx_HAL_Driver/Src/stm32l4xx_hal_cortex.o
                0x00000000080020b6                HAL_NVIC_SetPriority
 .text.HAL_NVIC_EnableIRQ
                0x00000000080020ee       0x1c Drivers/STM32L4xx_HAL_Driver/Src/stm32l4xx_hal_cortex.o
                0x00000000080020ee                HAL_NVIC_EnableIRQ
 .text.HAL_SYSTICK_Config
                0x000000000800210a       0x18 Drivers/STM32L4xx_HAL_Driver/Src/stm32l4xx_hal_cortex.o
                0x000000000800210a                HAL_SYSTICK_Config
 *fill*         0x0000000008002122        0x2 
 .text.HAL_GPIO_Init
                0x0000000008002124      0x350 Drivers/STM32L4xx_HAL_Driver/Src/stm32l4xx_hal_gpio.o
                0x0000000008002124                HAL_GPIO_Init
 .text.HAL_GPIO_ReadPin
                0x0000000008002474       0x30 Drivers/STM32L4xx_HAL_Driver/Src/stm32l4xx_hal_gpio.o
                0x0000000008002474                HAL_GPIO_ReadPin
 .text.HAL_GPIO_WritePin
                0x00000000080024a4       0x30 Drivers/STM32L4xx_HAL_Driver/Src/stm32l4xx_hal_gpio.o
                0x00000000080024a4                HAL_GPIO_WritePin
 .text.HAL_GPIO_TogglePin
                0x00000000080024d4       0x34 Drivers/STM32L4xx_HAL_Driver/Src/stm32l4xx_hal_gpio.o
                0x00000000080024d4                HAL_GPIO_TogglePin
 .text.HAL_GPIO_EXTI_IRQHandler
                0x0000000008002508       0x30 Drivers/STM32L4xx_HAL_Driver/Src/stm32l4xx_hal_gpio.o
                0x0000000008002508                HAL_GPIO_EXTI_IRQHandler
 .text.HAL_PWREx_GetVoltageRange
                0x0000000008002538       0x1c Drivers/STM32L4xx_HAL_Driver/Src/stm32l4xx_hal_pwr_ex.o
                0x0000000008002538                HAL_PWREx_GetVoltageRange
 .text.HAL_PWREx_ControlVoltageScaling
                0x0000000008002554       0xac Drivers/STM32L4xx_HAL_Driver/Src/stm32l4xx_hal_pwr_ex.o
                0x0000000008002554                HAL_PWREx_ControlVoltageScaling
 .text.HAL_RCC_OscConfig
                0x0000000008002600      0x7cc Drivers/STM32L4xx_HAL_Driver/Src/stm32l4xx_hal_rcc.o
                0x0000000008002600                HAL_RCC_OscConfig
 .text.HAL_RCC_ClockConfig
                0x0000000008002dcc      0x1c4 Drivers/STM32L4xx_HAL_Driver/Src/stm32l4xx_hal_rcc.o
                0x0000000008002dcc                HAL_RCC_ClockConfig
 .text.HAL_RCC_GetSysClockFreq
                0x0000000008002f90      0x114 Drivers/STM32L4xx_HAL_Driver/Src/stm32l4xx_hal_rcc.o
                0x0000000008002f90                HAL_RCC_GetSysClockFreq
 .text.HAL_RCC_GetHCLKFreq
                0x00000000080030a4       0x18 Drivers/STM32L4xx_HAL_Driver/Src/stm32l4xx_hal_rcc.o
                0x00000000080030a4                HAL_RCC_GetHCLKFreq
 .text.HAL_RCC_GetPCLK1Freq
                0x00000000080030bc       0x2c Drivers/STM32L4xx_HAL_Driver/Src/stm32l4xx_hal_rcc.o
                0x00000000080030bc                HAL_RCC_GetPCLK1Freq
 .text.HAL_RCC_GetPCLK2Freq
                0x00000000080030e8       0x2c Drivers/STM32L4xx_HAL_Driver/Src/stm32l4xx_hal_rcc.o
                0x00000000080030e8                HAL_RCC_GetPCLK2Freq
 .text.RCC_SetFlashLatencyFromMSIRange
                0x0000000008003114       0xc0 Drivers/STM32L4xx_HAL_Driver/Src/stm32l4xx_hal_rcc.o
 .text.HAL_RCCEx_PeriphCLKConfig
                0x00000000080031d4      0x5cc Drivers/STM32L4xx_HAL_Driver/Src/stm32l4xx_hal_rcc_ex.o
                0x00000000080031d4                HAL_RCCEx_PeriphCLKConfig
 .text.RCCEx_PLLSAI1_Config
                0x00000000080037a0      0x1e0 Drivers/STM32L4xx_HAL_Driver/Src/stm32l4xx_hal_rcc_ex.o
 .text.RCCEx_PLLSAI2_Config
                0x0000000008003980      0x1b4 Drivers/STM32L4xx_HAL_Driver/Src/stm32l4xx_hal_rcc_ex.o
 .text.HAL_RTC_Init
                0x0000000008003b34       0xf6 Drivers/STM32L4xx_HAL_Driver/Src/stm32l4xx_hal_rtc.o
                0x0000000008003b34                HAL_RTC_Init
 .text.HAL_RTC_SetTime
                0x0000000008003c2a      0x13a Drivers/STM32L4xx_HAL_Driver/Src/stm32l4xx_hal_rtc.o
                0x0000000008003c2a                HAL_RTC_SetTime
 .text.HAL_RTC_SetDate
                0x0000000008003d64      0x10e Drivers/STM32L4xx_HAL_Driver/Src/stm32l4xx_hal_rtc.o
                0x0000000008003d64                HAL_RTC_SetDate
 .text.HAL_RTC_WaitForSynchro
                0x0000000008003e72       0x4c Drivers/STM32L4xx_HAL_Driver/Src/stm32l4xx_hal_rtc.o
                0x0000000008003e72                HAL_RTC_WaitForSynchro
 .text.RTC_EnterInitMode
                0x0000000008003ebe       0x66 Drivers/STM32L4xx_HAL_Driver/Src/stm32l4xx_hal_rtc.o
                0x0000000008003ebe                RTC_EnterInitMode
 .text.RTC_ExitInitMode
                0x0000000008003f24       0x7c Drivers/STM32L4xx_HAL_Driver/Src/stm32l4xx_hal_rtc.o
                0x0000000008003f24                RTC_ExitInitMode
 .text.RTC_ByteToBcd2
                0x0000000008003fa0       0x40 Drivers/STM32L4xx_HAL_Driver/Src/stm32l4xx_hal_rtc.o
                0x0000000008003fa0                RTC_ByteToBcd2
 .text.HAL_RTCEx_SetWakeUpTimer_IT
                0x0000000008003fe0      0x128 Drivers/STM32L4xx_HAL_Driver/Src/stm32l4xx_hal_rtc_ex.o
                0x0000000008003fe0                HAL_RTCEx_SetWakeUpTimer_IT
 .text.HAL_RTCEx_WakeUpTimerIRQHandler
                0x0000000008004108       0x4c Drivers/STM32L4xx_HAL_Driver/Src/stm32l4xx_hal_rtc_ex.o
                0x0000000008004108                HAL_RTCEx_WakeUpTimerIRQHandler
 .text.HAL_RTCEx_WakeUpTimerEventCallback
                0x0000000008004154       0x14 Drivers/STM32L4xx_HAL_Driver/Src/stm32l4xx_hal_rtc_ex.o
                0x0000000008004154                HAL_RTCEx_WakeUpTimerEventCallback
 .text.HAL_SPI_Init
                0x0000000008004168      0x146 Drivers/STM32L4xx_HAL_Driver/Src/stm32l4xx_hal_spi.o
                0x0000000008004168                HAL_SPI_Init
 .text.HAL_SPI_Transmit
                0x00000000080042ae      0x2dc Drivers/STM32L4xx_HAL_Driver/Src/stm32l4xx_hal_spi.o
                0x00000000080042ae                HAL_SPI_Transmit
 .text.HAL_SPI_TransmitReceive
                0x000000000800458a      0x426 Drivers/STM32L4xx_HAL_Driver/Src/stm32l4xx_hal_spi.o
                0x000000000800458a                HAL_SPI_TransmitReceive
 .text.HAL_SPI_GetState
                0x00000000080049b0       0x1c Drivers/STM32L4xx_HAL_Driver/Src/stm32l4xx_hal_spi.o
                0x00000000080049b0                HAL_SPI_GetState
 .text.SPI_WaitFlagStateUntilTimeout
                0x00000000080049cc      0x110 Drivers/STM32L4xx_HAL_Driver/Src/stm32l4xx_hal_spi.o
 .text.SPI_WaitFifoStateUntilTimeout
                0x0000000008004adc      0x11c Drivers/STM32L4xx_HAL_Driver/Src/stm32l4xx_hal_spi.o
 .text.SPI_EndRxTxTransaction
                0x0000000008004bf8       0x8c Drivers/STM32L4xx_HAL_Driver/Src/stm32l4xx_hal_spi.o
 .text.HAL_TIM_Base_Init
                0x0000000008004c84       0xae Drivers/STM32L4xx_HAL_Driver/Src/stm32l4xx_hal_tim.o
                0x0000000008004c84                HAL_TIM_Base_Init
 .text.HAL_TIM_Base_Stop
                0x0000000008004d32       0x4e Drivers/STM32L4xx_HAL_Driver/Src/stm32l4xx_hal_tim.o
                0x0000000008004d32                HAL_TIM_Base_Stop
 .text.HAL_TIM_Base_Start_IT
                0x0000000008004d80       0xe0 Drivers/STM32L4xx_HAL_Driver/Src/stm32l4xx_hal_tim.o
                0x0000000008004d80                HAL_TIM_Base_Start_IT
 .text.HAL_TIM_IRQHandler
                0x0000000008004e60      0x23e Drivers/STM32L4xx_HAL_Driver/Src/stm32l4xx_hal_tim.o
                0x0000000008004e60                HAL_TIM_IRQHandler
 .text.HAL_TIM_OC_DelayElapsedCallback
                0x000000000800509e       0x14 Drivers/STM32L4xx_HAL_Driver/Src/stm32l4xx_hal_tim.o
                0x000000000800509e                HAL_TIM_OC_DelayElapsedCallback
 .text.HAL_TIM_IC_CaptureCallback
                0x00000000080050b2       0x14 Drivers/STM32L4xx_HAL_Driver/Src/stm32l4xx_hal_tim.o
                0x00000000080050b2                HAL_TIM_IC_CaptureCallback
 .text.HAL_TIM_PWM_PulseFinishedCallback
                0x00000000080050c6       0x14 Drivers/STM32L4xx_HAL_Driver/Src/stm32l4xx_hal_tim.o
                0x00000000080050c6                HAL_TIM_PWM_PulseFinishedCallback
 .text.HAL_TIM_TriggerCallback
                0x00000000080050da       0x14 Drivers/STM32L4xx_HAL_Driver/Src/stm32l4xx_hal_tim.o
                0x00000000080050da                HAL_TIM_TriggerCallback
 *fill*         0x00000000080050ee        0x2 
 .text.TIM_Base_SetConfig
                0x00000000080050f0      0x134 Drivers/STM32L4xx_HAL_Driver/Src/stm32l4xx_hal_tim.o
                0x00000000080050f0                TIM_Base_SetConfig
 .text.HAL_TIMEx_CommutCallback
                0x0000000008005224       0x14 Drivers/STM32L4xx_HAL_Driver/Src/stm32l4xx_hal_tim_ex.o
                0x0000000008005224                HAL_TIMEx_CommutCallback
 .text.HAL_TIMEx_BreakCallback
                0x0000000008005238       0x14 Drivers/STM32L4xx_HAL_Driver/Src/stm32l4xx_hal_tim_ex.o
                0x0000000008005238                HAL_TIMEx_BreakCallback
 .text.HAL_TIMEx_Break2Callback
                0x000000000800524c       0x14 Drivers/STM32L4xx_HAL_Driver/Src/stm32l4xx_hal_tim_ex.o
                0x000000000800524c                HAL_TIMEx_Break2Callback
 .text.HAL_UART_Init
                0x0000000008005260       0x9c Drivers/STM32L4xx_HAL_Driver/Src/stm32l4xx_hal_uart.o
                0x0000000008005260                HAL_UART_Init
 .text.HAL_UART_Transmit
                0x00000000080052fc      0x126 Drivers/STM32L4xx_HAL_Driver/Src/stm32l4xx_hal_uart.o
                0x00000000080052fc                HAL_UART_Transmit
 *fill*         0x0000000008005422        0x2 
 .text.UART_SetConfig
                0x0000000008005424      0x514 Drivers/STM32L4xx_HAL_Driver/Src/stm32l4xx_hal_uart.o
                0x0000000008005424                UART_SetConfig
 .text.UART_AdvFeatureConfig
                0x0000000008005938      0x144 Drivers/STM32L4xx_HAL_Driver/Src/stm32l4xx_hal_uart.o
                0x0000000008005938                UART_AdvFeatureConfig
 .text.UART_CheckIdleState
                0x0000000008005a7c       0x8a Drivers/STM32L4xx_HAL_Driver/Src/stm32l4xx_hal_uart.o
                0x0000000008005a7c                UART_CheckIdleState
 .text.UART_WaitOnFlagUntilTimeout
                0x0000000008005b06       0xf6 Drivers/STM32L4xx_HAL_Driver/Src/stm32l4xx_hal_uart.o
                0x0000000008005b06                UART_WaitOnFlagUntilTimeout
 .text.__errno  0x0000000008005bfc        0xc c:/st/stm32cubeide_1.5.0/stm32cubeide/plugins/com.st.stm32cube.ide.mcu.externaltools.gnu-tools-for-stm32.7-2018-q2-update.win32_1.5.0.202011040924/tools/bin/../lib/gcc/arm-none-eabi/7.3.1/../../../../arm-none-eabi/lib/thumb/v7e-m/fpv4-sp/hard\libc_nano.a(lib_a-errno.o)
                0x0000000008005bfc                __errno
 .text.__libc_init_array
                0x0000000008005c08       0x48 c:/st/stm32cubeide_1.5.0/stm32cubeide/plugins/com.st.stm32cube.ide.mcu.externaltools.gnu-tools-for-stm32.7-2018-q2-update.win32_1.5.0.202011040924/tools/bin/../lib/gcc/arm-none-eabi/7.3.1/../../../../arm-none-eabi/lib/thumb/v7e-m/fpv4-sp/hard\libc_nano.a(lib_a-init.o)
                0x0000000008005c08                __libc_init_array
 .text.memset   0x0000000008005c50       0x10 c:/st/stm32cubeide_1.5.0/stm32cubeide/plugins/com.st.stm32cube.ide.mcu.externaltools.gnu-tools-for-stm32.7-2018-q2-update.win32_1.5.0.202011040924/tools/bin/../lib/gcc/arm-none-eabi/7.3.1/../../../../arm-none-eabi/lib/thumb/v7e-m/fpv4-sp/hard\libc_nano.a(lib_a-memset.o)
                0x0000000008005c50                memset
 .text._puts_r  0x0000000008005c60       0xb8 c:/st/stm32cubeide_1.5.0/stm32cubeide/plugins/com.st.stm32cube.ide.mcu.externaltools.gnu-tools-for-stm32.7-2018-q2-update.win32_1.5.0.202011040924/tools/bin/../lib/gcc/arm-none-eabi/7.3.1/../../../../arm-none-eabi/lib/thumb/v7e-m/fpv4-sp/hard\libc_nano.a(lib_a-puts.o)
                0x0000000008005c60                _puts_r
 .text.puts     0x0000000008005d18       0x10 c:/st/stm32cubeide_1.5.0/stm32cubeide/plugins/com.st.stm32cube.ide.mcu.externaltools.gnu-tools-for-stm32.7-2018-q2-update.win32_1.5.0.202011040924/tools/bin/../lib/gcc/arm-none-eabi/7.3.1/../../../../arm-none-eabi/lib/thumb/v7e-m/fpv4-sp/hard\libc_nano.a(lib_a-puts.o)
                0x0000000008005d18                puts
 .text.__swbuf_r
                0x0000000008005d28       0xa4 c:/st/stm32cubeide_1.5.0/stm32cubeide/plugins/com.st.stm32cube.ide.mcu.externaltools.gnu-tools-for-stm32.7-2018-q2-update.win32_1.5.0.202011040924/tools/bin/../lib/gcc/arm-none-eabi/7.3.1/../../../../arm-none-eabi/lib/thumb/v7e-m/fpv4-sp/hard\libc_nano.a(lib_a-wbuf.o)
                0x0000000008005d28                __swbuf_r
 .text.__swsetup_r
                0x0000000008005dcc       0xdc c:/st/stm32cubeide_1.5.0/stm32cubeide/plugins/com.st.stm32cube.ide.mcu.externaltools.gnu-tools-for-stm32.7-2018-q2-update.win32_1.5.0.202011040924/tools/bin/../lib/gcc/arm-none-eabi/7.3.1/../../../../arm-none-eabi/lib/thumb/v7e-m/fpv4-sp/hard\libc_nano.a(lib_a-wsetup.o)
                0x0000000008005dcc                __swsetup_r
 .text.__sflush_r
                0x0000000008005ea8      0x10c c:/st/stm32cubeide_1.5.0/stm32cubeide/plugins/com.st.stm32cube.ide.mcu.externaltools.gnu-tools-for-stm32.7-2018-q2-update.win32_1.5.0.202011040924/tools/bin/../lib/gcc/arm-none-eabi/7.3.1/../../../../arm-none-eabi/lib/thumb/v7e-m/fpv4-sp/hard\libc_nano.a(lib_a-fflush.o)
                0x0000000008005ea8                __sflush_r
 .text._fflush_r
                0x0000000008005fb4       0x54 c:/st/stm32cubeide_1.5.0/stm32cubeide/plugins/com.st.stm32cube.ide.mcu.externaltools.gnu-tools-for-stm32.7-2018-q2-update.win32_1.5.0.202011040924/tools/bin/../lib/gcc/arm-none-eabi/7.3.1/../../../../arm-none-eabi/lib/thumb/v7e-m/fpv4-sp/hard\libc_nano.a(lib_a-fflush.o)
                0x0000000008005fb4                _fflush_r
 .text.std      0x0000000008006008       0x48 c:/st/stm32cubeide_1.5.0/stm32cubeide/plugins/com.st.stm32cube.ide.mcu.externaltools.gnu-tools-for-stm32.7-2018-q2-update.win32_1.5.0.202011040924/tools/bin/../lib/gcc/arm-none-eabi/7.3.1/../../../../arm-none-eabi/lib/thumb/v7e-m/fpv4-sp/hard\libc_nano.a(lib_a-findfp.o)
 .text._cleanup_r
                0x0000000008006050        0xc c:/st/stm32cubeide_1.5.0/stm32cubeide/plugins/com.st.stm32cube.ide.mcu.externaltools.gnu-tools-for-stm32.7-2018-q2-update.win32_1.5.0.202011040924/tools/bin/../lib/gcc/arm-none-eabi/7.3.1/../../../../arm-none-eabi/lib/thumb/v7e-m/fpv4-sp/hard\libc_nano.a(lib_a-findfp.o)
                0x0000000008006050                _cleanup_r
 .text.__sfmoreglue
                0x000000000800605c       0x2c c:/st/stm32cubeide_1.5.0/stm32cubeide/plugins/com.st.stm32cube.ide.mcu.externaltools.gnu-tools-for-stm32.7-2018-q2-update.win32_1.5.0.202011040924/tools/bin/../lib/gcc/arm-none-eabi/7.3.1/../../../../arm-none-eabi/lib/thumb/v7e-m/fpv4-sp/hard\libc_nano.a(lib_a-findfp.o)
                0x000000000800605c                __sfmoreglue
 .text.__sinit  0x0000000008006088       0x60 c:/st/stm32cubeide_1.5.0/stm32cubeide/plugins/com.st.stm32cube.ide.mcu.externaltools.gnu-tools-for-stm32.7-2018-q2-update.win32_1.5.0.202011040924/tools/bin/../lib/gcc/arm-none-eabi/7.3.1/../../../../arm-none-eabi/lib/thumb/v7e-m/fpv4-sp/hard\libc_nano.a(lib_a-findfp.o)
                0x0000000008006088                __sinit
 .text.__sfp    0x00000000080060e8       0x78 c:/st/stm32cubeide_1.5.0/stm32cubeide/plugins/com.st.stm32cube.ide.mcu.externaltools.gnu-tools-for-stm32.7-2018-q2-update.win32_1.5.0.202011040924/tools/bin/../lib/gcc/arm-none-eabi/7.3.1/../../../../arm-none-eabi/lib/thumb/v7e-m/fpv4-sp/hard\libc_nano.a(lib_a-findfp.o)
                0x00000000080060e8                __sfp
 .text._fwalk_reent
                0x0000000008006160       0x3c c:/st/stm32cubeide_1.5.0/stm32cubeide/plugins/com.st.stm32cube.ide.mcu.externaltools.gnu-tools-for-stm32.7-2018-q2-update.win32_1.5.0.202011040924/tools/bin/../lib/gcc/arm-none-eabi/7.3.1/../../../../arm-none-eabi/lib/thumb/v7e-m/fpv4-sp/hard\libc_nano.a(lib_a-fwalk.o)
                0x0000000008006160                _fwalk_reent
 .text.__swhatbuf_r
                0x000000000800619c       0x48 c:/st/stm32cubeide_1.5.0/stm32cubeide/plugins/com.st.stm32cube.ide.mcu.externaltools.gnu-tools-for-stm32.7-2018-q2-update.win32_1.5.0.202011040924/tools/bin/../lib/gcc/arm-none-eabi/7.3.1/../../../../arm-none-eabi/lib/thumb/v7e-m/fpv4-sp/hard\libc_nano.a(lib_a-makebuf.o)
                0x000000000800619c                __swhatbuf_r
 .text.__smakebuf_r
                0x00000000080061e4       0x80 c:/st/stm32cubeide_1.5.0/stm32cubeide/plugins/com.st.stm32cube.ide.mcu.externaltools.gnu-tools-for-stm32.7-2018-q2-update.win32_1.5.0.202011040924/tools/bin/../lib/gcc/arm-none-eabi/7.3.1/../../../../arm-none-eabi/lib/thumb/v7e-m/fpv4-sp/hard\libc_nano.a(lib_a-makebuf.o)
                0x00000000080061e4                __smakebuf_r
 .text._free_r  0x0000000008006264       0x9c c:/st/stm32cubeide_1.5.0/stm32cubeide/plugins/com.st.stm32cube.ide.mcu.externaltools.gnu-tools-for-stm32.7-2018-q2-update.win32_1.5.0.202011040924/tools/bin/../lib/gcc/arm-none-eabi/7.3.1/../../../../arm-none-eabi/lib/thumb/v7e-m/fpv4-sp/hard\libc_nano.a(lib_a-nano-freer.o)
                0x0000000008006264                _free_r
 .text._malloc_r
                0x0000000008006300       0xb4 c:/st/stm32cubeide_1.5.0/stm32cubeide/plugins/com.st.stm32cube.ide.mcu.externaltools.gnu-tools-for-stm32.7-2018-q2-update.win32_1.5.0.202011040924/tools/bin/../lib/gcc/arm-none-eabi/7.3.1/../../../../arm-none-eabi/lib/thumb/v7e-m/fpv4-sp/hard\libc_nano.a(lib_a-nano-mallocr.o)
                0x0000000008006300                _malloc_r
 .text._sbrk_r  0x00000000080063b4       0x20 c:/st/stm32cubeide_1.5.0/stm32cubeide/plugins/com.st.stm32cube.ide.mcu.externaltools.gnu-tools-for-stm32.7-2018-q2-update.win32_1.5.0.202011040924/tools/bin/../lib/gcc/arm-none-eabi/7.3.1/../../../../arm-none-eabi/lib/thumb/v7e-m/fpv4-sp/hard\libc_nano.a(lib_a-sbrkr.o)
                0x00000000080063b4                _sbrk_r
 .text.__sread  0x00000000080063d4       0x22 c:/st/stm32cubeide_1.5.0/stm32cubeide/plugins/com.st.stm32cube.ide.mcu.externaltools.gnu-tools-for-stm32.7-2018-q2-update.win32_1.5.0.202011040924/tools/bin/../lib/gcc/arm-none-eabi/7.3.1/../../../../arm-none-eabi/lib/thumb/v7e-m/fpv4-sp/hard\libc_nano.a(lib_a-stdio.o)
                0x00000000080063d4                __sread
 .text.__swrite
                0x00000000080063f6       0x38 c:/st/stm32cubeide_1.5.0/stm32cubeide/plugins/com.st.stm32cube.ide.mcu.externaltools.gnu-tools-for-stm32.7-2018-q2-update.win32_1.5.0.202011040924/tools/bin/../lib/gcc/arm-none-eabi/7.3.1/../../../../arm-none-eabi/lib/thumb/v7e-m/fpv4-sp/hard\libc_nano.a(lib_a-stdio.o)
                0x00000000080063f6                __swrite
 .text.__sseek  0x000000000800642e       0x24 c:/st/stm32cubeide_1.5.0/stm32cubeide/plugins/com.st.stm32cube.ide.mcu.externaltools.gnu-tools-for-stm32.7-2018-q2-update.win32_1.5.0.202011040924/tools/bin/../lib/gcc/arm-none-eabi/7.3.1/../../../../arm-none-eabi/lib/thumb/v7e-m/fpv4-sp/hard\libc_nano.a(lib_a-stdio.o)
                0x000000000800642e                __sseek
 .text.__sclose
                0x0000000008006452        0x8 c:/st/stm32cubeide_1.5.0/stm32cubeide/plugins/com.st.stm32cube.ide.mcu.externaltools.gnu-tools-for-stm32.7-2018-q2-update.win32_1.5.0.202011040924/tools/bin/../lib/gcc/arm-none-eabi/7.3.1/../../../../arm-none-eabi/lib/thumb/v7e-m/fpv4-sp/hard\libc_nano.a(lib_a-stdio.o)
                0x0000000008006452                __sclose
 *fill*         0x000000000800645a        0x2 
 .text._write_r
                0x000000000800645c       0x24 c:/st/stm32cubeide_1.5.0/stm32cubeide/plugins/com.st.stm32cube.ide.mcu.externaltools.gnu-tools-for-stm32.7-2018-q2-update.win32_1.5.0.202011040924/tools/bin/../lib/gcc/arm-none-eabi/7.3.1/../../../../arm-none-eabi/lib/thumb/v7e-m/fpv4-sp/hard\libc_nano.a(lib_a-writer.o)
                0x000000000800645c                _write_r
 .text._close_r
                0x0000000008006480       0x20 c:/st/stm32cubeide_1.5.0/stm32cubeide/plugins/com.st.stm32cube.ide.mcu.externaltools.gnu-tools-for-stm32.7-2018-q2-update.win32_1.5.0.202011040924/tools/bin/../lib/gcc/arm-none-eabi/7.3.1/../../../../arm-none-eabi/lib/thumb/v7e-m/fpv4-sp/hard\libc_nano.a(lib_a-closer.o)
                0x0000000008006480                _close_r
 .text._fstat_r
                0x00000000080064a0       0x24 c:/st/stm32cubeide_1.5.0/stm32cubeide/plugins/com.st.stm32cube.ide.mcu.externaltools.gnu-tools-for-stm32.7-2018-q2-update.win32_1.5.0.202011040924/tools/bin/../lib/gcc/arm-none-eabi/7.3.1/../../../../arm-none-eabi/lib/thumb/v7e-m/fpv4-sp/hard\libc_nano.a(lib_a-fstatr.o)
                0x00000000080064a0                _fstat_r
 .text._isatty_r
                0x00000000080064c4       0x20 c:/st/stm32cubeide_1.5.0/stm32cubeide/plugins/com.st.stm32cube.ide.mcu.externaltools.gnu-tools-for-stm32.7-2018-q2-update.win32_1.5.0.202011040924/tools/bin/../lib/gcc/arm-none-eabi/7.3.1/../../../../arm-none-eabi/lib/thumb/v7e-m/fpv4-sp/hard\libc_nano.a(lib_a-isattyr.o)
                0x00000000080064c4                _isatty_r
 .text._lseek_r
                0x00000000080064e4       0x24 c:/st/stm32cubeide_1.5.0/stm32cubeide/plugins/com.st.stm32cube.ide.mcu.externaltools.gnu-tools-for-stm32.7-2018-q2-update.win32_1.5.0.202011040924/tools/bin/../lib/gcc/arm-none-eabi/7.3.1/../../../../arm-none-eabi/lib/thumb/v7e-m/fpv4-sp/hard\libc_nano.a(lib_a-lseekr.o)
                0x00000000080064e4                _lseek_r
 .text.__malloc_lock
                0x0000000008006508        0x2 c:/st/stm32cubeide_1.5.0/stm32cubeide/plugins/com.st.stm32cube.ide.mcu.externaltools.gnu-tools-for-stm32.7-2018-q2-update.win32_1.5.0.202011040924/tools/bin/../lib/gcc/arm-none-eabi/7.3.1/../../../../arm-none-eabi/lib/thumb/v7e-m/fpv4-sp/hard\libc_nano.a(lib_a-mlock.o)
                0x0000000008006508                __malloc_lock
 .text.__malloc_unlock
                0x000000000800650a        0x2 c:/st/stm32cubeide_1.5.0/stm32cubeide/plugins/com.st.stm32cube.ide.mcu.externaltools.gnu-tools-for-stm32.7-2018-q2-update.win32_1.5.0.202011040924/tools/bin/../lib/gcc/arm-none-eabi/7.3.1/../../../../arm-none-eabi/lib/thumb/v7e-m/fpv4-sp/hard\libc_nano.a(lib_a-mlock.o)
                0x000000000800650a                __malloc_unlock
 .text._read_r  0x000000000800650c       0x24 c:/st/stm32cubeide_1.5.0/stm32cubeide/plugins/com.st.stm32cube.ide.mcu.externaltools.gnu-tools-for-stm32.7-2018-q2-update.win32_1.5.0.202011040924/tools/bin/../lib/gcc/arm-none-eabi/7.3.1/../../../../arm-none-eabi/lib/thumb/v7e-m/fpv4-sp/hard\libc_nano.a(lib_a-readr.o)
                0x000000000800650c                _read_r
 *(.glue_7)
 .glue_7        0x0000000008006530        0x0 linker stubs
 *(.glue_7t)
 .glue_7t       0x0000000008006530        0x0 linker stubs
 *(.eh_frame)
 .eh_frame      0x0000000008006530        0x0 c:/st/stm32cubeide_1.5.0/stm32cubeide/plugins/com.st.stm32cube.ide.mcu.externaltools.gnu-tools-for-stm32.7-2018-q2-update.win32_1.5.0.202011040924/tools/bin/../lib/gcc/arm-none-eabi/7.3.1/thumb/v7e-m/fpv4-sp/hard/crtbegin.o
 *(.init)
 .init          0x0000000008006530        0x4 c:/st/stm32cubeide_1.5.0/stm32cubeide/plugins/com.st.stm32cube.ide.mcu.externaltools.gnu-tools-for-stm32.7-2018-q2-update.win32_1.5.0.202011040924/tools/bin/../lib/gcc/arm-none-eabi/7.3.1/thumb/v7e-m/fpv4-sp/hard/crti.o
                0x0000000008006530                _init
 .init          0x0000000008006534        0x8 c:/st/stm32cubeide_1.5.0/stm32cubeide/plugins/com.st.stm32cube.ide.mcu.externaltools.gnu-tools-for-stm32.7-2018-q2-update.win32_1.5.0.202011040924/tools/bin/../lib/gcc/arm-none-eabi/7.3.1/thumb/v7e-m/fpv4-sp/hard/crtn.o
 *(.fini)
 .fini          0x000000000800653c        0x4 c:/st/stm32cubeide_1.5.0/stm32cubeide/plugins/com.st.stm32cube.ide.mcu.externaltools.gnu-tools-for-stm32.7-2018-q2-update.win32_1.5.0.202011040924/tools/bin/../lib/gcc/arm-none-eabi/7.3.1/thumb/v7e-m/fpv4-sp/hard/crti.o
                0x000000000800653c                _fini
 .fini          0x0000000008006540        0x8 c:/st/stm32cubeide_1.5.0/stm32cubeide/plugins/com.st.stm32cube.ide.mcu.externaltools.gnu-tools-for-stm32.7-2018-q2-update.win32_1.5.0.202011040924/tools/bin/../lib/gcc/arm-none-eabi/7.3.1/thumb/v7e-m/fpv4-sp/hard/crtn.o
                0x0000000008006548                . = ALIGN (0x4)
                0x0000000008006548                _etext = .

.vfp11_veneer   0x0000000008006548        0x0
 .vfp11_veneer  0x0000000008006548        0x0 linker stubs

.v4_bx          0x0000000008006548        0x0
 .v4_bx         0x0000000008006548        0x0 linker stubs

.iplt           0x0000000008006548        0x0
 .iplt          0x0000000008006548        0x0 c:/st/stm32cubeide_1.5.0/stm32cubeide/plugins/com.st.stm32cube.ide.mcu.externaltools.gnu-tools-for-stm32.7-2018-q2-update.win32_1.5.0.202011040924/tools/bin/../lib/gcc/arm-none-eabi/7.3.1/thumb/v7e-m/fpv4-sp/hard/crtbegin.o

.rodata         0x0000000008006548      0x124
                0x0000000008006548                . = ALIGN (0x4)
 *(.rodata)
 .rodata        0x0000000008006548       0x57 Core/Src/main.o
 *(.rodata*)
 *fill*         0x000000000800659f        0x1 
 .rodata.SX1278_Power
                0x00000000080065a0        0x4 Core/Src/SX1278.o
 .rodata.SX1278_SpreadFactor
                0x00000000080065a4        0x7 Core/Src/SX1278.o
 *fill*         0x00000000080065ab        0x1 
 .rodata.SX1278_LoRaBandwidth
                0x00000000080065ac        0xa Core/Src/SX1278.o
 *fill*         0x00000000080065b6        0x2 
 .rodata.SX1278_CodingRate
                0x00000000080065b8        0x4 Core/Src/SX1278.o
 .rodata.SX1278_CRC_Sum
                0x00000000080065bc        0x2 Core/Src/SX1278.o
 *fill*         0x00000000080065be        0x2 
 .rodata.AHBPrescTable
                0x00000000080065c0       0x10 Core/Src/system_stm32l4xx.o
                0x00000000080065c0                AHBPrescTable
 .rodata.APBPrescTable
                0x00000000080065d0        0x8 Core/Src/system_stm32l4xx.o
                0x00000000080065d0                APBPrescTable
 .rodata.MSIRangeTable
                0x00000000080065d8       0x30 Core/Src/system_stm32l4xx.o
                0x00000000080065d8                MSIRangeTable
 .rodata._global_impure_ptr
                0x0000000008006608        0x4 c:/st/stm32cubeide_1.5.0/stm32cubeide/plugins/com.st.stm32cube.ide.mcu.externaltools.gnu-tools-for-stm32.7-2018-q2-update.win32_1.5.0.202011040924/tools/bin/../lib/gcc/arm-none-eabi/7.3.1/../../../../arm-none-eabi/lib/thumb/v7e-m/fpv4-sp/hard\libc_nano.a(lib_a-impure.o)
                0x0000000008006608                _global_impure_ptr
 .rodata.__sf_fake_stderr
                0x000000000800660c       0x20 c:/st/stm32cubeide_1.5.0/stm32cubeide/plugins/com.st.stm32cube.ide.mcu.externaltools.gnu-tools-for-stm32.7-2018-q2-update.win32_1.5.0.202011040924/tools/bin/../lib/gcc/arm-none-eabi/7.3.1/../../../../arm-none-eabi/lib/thumb/v7e-m/fpv4-sp/hard\libc_nano.a(lib_a-findfp.o)
                0x000000000800660c                __sf_fake_stderr
 .rodata.__sf_fake_stdin
                0x000000000800662c       0x20 c:/st/stm32cubeide_1.5.0/stm32cubeide/plugins/com.st.stm32cube.ide.mcu.externaltools.gnu-tools-for-stm32.7-2018-q2-update.win32_1.5.0.202011040924/tools/bin/../lib/gcc/arm-none-eabi/7.3.1/../../../../arm-none-eabi/lib/thumb/v7e-m/fpv4-sp/hard\libc_nano.a(lib_a-findfp.o)
                0x000000000800662c                __sf_fake_stdin
 .rodata.__sf_fake_stdout
                0x000000000800664c       0x20 c:/st/stm32cubeide_1.5.0/stm32cubeide/plugins/com.st.stm32cube.ide.mcu.externaltools.gnu-tools-for-stm32.7-2018-q2-update.win32_1.5.0.202011040924/tools/bin/../lib/gcc/arm-none-eabi/7.3.1/../../../../arm-none-eabi/lib/thumb/v7e-m/fpv4-sp/hard\libc_nano.a(lib_a-findfp.o)
                0x000000000800664c                __sf_fake_stdout
                0x000000000800666c                . = ALIGN (0x4)

.ARM.extab      0x000000000800666c        0x0
                0x000000000800666c                . = ALIGN (0x4)
 *(.ARM.extab* .gnu.linkonce.armextab.*)
                0x000000000800666c                . = ALIGN (0x4)

.ARM            0x000000000800666c        0x8
                0x000000000800666c                . = ALIGN (0x4)
                0x000000000800666c                __exidx_start = .
 *(.ARM.exidx*)
 .ARM.exidx     0x000000000800666c        0x8 c:/st/stm32cubeide_1.5.0/stm32cubeide/plugins/com.st.stm32cube.ide.mcu.externaltools.gnu-tools-for-stm32.7-2018-q2-update.win32_1.5.0.202011040924/tools/bin/../lib/gcc/arm-none-eabi/7.3.1/thumb/v7e-m/fpv4-sp/hard\libgcc.a(_udivmoddi4.o)
                0x0000000008006674                __exidx_end = .
                0x0000000008006674                . = ALIGN (0x4)

.rel.dyn        0x0000000008006674        0x0
 .rel.iplt      0x0000000008006674        0x0 c:/st/stm32cubeide_1.5.0/stm32cubeide/plugins/com.st.stm32cube.ide.mcu.externaltools.gnu-tools-for-stm32.7-2018-q2-update.win32_1.5.0.202011040924/tools/bin/../lib/gcc/arm-none-eabi/7.3.1/thumb/v7e-m/fpv4-sp/hard/crtbegin.o

.preinit_array  0x0000000008006674        0x0
                0x0000000008006674                . = ALIGN (0x4)
                0x0000000008006674                PROVIDE (__preinit_array_start = .)
 *(.preinit_array*)
                0x0000000008006674                PROVIDE (__preinit_array_end = .)
                0x0000000008006674                . = ALIGN (0x4)

.init_array     0x0000000008006674        0x4
                0x0000000008006674                . = ALIGN (0x4)
                0x0000000008006674                PROVIDE (__init_array_start = .)
 *(SORT_BY_NAME(.init_array.*))
 *(.init_array*)
 .init_array    0x0000000008006674        0x4 c:/st/stm32cubeide_1.5.0/stm32cubeide/plugins/com.st.stm32cube.ide.mcu.externaltools.gnu-tools-for-stm32.7-2018-q2-update.win32_1.5.0.202011040924/tools/bin/../lib/gcc/arm-none-eabi/7.3.1/thumb/v7e-m/fpv4-sp/hard/crtbegin.o
                0x0000000008006678                PROVIDE (__init_array_end = .)
                0x0000000008006678                . = ALIGN (0x4)

.fini_array     0x0000000008006678        0x4
                0x0000000008006678                . = ALIGN (0x4)
                [!provide]                        PROVIDE (__fini_array_start = .)
 *(SORT_BY_NAME(.fini_array.*))
 *(.fini_array*)
 .fini_array    0x0000000008006678        0x4 c:/st/stm32cubeide_1.5.0/stm32cubeide/plugins/com.st.stm32cube.ide.mcu.externaltools.gnu-tools-for-stm32.7-2018-q2-update.win32_1.5.0.202011040924/tools/bin/../lib/gcc/arm-none-eabi/7.3.1/thumb/v7e-m/fpv4-sp/hard/crtbegin.o
                [!provide]                        PROVIDE (__fini_array_end = .)
                0x000000000800667c                . = ALIGN (0x4)
                0x000000000800667c                _sidata = LOADADDR (.data)

.data           0x0000000020000000       0x74 load address 0x000000000800667c
                0x0000000020000000                . = ALIGN (0x4)
                0x0000000020000000                _sdata = .
 *(.data)
 *(.data*)
 .data.ack_retrying
                0x0000000020000000        0x4 Core/Src/main.o
                0x0000000020000000                ack_retrying
 .data.SystemCoreClock
                0x0000000020000004        0x4 Core/Src/system_stm32l4xx.o
                0x0000000020000004                SystemCoreClock
 .data.uwTickPrio
                0x0000000020000008        0x4 Drivers/STM32L4xx_HAL_Driver/Src/stm32l4xx_hal.o
                0x0000000020000008                uwTickPrio
 .data.uwTickFreq
                0x000000002000000c        0x1 Drivers/STM32L4xx_HAL_Driver/Src/stm32l4xx_hal.o
                0x000000002000000c                uwTickFreq
 *fill*         0x000000002000000d        0x3 
 .data._impure_ptr
                0x0000000020000010        0x4 c:/st/stm32cubeide_1.5.0/stm32cubeide/plugins/com.st.stm32cube.ide.mcu.externaltools.gnu-tools-for-stm32.7-2018-q2-update.win32_1.5.0.202011040924/tools/bin/../lib/gcc/arm-none-eabi/7.3.1/../../../../arm-none-eabi/lib/thumb/v7e-m/fpv4-sp/hard\libc_nano.a(lib_a-impure.o)
                0x0000000020000010                _impure_ptr
 .data.impure_data
                0x0000000020000014       0x60 c:/st/stm32cubeide_1.5.0/stm32cubeide/plugins/com.st.stm32cube.ide.mcu.externaltools.gnu-tools-for-stm32.7-2018-q2-update.win32_1.5.0.202011040924/tools/bin/../lib/gcc/arm-none-eabi/7.3.1/../../../../arm-none-eabi/lib/thumb/v7e-m/fpv4-sp/hard\libc_nano.a(lib_a-impure.o)
 *(.RamFunc)
 *(.RamFunc*)
                0x0000000020000074                . = ALIGN (0x4)
                0x0000000020000074                _edata = .

.igot.plt       0x0000000020000074        0x0 load address 0x00000000080066f0
 .igot.plt      0x0000000020000074        0x0 c:/st/stm32cubeide_1.5.0/stm32cubeide/plugins/com.st.stm32cube.ide.mcu.externaltools.gnu-tools-for-stm32.7-2018-q2-update.win32_1.5.0.202011040924/tools/bin/../lib/gcc/arm-none-eabi/7.3.1/thumb/v7e-m/fpv4-sp/hard/crtbegin.o
                0x0000000020000074                . = ALIGN (0x4)

.bss            0x0000000020000078      0xa58 load address 0x00000000080066f0
                0x0000000020000078                _sbss = .
                0x0000000020000078                __bss_start__ = _sbss
 *(.bss)
 .bss           0x0000000020000078       0x1c c:/st/stm32cubeide_1.5.0/stm32cubeide/plugins/com.st.stm32cube.ide.mcu.externaltools.gnu-tools-for-stm32.7-2018-q2-update.win32_1.5.0.202011040924/tools/bin/../lib/gcc/arm-none-eabi/7.3.1/thumb/v7e-m/fpv4-sp/hard/crtbegin.o
 *(.bss*)
 .bss.retry     0x0000000020000094        0x4 Core/Src/main.o
                0x0000000020000094                retry
 .bss.message   0x0000000020000098        0x4 Core/Src/main.o
                0x0000000020000098                message
 .bss.state     0x000000002000009c        0x4 Core/Src/main.o
                0x000000002000009c                state
 .bss.comp      0x00000000200000a0        0x1 Core/Src/main.o
                0x00000000200000a0                comp
 *fill*         0x00000000200000a1        0x3 
 .bss.__sbrk_heap_end
                0x00000000200000a4        0x4 Core/Src/sysmem.o
 .bss.__malloc_free_list
                0x00000000200000a8        0x4 c:/st/stm32cubeide_1.5.0/stm32cubeide/plugins/com.st.stm32cube.ide.mcu.externaltools.gnu-tools-for-stm32.7-2018-q2-update.win32_1.5.0.202011040924/tools/bin/../lib/gcc/arm-none-eabi/7.3.1/../../../../arm-none-eabi/lib/thumb/v7e-m/fpv4-sp/hard\libc_nano.a(lib_a-nano-mallocr.o)
                0x00000000200000a8                __malloc_free_list
 .bss.__malloc_sbrk_start
                0x00000000200000ac        0x4 c:/st/stm32cubeide_1.5.0/stm32cubeide/plugins/com.st.stm32cube.ide.mcu.externaltools.gnu-tools-for-stm32.7-2018-q2-update.win32_1.5.0.202011040924/tools/bin/../lib/gcc/arm-none-eabi/7.3.1/../../../../arm-none-eabi/lib/thumb/v7e-m/fpv4-sp/hard\libc_nano.a(lib_a-nano-mallocr.o)
                0x00000000200000ac                __malloc_sbrk_start
 *(COMMON)
 COMMON         0x00000000200000b0      0x878 Core/Src/main.o
                0x00000000200000b0                packet_sent
                0x00000000200001b8                previous_pack
                0x00000000200002c0                message_length
                0x00000000200002c4                ack
                0x00000000200003cc                buffer
                0x00000000200005cc                retack
                0x00000000200005d0                ackBuffer
                0x00000000200007d0                SX1278
                0x00000000200008f0                ret
                0x00000000200008f4                SX1278_hw
 COMMON         0x0000000020000928       0x24 Core/Src/rtc.o
                0x0000000020000928                hrtc
 COMMON         0x000000002000094c       0x64 Core/Src/spi.o
                0x000000002000094c                hspi2
 COMMON         0x00000000200009b0       0x98 Core/Src/tim.o
                0x00000000200009b0                htim17
                0x00000000200009fc                htim16
 COMMON         0x0000000020000a48       0x80 Core/Src/usart.o
                0x0000000020000a48                huart2
 COMMON         0x0000000020000ac8        0x4 Drivers/STM32L4xx_HAL_Driver/Src/stm32l4xx_hal.o
                0x0000000020000ac8                uwTick
 COMMON         0x0000000020000acc        0x4 c:/st/stm32cubeide_1.5.0/stm32cubeide/plugins/com.st.stm32cube.ide.mcu.externaltools.gnu-tools-for-stm32.7-2018-q2-update.win32_1.5.0.202011040924/tools/bin/../lib/gcc/arm-none-eabi/7.3.1/../../../../arm-none-eabi/lib/thumb/v7e-m/fpv4-sp/hard\libc_nano.a(lib_a-reent.o)
                0x0000000020000acc                errno
                0x0000000020000ad0                . = ALIGN (0x4)
                0x0000000020000ad0                _ebss = .
                0x0000000020000ad0                __bss_end__ = _ebss

._user_heap_stack
                0x0000000020000ad0      0x600 load address 0x00000000080066f0
                0x0000000020000ad0                . = ALIGN (0x8)
                [!provide]                        PROVIDE (end = .)
                0x0000000020000ad0                PROVIDE (_end = .)
                0x0000000020000cd0                . = (. + _Min_Heap_Size)
 *fill*         0x0000000020000ad0      0x200 
                0x00000000200010d0                . = (. + _Min_Stack_Size)
 *fill*         0x0000000020000cd0      0x400 
                0x00000000200010d0                . = ALIGN (0x8)

/DISCARD/
 libc.a(*)
 libm.a(*)
 libgcc.a(*)

.ARM.attributes
                0x0000000000000000       0x30
 *(.ARM.attributes)
 .ARM.attributes
                0x0000000000000000       0x22 c:/st/stm32cubeide_1.5.0/stm32cubeide/plugins/com.st.stm32cube.ide.mcu.externaltools.gnu-tools-for-stm32.7-2018-q2-update.win32_1.5.0.202011040924/tools/bin/../lib/gcc/arm-none-eabi/7.3.1/thumb/v7e-m/fpv4-sp/hard/crti.o
 .ARM.attributes
                0x0000000000000022       0x34 c:/st/stm32cubeide_1.5.0/stm32cubeide/plugins/com.st.stm32cube.ide.mcu.externaltools.gnu-tools-for-stm32.7-2018-q2-update.win32_1.5.0.202011040924/tools/bin/../lib/gcc/arm-none-eabi/7.3.1/thumb/v7e-m/fpv4-sp/hard/crtbegin.o
 .ARM.attributes
                0x0000000000000056       0x39 Core/Src/SX1278.o
 .ARM.attributes
                0x000000000000008f       0x39 Core/Src/SX1278_hw.o
 .ARM.attributes
                0x00000000000000c8       0x39 Core/Src/gpio.o
 .ARM.attributes
                0x0000000000000101       0x39 Core/Src/main.o
 .ARM.attributes
                0x000000000000013a       0x39 Core/Src/rtc.o
 .ARM.attributes
                0x0000000000000173       0x39 Core/Src/spi.o
 .ARM.attributes
                0x00000000000001ac       0x39 Core/Src/stm32l4xx_hal_msp.o
 .ARM.attributes
                0x00000000000001e5       0x39 Core/Src/stm32l4xx_it.o
 .ARM.attributes
                0x000000000000021e       0x39 Core/Src/syscalls.o
 .ARM.attributes
                0x0000000000000257       0x39 Core/Src/sysmem.o
 .ARM.attributes
                0x0000000000000290       0x39 Core/Src/system_stm32l4xx.o
 .ARM.attributes
                0x00000000000002c9       0x39 Core/Src/tim.o
 .ARM.attributes
                0x0000000000000302       0x39 Core/Src/usart.o
 .ARM.attributes
                0x000000000000033b       0x21 Core/Startup/startup_stm32l476rgtx.o
 .ARM.attributes
                0x000000000000035c       0x39 Drivers/STM32L4xx_HAL_Driver/Src/stm32l4xx_hal.o
 .ARM.attributes
                0x0000000000000395       0x39 Drivers/STM32L4xx_HAL_Driver/Src/stm32l4xx_hal_cortex.o
 .ARM.attributes
                0x00000000000003ce       0x39 Drivers/STM32L4xx_HAL_Driver/Src/stm32l4xx_hal_gpio.o
 .ARM.attributes
                0x0000000000000407       0x39 Drivers/STM32L4xx_HAL_Driver/Src/stm32l4xx_hal_pwr_ex.o
 .ARM.attributes
                0x0000000000000440       0x39 Drivers/STM32L4xx_HAL_Driver/Src/stm32l4xx_hal_rcc.o
 .ARM.attributes
                0x0000000000000479       0x39 Drivers/STM32L4xx_HAL_Driver/Src/stm32l4xx_hal_rcc_ex.o
 .ARM.attributes
                0x00000000000004b2       0x39 Drivers/STM32L4xx_HAL_Driver/Src/stm32l4xx_hal_rtc.o
 .ARM.attributes
                0x00000000000004eb       0x39 Drivers/STM32L4xx_HAL_Driver/Src/stm32l4xx_hal_rtc_ex.o
 .ARM.attributes
                0x0000000000000524       0x39 Drivers/STM32L4xx_HAL_Driver/Src/stm32l4xx_hal_spi.o
 .ARM.attributes
                0x000000000000055d       0x39 Drivers/STM32L4xx_HAL_Driver/Src/stm32l4xx_hal_tim.o
 .ARM.attributes
                0x0000000000000596       0x39 Drivers/STM32L4xx_HAL_Driver/Src/stm32l4xx_hal_tim_ex.o
 .ARM.attributes
                0x00000000000005cf       0x39 Drivers/STM32L4xx_HAL_Driver/Src/stm32l4xx_hal_uart.o
 .ARM.attributes
                0x0000000000000608       0x34 c:/st/stm32cubeide_1.5.0/stm32cubeide/plugins/com.st.stm32cube.ide.mcu.externaltools.gnu-tools-for-stm32.7-2018-q2-update.win32_1.5.0.202011040924/tools/bin/../lib/gcc/arm-none-eabi/7.3.1/../../../../arm-none-eabi/lib/thumb/v7e-m/fpv4-sp/hard\libc_nano.a(lib_a-errno.o)
 .ARM.attributes
                0x000000000000063c       0x34 c:/st/stm32cubeide_1.5.0/stm32cubeide/plugins/com.st.stm32cube.ide.mcu.externaltools.gnu-tools-for-stm32.7-2018-q2-update.win32_1.5.0.202011040924/tools/bin/../lib/gcc/arm-none-eabi/7.3.1/../../../../arm-none-eabi/lib/thumb/v7e-m/fpv4-sp/hard\libc_nano.a(lib_a-impure.o)
 .ARM.attributes
                0x0000000000000670       0x34 c:/st/stm32cubeide_1.5.0/stm32cubeide/plugins/com.st.stm32cube.ide.mcu.externaltools.gnu-tools-for-stm32.7-2018-q2-update.win32_1.5.0.202011040924/tools/bin/../lib/gcc/arm-none-eabi/7.3.1/../../../../arm-none-eabi/lib/thumb/v7e-m/fpv4-sp/hard\libc_nano.a(lib_a-init.o)
 .ARM.attributes
                0x00000000000006a4       0x34 c:/st/stm32cubeide_1.5.0/stm32cubeide/plugins/com.st.stm32cube.ide.mcu.externaltools.gnu-tools-for-stm32.7-2018-q2-update.win32_1.5.0.202011040924/tools/bin/../lib/gcc/arm-none-eabi/7.3.1/../../../../arm-none-eabi/lib/thumb/v7e-m/fpv4-sp/hard\libc_nano.a(lib_a-memset.o)
 .ARM.attributes
                0x00000000000006d8       0x34 c:/st/stm32cubeide_1.5.0/stm32cubeide/plugins/com.st.stm32cube.ide.mcu.externaltools.gnu-tools-for-stm32.7-2018-q2-update.win32_1.5.0.202011040924/tools/bin/../lib/gcc/arm-none-eabi/7.3.1/../../../../arm-none-eabi/lib/thumb/v7e-m/fpv4-sp/hard\libc_nano.a(lib_a-puts.o)
 .ARM.attributes
                0x000000000000070c       0x1b c:/st/stm32cubeide_1.5.0/stm32cubeide/plugins/com.st.stm32cube.ide.mcu.externaltools.gnu-tools-for-stm32.7-2018-q2-update.win32_1.5.0.202011040924/tools/bin/../lib/gcc/arm-none-eabi/7.3.1/../../../../arm-none-eabi/lib/thumb/v7e-m/fpv4-sp/hard\libc_nano.a(lib_a-strlen.o)
 .ARM.attributes
                0x0000000000000727       0x34 c:/st/stm32cubeide_1.5.0/stm32cubeide/plugins/com.st.stm32cube.ide.mcu.externaltools.gnu-tools-for-stm32.7-2018-q2-update.win32_1.5.0.202011040924/tools/bin/../lib/gcc/arm-none-eabi/7.3.1/../../../../arm-none-eabi/lib/thumb/v7e-m/fpv4-sp/hard\libc_nano.a(lib_a-wbuf.o)
 .ARM.attributes
                0x000000000000075b       0x34 c:/st/stm32cubeide_1.5.0/stm32cubeide/plugins/com.st.stm32cube.ide.mcu.externaltools.gnu-tools-for-stm32.7-2018-q2-update.win32_1.5.0.202011040924/tools/bin/../lib/gcc/arm-none-eabi/7.3.1/../../../../arm-none-eabi/lib/thumb/v7e-m/fpv4-sp/hard\libc_nano.a(lib_a-wsetup.o)
 .ARM.attributes
                0x000000000000078f       0x34 c:/st/stm32cubeide_1.5.0/stm32cubeide/plugins/com.st.stm32cube.ide.mcu.externaltools.gnu-tools-for-stm32.7-2018-q2-update.win32_1.5.0.202011040924/tools/bin/../lib/gcc/arm-none-eabi/7.3.1/../../../../arm-none-eabi/lib/thumb/v7e-m/fpv4-sp/hard\libc_nano.a(lib_a-fflush.o)
 .ARM.attributes
                0x00000000000007c3       0x34 c:/st/stm32cubeide_1.5.0/stm32cubeide/plugins/com.st.stm32cube.ide.mcu.externaltools.gnu-tools-for-stm32.7-2018-q2-update.win32_1.5.0.202011040924/tools/bin/../lib/gcc/arm-none-eabi/7.3.1/../../../../arm-none-eabi/lib/thumb/v7e-m/fpv4-sp/hard\libc_nano.a(lib_a-findfp.o)
 .ARM.attributes
                0x00000000000007f7       0x34 c:/st/stm32cubeide_1.5.0/stm32cubeide/plugins/com.st.stm32cube.ide.mcu.externaltools.gnu-tools-for-stm32.7-2018-q2-update.win32_1.5.0.202011040924/tools/bin/../lib/gcc/arm-none-eabi/7.3.1/../../../../arm-none-eabi/lib/thumb/v7e-m/fpv4-sp/hard\libc_nano.a(lib_a-fwalk.o)
 .ARM.attributes
                0x000000000000082b       0x34 c:/st/stm32cubeide_1.5.0/stm32cubeide/plugins/com.st.stm32cube.ide.mcu.externaltools.gnu-tools-for-stm32.7-2018-q2-update.win32_1.5.0.202011040924/tools/bin/../lib/gcc/arm-none-eabi/7.3.1/../../../../arm-none-eabi/lib/thumb/v7e-m/fpv4-sp/hard\libc_nano.a(lib_a-makebuf.o)
 .ARM.attributes
                0x000000000000085f       0x34 c:/st/stm32cubeide_1.5.0/stm32cubeide/plugins/com.st.stm32cube.ide.mcu.externaltools.gnu-tools-for-stm32.7-2018-q2-update.win32_1.5.0.202011040924/tools/bin/../lib/gcc/arm-none-eabi/7.3.1/../../../../arm-none-eabi/lib/thumb/v7e-m/fpv4-sp/hard\libc_nano.a(lib_a-nano-freer.o)
 .ARM.attributes
                0x0000000000000893       0x34 c:/st/stm32cubeide_1.5.0/stm32cubeide/plugins/com.st.stm32cube.ide.mcu.externaltools.gnu-tools-for-stm32.7-2018-q2-update.win32_1.5.0.202011040924/tools/bin/../lib/gcc/arm-none-eabi/7.3.1/../../../../arm-none-eabi/lib/thumb/v7e-m/fpv4-sp/hard\libc_nano.a(lib_a-nano-mallocr.o)
 .ARM.attributes
                0x00000000000008c7       0x34 c:/st/stm32cubeide_1.5.0/stm32cubeide/plugins/com.st.stm32cube.ide.mcu.externaltools.gnu-tools-for-stm32.7-2018-q2-update.win32_1.5.0.202011040924/tools/bin/../lib/gcc/arm-none-eabi/7.3.1/../../../../arm-none-eabi/lib/thumb/v7e-m/fpv4-sp/hard\libc_nano.a(lib_a-sbrkr.o)
 .ARM.attributes
                0x00000000000008fb       0x34 c:/st/stm32cubeide_1.5.0/stm32cubeide/plugins/com.st.stm32cube.ide.mcu.externaltools.gnu-tools-for-stm32.7-2018-q2-update.win32_1.5.0.202011040924/tools/bin/../lib/gcc/arm-none-eabi/7.3.1/../../../../arm-none-eabi/lib/thumb/v7e-m/fpv4-sp/hard\libc_nano.a(lib_a-stdio.o)
 .ARM.attributes
                0x000000000000092f       0x34 c:/st/stm32cubeide_1.5.0/stm32cubeide/plugins/com.st.stm32cube.ide.mcu.externaltools.gnu-tools-for-stm32.7-2018-q2-update.win32_1.5.0.202011040924/tools/bin/../lib/gcc/arm-none-eabi/7.3.1/../../../../arm-none-eabi/lib/thumb/v7e-m/fpv4-sp/hard\libc_nano.a(lib_a-writer.o)
 .ARM.attributes
                0x0000000000000963       0x34 c:/st/stm32cubeide_1.5.0/stm32cubeide/plugins/com.st.stm32cube.ide.mcu.externaltools.gnu-tools-for-stm32.7-2018-q2-update.win32_1.5.0.202011040924/tools/bin/../lib/gcc/arm-none-eabi/7.3.1/../../../../arm-none-eabi/lib/thumb/v7e-m/fpv4-sp/hard\libc_nano.a(lib_a-closer.o)
 .ARM.attributes
                0x0000000000000997       0x34 c:/st/stm32cubeide_1.5.0/stm32cubeide/plugins/com.st.stm32cube.ide.mcu.externaltools.gnu-tools-for-stm32.7-2018-q2-update.win32_1.5.0.202011040924/tools/bin/../lib/gcc/arm-none-eabi/7.3.1/../../../../arm-none-eabi/lib/thumb/v7e-m/fpv4-sp/hard\libc_nano.a(lib_a-fstatr.o)
 .ARM.attributes
                0x00000000000009cb       0x34 c:/st/stm32cubeide_1.5.0/stm32cubeide/plugins/com.st.stm32cube.ide.mcu.externaltools.gnu-tools-for-stm32.7-2018-q2-update.win32_1.5.0.202011040924/tools/bin/../lib/gcc/arm-none-eabi/7.3.1/../../../../arm-none-eabi/lib/thumb/v7e-m/fpv4-sp/hard\libc_nano.a(lib_a-isattyr.o)
 .ARM.attributes
                0x00000000000009ff       0x34 c:/st/stm32cubeide_1.5.0/stm32cubeide/plugins/com.st.stm32cube.ide.mcu.externaltools.gnu-tools-for-stm32.7-2018-q2-update.win32_1.5.0.202011040924/tools/bin/../lib/gcc/arm-none-eabi/7.3.1/../../../../arm-none-eabi/lib/thumb/v7e-m/fpv4-sp/hard\libc_nano.a(lib_a-lseekr.o)
 .ARM.attributes
                0x0000000000000a33       0x34 c:/st/stm32cubeide_1.5.0/stm32cubeide/plugins/com.st.stm32cube.ide.mcu.externaltools.gnu-tools-for-stm32.7-2018-q2-update.win32_1.5.0.202011040924/tools/bin/../lib/gcc/arm-none-eabi/7.3.1/../../../../arm-none-eabi/lib/thumb/v7e-m/fpv4-sp/hard\libc_nano.a(lib_a-mlock.o)
 .ARM.attributes
                0x0000000000000a67       0x34 c:/st/stm32cubeide_1.5.0/stm32cubeide/plugins/com.st.stm32cube.ide.mcu.externaltools.gnu-tools-for-stm32.7-2018-q2-update.win32_1.5.0.202011040924/tools/bin/../lib/gcc/arm-none-eabi/7.3.1/../../../../arm-none-eabi/lib/thumb/v7e-m/fpv4-sp/hard\libc_nano.a(lib_a-readr.o)
 .ARM.attributes
                0x0000000000000a9b       0x34 c:/st/stm32cubeide_1.5.0/stm32cubeide/plugins/com.st.stm32cube.ide.mcu.externaltools.gnu-tools-for-stm32.7-2018-q2-update.win32_1.5.0.202011040924/tools/bin/../lib/gcc/arm-none-eabi/7.3.1/../../../../arm-none-eabi/lib/thumb/v7e-m/fpv4-sp/hard\libc_nano.a(lib_a-reent.o)
 .ARM.attributes
                0x0000000000000acf       0x22 c:/st/stm32cubeide_1.5.0/stm32cubeide/plugins/com.st.stm32cube.ide.mcu.externaltools.gnu-tools-for-stm32.7-2018-q2-update.win32_1.5.0.202011040924/tools/bin/../lib/gcc/arm-none-eabi/7.3.1/thumb/v7e-m/fpv4-sp/hard\libgcc.a(_aeabi_uldivmod.o)
 .ARM.attributes
                0x0000000000000af1       0x34 c:/st/stm32cubeide_1.5.0/stm32cubeide/plugins/com.st.stm32cube.ide.mcu.externaltools.gnu-tools-for-stm32.7-2018-q2-update.win32_1.5.0.202011040924/tools/bin/../lib/gcc/arm-none-eabi/7.3.1/thumb/v7e-m/fpv4-sp/hard\libgcc.a(_udivmoddi4.o)
 .ARM.attributes
                0x0000000000000b25       0x22 c:/st/stm32cubeide_1.5.0/stm32cubeide/plugins/com.st.stm32cube.ide.mcu.externaltools.gnu-tools-for-stm32.7-2018-q2-update.win32_1.5.0.202011040924/tools/bin/../lib/gcc/arm-none-eabi/7.3.1/thumb/v7e-m/fpv4-sp/hard\libgcc.a(_dvmd_tls.o)
 .ARM.attributes
                0x0000000000000b47       0x22 c:/st/stm32cubeide_1.5.0/stm32cubeide/plugins/com.st.stm32cube.ide.mcu.externaltools.gnu-tools-for-stm32.7-2018-q2-update.win32_1.5.0.202011040924/tools/bin/../lib/gcc/arm-none-eabi/7.3.1/thumb/v7e-m/fpv4-sp/hard/crtn.o
OUTPUT(LoRa_Firmware_Slave.elf elf32-littlearm)

.debug_info     0x0000000000000000    0x198d3
 .debug_info    0x0000000000000000     0x16b0 Core/Src/SX1278.o
 .debug_info    0x00000000000016b0     0x142d Core/Src/SX1278_hw.o
 .debug_info    0x0000000000002add      0x887 Core/Src/gpio.o
 .debug_info    0x0000000000003364     0x24fb Core/Src/main.o
 .debug_info    0x000000000000585f      0xbf3 Core/Src/rtc.o
 .debug_info    0x0000000000006452      0xb32 Core/Src/spi.o
 .debug_info    0x0000000000006f84      0x4f9 Core/Src/stm32l4xx_hal_msp.o
 .debug_info    0x000000000000747d      0xce6 Core/Src/stm32l4xx_it.o
 .debug_info    0x0000000000008163      0xebd Core/Src/syscalls.o
 .debug_info    0x0000000000009020      0x985 Core/Src/sysmem.o
 .debug_info    0x00000000000099a5      0x727 Core/Src/system_stm32l4xx.o
 .debug_info    0x000000000000a0cc      0xd43 Core/Src/tim.o
 .debug_info    0x000000000000ae0f      0xbab Core/Src/usart.o
 .debug_info    0x000000000000b9ba       0x22 Core/Startup/startup_stm32l476rgtx.o
 .debug_info    0x000000000000b9dc      0xd2e Drivers/STM32L4xx_HAL_Driver/Src/stm32l4xx_hal.o
 .debug_info    0x000000000000c70a      0xf6d Drivers/STM32L4xx_HAL_Driver/Src/stm32l4xx_hal_cortex.o
 .debug_info    0x000000000000d677      0x9c2 Drivers/STM32L4xx_HAL_Driver/Src/stm32l4xx_hal_gpio.o
 .debug_info    0x000000000000e039      0xb35 Drivers/STM32L4xx_HAL_Driver/Src/stm32l4xx_hal_pwr_ex.o
 .debug_info    0x000000000000eb6e      0xd2f Drivers/STM32L4xx_HAL_Driver/Src/stm32l4xx_hal_rcc.o
 .debug_info    0x000000000000f89d      0xf41 Drivers/STM32L4xx_HAL_Driver/Src/stm32l4xx_hal_rcc_ex.o
 .debug_info    0x00000000000107de      0xecf Drivers/STM32L4xx_HAL_Driver/Src/stm32l4xx_hal_rtc.o
 .debug_info    0x00000000000116ad     0x118a Drivers/STM32L4xx_HAL_Driver/Src/stm32l4xx_hal_rtc_ex.o
 .debug_info    0x0000000000012837     0x178d Drivers/STM32L4xx_HAL_Driver/Src/stm32l4xx_hal_spi.o
 .debug_info    0x0000000000013fc4     0x2a61 Drivers/STM32L4xx_HAL_Driver/Src/stm32l4xx_hal_tim.o
 .debug_info    0x0000000000016a25     0x167e Drivers/STM32L4xx_HAL_Driver/Src/stm32l4xx_hal_tim_ex.o
 .debug_info    0x00000000000180a3     0x1830 Drivers/STM32L4xx_HAL_Driver/Src/stm32l4xx_hal_uart.o

.debug_abbrev   0x0000000000000000     0x30c6
 .debug_abbrev  0x0000000000000000      0x2d6 Core/Src/SX1278.o
 .debug_abbrev  0x00000000000002d6      0x205 Core/Src/SX1278_hw.o
 .debug_abbrev  0x00000000000004db      0x13d Core/Src/gpio.o
 .debug_abbrev  0x0000000000000618      0x342 Core/Src/main.o
 .debug_abbrev  0x000000000000095a      0x159 Core/Src/rtc.o
 .debug_abbrev  0x0000000000000ab3      0x199 Core/Src/spi.o
 .debug_abbrev  0x0000000000000c4c      0x125 Core/Src/stm32l4xx_hal_msp.o
 .debug_abbrev  0x0000000000000d71      0x172 Core/Src/stm32l4xx_it.o
 .debug_abbrev  0x0000000000000ee3      0x261 Core/Src/syscalls.o
 .debug_abbrev  0x0000000000001144      0x19b Core/Src/sysmem.o
 .debug_abbrev  0x00000000000012df      0x150 Core/Src/system_stm32l4xx.o
 .debug_abbrev  0x000000000000142f      0x1a4 Core/Src/tim.o
 .debug_abbrev  0x00000000000015d3      0x199 Core/Src/usart.o
 .debug_abbrev  0x000000000000176c       0x12 Core/Startup/startup_stm32l476rgtx.o
 .debug_abbrev  0x000000000000177e      0x1fb Drivers/STM32L4xx_HAL_Driver/Src/stm32l4xx_hal.o
 .debug_abbrev  0x0000000000001979      0x2fa Drivers/STM32L4xx_HAL_Driver/Src/stm32l4xx_hal_cortex.o
 .debug_abbrev  0x0000000000001c73      0x1c0 Drivers/STM32L4xx_HAL_Driver/Src/stm32l4xx_hal_gpio.o
 .debug_abbrev  0x0000000000001e33      0x1cb Drivers/STM32L4xx_HAL_Driver/Src/stm32l4xx_hal_pwr_ex.o
 .debug_abbrev  0x0000000000001ffe      0x245 Drivers/STM32L4xx_HAL_Driver/Src/stm32l4xx_hal_rcc.o
 .debug_abbrev  0x0000000000002243      0x238 Drivers/STM32L4xx_HAL_Driver/Src/stm32l4xx_hal_rcc_ex.o
 .debug_abbrev  0x000000000000247b      0x1d8 Drivers/STM32L4xx_HAL_Driver/Src/stm32l4xx_hal_rtc.o
 .debug_abbrev  0x0000000000002653      0x1e0 Drivers/STM32L4xx_HAL_Driver/Src/stm32l4xx_hal_rtc_ex.o
 .debug_abbrev  0x0000000000002833      0x228 Drivers/STM32L4xx_HAL_Driver/Src/stm32l4xx_hal_spi.o
 .debug_abbrev  0x0000000000002a5b      0x230 Drivers/STM32L4xx_HAL_Driver/Src/stm32l4xx_hal_tim.o
 .debug_abbrev  0x0000000000002c8b      0x236 Drivers/STM32L4xx_HAL_Driver/Src/stm32l4xx_hal_tim_ex.o
 .debug_abbrev  0x0000000000002ec1      0x205 Drivers/STM32L4xx_HAL_Driver/Src/stm32l4xx_hal_uart.o

.debug_aranges  0x0000000000000000     0x14f8
 .debug_aranges
                0x0000000000000000      0x130 Core/Src/SX1278.o
 .debug_aranges
                0x0000000000000130       0x50 Core/Src/SX1278_hw.o
 .debug_aranges
                0x0000000000000180       0x20 Core/Src/gpio.o
 .debug_aranges
                0x00000000000001a0       0x50 Core/Src/main.o
 .debug_aranges
                0x00000000000001f0       0x30 Core/Src/rtc.o
 .debug_aranges
                0x0000000000000220       0x30 Core/Src/spi.o
 .debug_aranges
                0x0000000000000250       0x20 Core/Src/stm32l4xx_hal_msp.o
 .debug_aranges
                0x0000000000000270       0x88 Core/Src/stm32l4xx_it.o
 .debug_aranges
                0x00000000000002f8       0xa8 Core/Src/syscalls.o
 .debug_aranges
                0x00000000000003a0       0x20 Core/Src/sysmem.o
 .debug_aranges
                0x00000000000003c0       0x28 Core/Src/system_stm32l4xx.o
 .debug_aranges
                0x00000000000003e8       0x38 Core/Src/tim.o
 .debug_aranges
                0x0000000000000420       0x30 Core/Src/usart.o
 .debug_aranges
                0x0000000000000450       0x28 Core/Startup/startup_stm32l476rgtx.o
 .debug_aranges
                0x0000000000000478      0x130 Drivers/STM32L4xx_HAL_Driver/Src/stm32l4xx_hal.o
 .debug_aranges
                0x00000000000005a8      0x118 Drivers/STM32L4xx_HAL_Driver/Src/stm32l4xx_hal_cortex.o
 .debug_aranges
                0x00000000000006c0       0x58 Drivers/STM32L4xx_HAL_Driver/Src/stm32l4xx_hal_gpio.o
 .debug_aranges
                0x0000000000000718      0x150 Drivers/STM32L4xx_HAL_Driver/Src/stm32l4xx_hal_pwr_ex.o
 .debug_aranges
                0x0000000000000868       0x88 Drivers/STM32L4xx_HAL_Driver/Src/stm32l4xx_hal_rcc.o
 .debug_aranges
                0x00000000000008f0       0xc0 Drivers/STM32L4xx_HAL_Driver/Src/stm32l4xx_hal_rcc_ex.o
 .debug_aranges
                0x00000000000009b0       0xc0 Drivers/STM32L4xx_HAL_Driver/Src/stm32l4xx_hal_rtc.o
 .debug_aranges
                0x0000000000000a70      0x140 Drivers/STM32L4xx_HAL_Driver/Src/stm32l4xx_hal_rtc_ex.o
 .debug_aranges
                0x0000000000000bb0      0x1d8 Drivers/STM32L4xx_HAL_Driver/Src/stm32l4xx_hal_spi.o
 .debug_aranges
                0x0000000000000d88      0x3e0 Drivers/STM32L4xx_HAL_Driver/Src/stm32l4xx_hal_tim.o
 .debug_aranges
                0x0000000000001168      0x180 Drivers/STM32L4xx_HAL_Driver/Src/stm32l4xx_hal_tim_ex.o
 .debug_aranges
                0x00000000000012e8      0x210 Drivers/STM32L4xx_HAL_Driver/Src/stm32l4xx_hal_uart.o

.debug_ranges   0x0000000000000000     0x1360
 .debug_ranges  0x0000000000000000      0x120 Core/Src/SX1278.o
 .debug_ranges  0x0000000000000120       0x40 Core/Src/SX1278_hw.o
 .debug_ranges  0x0000000000000160       0x10 Core/Src/gpio.o
 .debug_ranges  0x0000000000000170       0x40 Core/Src/main.o
 .debug_ranges  0x00000000000001b0       0x20 Core/Src/rtc.o
 .debug_ranges  0x00000000000001d0       0x20 Core/Src/spi.o
 .debug_ranges  0x00000000000001f0       0x10 Core/Src/stm32l4xx_hal_msp.o
 .debug_ranges  0x0000000000000200       0x78 Core/Src/stm32l4xx_it.o
 .debug_ranges  0x0000000000000278       0x98 Core/Src/syscalls.o
 .debug_ranges  0x0000000000000310       0x10 Core/Src/sysmem.o
 .debug_ranges  0x0000000000000320       0x18 Core/Src/system_stm32l4xx.o
 .debug_ranges  0x0000000000000338       0x28 Core/Src/tim.o
 .debug_ranges  0x0000000000000360       0x20 Core/Src/usart.o
 .debug_ranges  0x0000000000000380       0x20 Core/Startup/startup_stm32l476rgtx.o
 .debug_ranges  0x00000000000003a0      0x120 Drivers/STM32L4xx_HAL_Driver/Src/stm32l4xx_hal.o
 .debug_ranges  0x00000000000004c0      0x108 Drivers/STM32L4xx_HAL_Driver/Src/stm32l4xx_hal_cortex.o
 .debug_ranges  0x00000000000005c8       0x48 Drivers/STM32L4xx_HAL_Driver/Src/stm32l4xx_hal_gpio.o
 .debug_ranges  0x0000000000000610      0x140 Drivers/STM32L4xx_HAL_Driver/Src/stm32l4xx_hal_pwr_ex.o
 .debug_ranges  0x0000000000000750       0x78 Drivers/STM32L4xx_HAL_Driver/Src/stm32l4xx_hal_rcc.o
 .debug_ranges  0x00000000000007c8       0xb0 Drivers/STM32L4xx_HAL_Driver/Src/stm32l4xx_hal_rcc_ex.o
 .debug_ranges  0x0000000000000878       0xb0 Drivers/STM32L4xx_HAL_Driver/Src/stm32l4xx_hal_rtc.o
 .debug_ranges  0x0000000000000928      0x130 Drivers/STM32L4xx_HAL_Driver/Src/stm32l4xx_hal_rtc_ex.o
 .debug_ranges  0x0000000000000a58      0x1c8 Drivers/STM32L4xx_HAL_Driver/Src/stm32l4xx_hal_spi.o
 .debug_ranges  0x0000000000000c20      0x3d0 Drivers/STM32L4xx_HAL_Driver/Src/stm32l4xx_hal_tim.o
 .debug_ranges  0x0000000000000ff0      0x170 Drivers/STM32L4xx_HAL_Driver/Src/stm32l4xx_hal_tim_ex.o
 .debug_ranges  0x0000000000001160      0x200 Drivers/STM32L4xx_HAL_Driver/Src/stm32l4xx_hal_uart.o

.debug_macro    0x0000000000000000    0x2a4d2
 .debug_macro   0x0000000000000000      0x14b Core/Src/SX1278.o
 .debug_macro   0x000000000000014b      0xa5a Core/Src/SX1278.o
 .debug_macro   0x0000000000000ba5       0x22 Core/Src/SX1278.o
 .debug_macro   0x0000000000000bc7       0x8e Core/Src/SX1278.o
 .debug_macro   0x0000000000000c55       0x51 Core/Src/SX1278.o
 .debug_macro   0x0000000000000ca6       0xef Core/Src/SX1278.o
 .debug_macro   0x0000000000000d95       0x6a Core/Src/SX1278.o
 .debug_macro   0x0000000000000dff      0x1df Core/Src/SX1278.o
 .debug_macro   0x0000000000000fde       0x22 Core/Src/SX1278.o
 .debug_macro   0x0000000000001000      0x3a8 Core/Src/SX1278.o
 .debug_macro   0x00000000000013a8       0x46 Core/Src/SX1278.o
 .debug_macro   0x00000000000013ee       0x18 Core/Src/SX1278.o
 .debug_macro   0x0000000000001406       0x3c Core/Src/SX1278.o
 .debug_macro   0x0000000000001442       0x34 Core/Src/SX1278.o
 .debug_macro   0x0000000000001476      0x174 Core/Src/SX1278.o
 .debug_macro   0x00000000000015ea       0x52 Core/Src/SX1278.o
 .debug_macro   0x000000000000163c       0x1f Core/Src/SX1278.o
 .debug_macro   0x000000000000165b       0x43 Core/Src/SX1278.o
 .debug_macro   0x000000000000169e       0x20 Core/Src/SX1278.o
 .debug_macro   0x00000000000016be      0x1a3 Core/Src/SX1278.o
 .debug_macro   0x0000000000001861      0x330 Core/Src/SX1278.o
 .debug_macro   0x0000000000001b91       0x10 Core/Src/SX1278.o
 .debug_macro   0x0000000000001ba1       0x35 Core/Src/SX1278.o
 .debug_macro   0x0000000000001bd6       0x20 Core/Src/SX1278.o
 .debug_macro   0x0000000000001bf6      0x2ff Core/Src/SX1278_hw.o
 .debug_macro   0x0000000000001ef5      0x1b9 Core/Src/SX1278_hw.o
 .debug_macro   0x00000000000020ae       0x2e Core/Src/SX1278_hw.o
 .debug_macro   0x00000000000020dc       0x28 Core/Src/SX1278_hw.o
 .debug_macro   0x0000000000002104       0x1c Core/Src/SX1278_hw.o
 .debug_macro   0x0000000000002120       0x22 Core/Src/SX1278_hw.o
 .debug_macro   0x0000000000002142       0xfb Core/Src/SX1278_hw.o
 .debug_macro   0x000000000000223d     0x1011 Core/Src/SX1278_hw.o
 .debug_macro   0x000000000000324e      0x11f Core/Src/SX1278_hw.o
 .debug_macro   0x000000000000336d    0x1a13d Core/Src/SX1278_hw.o
 .debug_macro   0x000000000001d4aa       0x43 Core/Src/SX1278_hw.o
 .debug_macro   0x000000000001d4ed     0x3890 Core/Src/SX1278_hw.o
 .debug_macro   0x0000000000020d7d       0x56 Core/Src/SX1278_hw.o
 .debug_macro   0x0000000000020dd3     0x155f Core/Src/SX1278_hw.o
 .debug_macro   0x0000000000022332      0x59e Core/Src/SX1278_hw.o
 .debug_macro   0x00000000000228d0      0x13d Core/Src/SX1278_hw.o
 .debug_macro   0x0000000000022a0d      0x18b Core/Src/SX1278_hw.o
 .debug_macro   0x0000000000022b98      0x26b Core/Src/SX1278_hw.o
 .debug_macro   0x0000000000022e03      0x23d Core/Src/SX1278_hw.o
 .debug_macro   0x0000000000023040      0x241 Core/Src/SX1278_hw.o
 .debug_macro   0x0000000000023281      0x37c Core/Src/SX1278_hw.o
 .debug_macro   0x00000000000235fd       0xd6 Core/Src/SX1278_hw.o
 .debug_macro   0x00000000000236d3      0x22c Core/Src/SX1278_hw.o
 .debug_macro   0x00000000000238ff       0x61 Core/Src/SX1278_hw.o
 .debug_macro   0x0000000000023960       0xa5 Core/Src/SX1278_hw.o
 .debug_macro   0x0000000000023a05      0x122 Core/Src/SX1278_hw.o
 .debug_macro   0x0000000000023b27      0x3e9 Core/Src/SX1278_hw.o
 .debug_macro   0x0000000000023f10      0x31a Core/Src/SX1278_hw.o
 .debug_macro   0x000000000002422a      0x4fb Core/Src/SX1278_hw.o
 .debug_macro   0x0000000000024725       0xe4 Core/Src/SX1278_hw.o
 .debug_macro   0x0000000000024809      0x2fe Core/Src/SX1278_hw.o
 .debug_macro   0x0000000000024b07      0xa75 Core/Src/SX1278_hw.o
 .debug_macro   0x000000000002557c      0x1e7 Core/Src/SX1278_hw.o
 .debug_macro   0x0000000000025763      0x59e Core/Src/SX1278_hw.o
 .debug_macro   0x0000000000025d01       0x44 Core/Src/SX1278_hw.o
 .debug_macro   0x0000000000025d45      0x331 Core/Src/SX1278_hw.o
 .debug_macro   0x0000000000026076       0x88 Core/Src/SX1278_hw.o
 .debug_macro   0x00000000000260fe      0x220 Core/Src/gpio.o
 .debug_macro   0x000000000002631e      0x101 Core/Src/gpio.o
 .debug_macro   0x000000000002641f       0x5c Core/Src/gpio.o
 .debug_macro   0x000000000002647b      0x3f8 Core/Src/main.o
 .debug_macro   0x0000000000026873      0x32a Core/Src/main.o
 .debug_macro   0x0000000000026b9d       0x1c Core/Src/main.o
 .debug_macro   0x0000000000026bb9       0x10 Core/Src/main.o
 .debug_macro   0x0000000000026bc9       0x10 Core/Src/main.o
 .debug_macro   0x0000000000026bd9       0x1c Core/Src/main.o
 .debug_macro   0x0000000000026bf5       0x52 Core/Src/main.o
 .debug_macro   0x0000000000026c47       0x40 Core/Src/main.o
 .debug_macro   0x0000000000026c87       0x10 Core/Src/main.o
 .debug_macro   0x0000000000026c97       0x40 Core/Src/main.o
 .debug_macro   0x0000000000026cd7       0xd7 Core/Src/main.o
 .debug_macro   0x0000000000026dae       0x1c Core/Src/main.o
 .debug_macro   0x0000000000026dca       0x3d Core/Src/main.o
 .debug_macro   0x0000000000026e07       0x16 Core/Src/main.o
 .debug_macro   0x0000000000026e1d      0x145 Core/Src/main.o
 .debug_macro   0x0000000000026f62      0x220 Core/Src/rtc.o
 .debug_macro   0x0000000000027182      0x220 Core/Src/spi.o
 .debug_macro   0x00000000000273a2      0x216 Core/Src/stm32l4xx_hal_msp.o
 .debug_macro   0x00000000000275b8      0x220 Core/Src/stm32l4xx_it.o
 .debug_macro   0x00000000000277d8      0x243 Core/Src/syscalls.o
 .debug_macro   0x0000000000027a1b       0x40 Core/Src/syscalls.o
 .debug_macro   0x0000000000027a5b       0x94 Core/Src/syscalls.o
 .debug_macro   0x0000000000027aef       0x57 Core/Src/syscalls.o
 .debug_macro   0x0000000000027b46       0x10 Core/Src/syscalls.o
 .debug_macro   0x0000000000027b56       0x10 Core/Src/syscalls.o
 .debug_macro   0x0000000000027b66       0x10 Core/Src/syscalls.o
 .debug_macro   0x0000000000027b76       0x35 Core/Src/syscalls.o
 .debug_macro   0x0000000000027bab      0x122 Core/Src/syscalls.o
 .debug_macro   0x0000000000027ccd       0x16 Core/Src/syscalls.o
 .debug_macro   0x0000000000027ce3       0x16 Core/Src/syscalls.o
 .debug_macro   0x0000000000027cf9       0x29 Core/Src/syscalls.o
 .debug_macro   0x0000000000027d22       0x10 Core/Src/syscalls.o
 .debug_macro   0x0000000000027d32      0x241 Core/Src/syscalls.o
 .debug_macro   0x0000000000027f73       0x10 Core/Src/syscalls.o
 .debug_macro   0x0000000000027f83      0x189 Core/Src/syscalls.o
 .debug_macro   0x000000000002810c       0x16 Core/Src/syscalls.o
 .debug_macro   0x0000000000028122       0x88 Core/Src/syscalls.o
 .debug_macro   0x00000000000281aa       0xee Core/Src/sysmem.o
 .debug_macro   0x0000000000028298      0x23b Core/Src/sysmem.o
 .debug_macro   0x00000000000284d3      0x20d Core/Src/system_stm32l4xx.o
 .debug_macro   0x00000000000286e0      0x220 Core/Src/tim.o
 .debug_macro   0x0000000000028900      0x220 Core/Src/usart.o
 .debug_macro   0x0000000000028b20      0x255 Drivers/STM32L4xx_HAL_Driver/Src/stm32l4xx_hal.o
 .debug_macro   0x0000000000028d75      0x207 Drivers/STM32L4xx_HAL_Driver/Src/stm32l4xx_hal_cortex.o
 .debug_macro   0x0000000000028f7c      0x246 Drivers/STM32L4xx_HAL_Driver/Src/stm32l4xx_hal_gpio.o
 .debug_macro   0x00000000000291c2      0x22b Drivers/STM32L4xx_HAL_Driver/Src/stm32l4xx_hal_pwr_ex.o
 .debug_macro   0x00000000000293ed      0x249 Drivers/STM32L4xx_HAL_Driver/Src/stm32l4xx_hal_rcc.o
 .debug_macro   0x0000000000029636      0x23d Drivers/STM32L4xx_HAL_Driver/Src/stm32l4xx_hal_rcc_ex.o
 .debug_macro   0x0000000000029873      0x208 Drivers/STM32L4xx_HAL_Driver/Src/stm32l4xx_hal_rtc.o
 .debug_macro   0x0000000000029a7b      0x207 Drivers/STM32L4xx_HAL_Driver/Src/stm32l4xx_hal_rtc_ex.o
 .debug_macro   0x0000000000029c82      0x20f Drivers/STM32L4xx_HAL_Driver/Src/stm32l4xx_hal_spi.o
 .debug_macro   0x0000000000029e91      0x208 Drivers/STM32L4xx_HAL_Driver/Src/stm32l4xx_hal_tim.o
 .debug_macro   0x000000000002a099      0x207 Drivers/STM32L4xx_HAL_Driver/Src/stm32l4xx_hal_tim_ex.o
 .debug_macro   0x000000000002a2a0      0x232 Drivers/STM32L4xx_HAL_Driver/Src/stm32l4xx_hal_uart.o

.debug_line     0x0000000000000000    0x123d4
 .debug_line    0x0000000000000000      0x8ef Core/Src/SX1278.o
 .debug_line    0x00000000000008ef      0x94c Core/Src/SX1278_hw.o
 .debug_line    0x000000000000123b      0x76c Core/Src/gpio.o
 .debug_line    0x00000000000019a7      0xaaa Core/Src/main.o